******************************************************************************
                  TI ARM Linker Unix v20.2.7                   
******************************************************************************
>> Linked Thu Mar 26 13:58:15 2026

OUTPUT FILE NAME:   </home/benni/School/ECE3849/LABS/build/lab0.out>
ENTRY POINT SYMBOL: "_c_int00_noargs"  address: 0000481d


MEMORY CONFIGURATION

         name            origin    length      used     unused   attr    fill
----------------------  --------  ---------  --------  --------  ----  --------
  FLASH                 00000000   00100000  00005b94  000fa46c  R  X
  SRAM                  20000000   00040000  000089b0  00037650  RW X


SEGMENT ALLOCATION MAP

run origin  load origin   length   init length attrs members
----------  ----------- ---------- ----------- ----- -------
00000000    00000000    00005b98   00005b98    r-x
  00000000    00000000    00000200   00000200    r-- .intvecs
  00000200    00000200    000048fe   000048fe    r-x .text
  00004b00    00004b00    00001052   00001052    r-- .const
  00005b54    00005b54    00000004   00000004    r-- .init_array
  00005b58    00005b58    00000040   00000040    r-- .cinit
20000000    20000000    000089b0   00000000    rw-
  20000000    20000000    00008028   00000000    rw- .data
  20008028    20008028    00000800   00000000    rw- .stack
  20008828    20008828    00000188   00000000    rw- .bss


SECTION ALLOCATION MAP

 output                                  attributes/
section   page    origin      length       input sections
--------  ----  ----------  ----------   ----------------
.intvecs   0    00000000    00000200     
                  00000000    00000200     startup_ccs.obj (.intvecs)

.text      0    00000200    000048fe     
                  00000200    00000a4e     rtsv7M4_T_le_v4SPD16_eabi.lib : _printfi.c.obj (.text:__TI_printfi)
                  00000c4e    00000002                                   : div0.asm.obj (.text)
                  00000c50    000008a2     grlib.lib : string.obj (.text)
                  000014f2    00000002     --HOLE-- [fill = 0]
                  000014f4    0000054c     main.obj (.text)
                  00001a40    0000052c     button.obj (.text)
                  00001f6c    00000418     grlib.lib : charmap.obj (.text)
                  00002384    0000036c     Crystalfontz.obj (.text)
                  000026f0    0000030c     timerLib.obj (.text)
                  000029fc    00000288     grlib.lib : line.obj (.text)
                  00002c84    00000270     rtsv7M4_T_le_v4SPD16_eabi.lib : _printfi.c.obj (.text:_pconv_a)
                  00002ef4    00000200     driverlib.lib : sysctl.obj (.text:SysCtlClockFreqSet)
                  000030f4    000001d0     rtsv7M4_T_le_v4SPD16_eabi.lib : _printfi.c.obj (.text:_pconv_g)
                  000032c4    000001b6                                   : fd_add_t2.asm.obj (.text)
                  0000347a    0000018e     grlib.lib : rectangle.obj (.text)
                  00003608    0000016c     driverlib.lib : gpio.obj (.text:GPIOPadConfigSet)
                  00003774    0000013c     HAL_display.obj (.text)
                  000038b0    0000013c     rtsv7M4_T_le_v4SPD16_eabi.lib : _printfi.c.obj (.text:_pconv_e)
                  000039ec    00000136                                   : fd_div_t2.asm.obj (.text)
                  00003b22    00000002     --HOLE-- [fill = 0]
                  00003b24    00000124                                   : _printfi.c.obj (.text:fcvt)
                  00003c48    00000110                                   : s_scalbn.c.obj (.text:scalbn)
                  00003d58    000000fc                                   : fd_mul_t2.asm.obj (.text)
                  00003e54    000000d4     grlib.lib : context.obj (.text)
                  00003f28    000000b1     rtsv7M4_T_le_v4SPD16_eabi.lib : _printfi.c.obj (.text:_ltostr)
                  00003fd9    00000001     --HOLE-- [fill = 0]
                  00003fda    0000009c                                   : memcpy_t2.asm.obj (.text)
                  00004076    00000096                                   : ull_div_t2.asm.obj (.text)
                  0000410c    00000086                                   : fd_cmp_t2.asm.obj (.text:__aeabi_cdcmple)
                  00004192    00000086                                   : fd_cmp_t2.asm.obj (.text:__aeabi_cdrcmple)
                  00004218    0000007a                                   : memset_t2.asm.obj (.text)
                  00004292    0000006e                                   : _printfi.c.obj (.text:_mcpy)
                  00004300    00000068                                   : copy_decompress_lzss.c.obj (.text:decompress:lzss:__TI_decompress_lzss)
                  00004368    00000064                                   : s_frexp.c.obj (.text:frexp)
                  000043cc    00000060     driverlib.lib : timer.obj (.text:TimerConfigure)
                  0000442c    00000060     rtsv7M4_T_le_v4SPD16_eabi.lib : autoinit.c.obj (.text:__TI_auto_init_nobinit:__TI_auto_init_nobinit)
                  0000448c    00000056                                   : _printfi.c.obj (.text:_pconv_f)
                  000044e2    00000054                                   : _ltoa.c.obj (.text:__TI_ltoa)
                  00004536    00000052                                   : _printfi.c.obj (.text:_ecpy)
                  00004588    0000004c     driverlib.lib : gpio.obj (.text:GPIOPinConfigure)
                  000045d4    0000004c     rtsv7M4_T_le_v4SPD16_eabi.lib : atoi.c.obj (.text:atoi)
                  00004620    0000004c                                   : snprintf.c.obj (.text:snprintf)
                  0000466c    00000048     driverlib.lib : sysctl.obj (.text:_SysCtlFrequencyGet)
                  000046b4    00000048     rtsv7M4_T_le_v4SPD16_eabi.lib : fd_toi_t2.asm.obj (.text)
                  000046fc    0000003e                                   : _printfi.c.obj (.text:_fcpy)
                  0000473a    0000003c     driverlib.lib : ssi.obj (.text:SSIConfigSetExpClk)
                  00004776    00000002     --HOLE-- [fill = 0]
                  00004778    00000038                   : sysctl.obj (.text:SysCtlPeripheralReady)
                  000047b0    00000036     rtsv7M4_T_le_v4SPD16_eabi.lib : strncpy.c.obj (.text:strncpy)
                  000047e6    00000002     --HOLE-- [fill = 0]
                  000047e8    00000034     driverlib.lib : sysctl.obj (.text:SysCtlPeripheralEnable)
                  0000481c    00000034     rtsv7M4_T_le_v4SPD16_eabi.lib : boot_cortex_m.c.obj (.text:_c_int00_noargs:_c_int00_noargs)
                  00004850    00000030                                   : snprintf.c.obj (.text:_outs)
                  00004880    0000002e                                   : i_tofd_t2.asm.obj (.text)
                  000048ae    0000002c     driverlib.lib : gpio.obj (.text:GPIODirModeSet)
                  000048da    00000002     --HOLE-- [fill = 0]
                  000048dc    00000020                   : sysctl.obj (.text:_SysCtlMemTimingGet)
                  000048fc    0000001c     rtsv7M4_T_le_v4SPD16_eabi.lib : copy_zero_init.c.obj (.text:decompress:ZI:__TI_zero_init_nomemset:__TI_zero_init_nomemset)
                  00004918    0000001c                                   : memccpy.c.obj (.text:memccpy)
                  00004934    0000001a     driverlib.lib : gpio.obj (.text:GPIOPinTypeGPIOOutput)
                  0000494e    0000001a     rtsv7M4_T_le_v4SPD16_eabi.lib : s_copysign.c.obj (.text:copysign)
                  00004968    00000018     driverlib.lib : timer.obj (.text:TimerDisable)
                  00004980    00000018     rtsv7M4_T_le_v4SPD16_eabi.lib : snprintf.c.obj (.text:_outc)
                  00004998    00000016     driverlib.lib : gpio.obj (.text:GPIOPinTypeGPIOInput)
                  000049ae    00000016                   : gpio.obj (.text:GPIOPinTypeSSI)
                  000049c4    00000016                   : timer.obj (.text:TimerValueGet64)
                  000049da    00000016     rtsv7M4_T_le_v4SPD16_eabi.lib : strchr.c.obj (.text:strchr)
                  000049f0    00000014                                   : strlen.c.obj (.text:strlen)
                  00004a04    00000012     driverlib.lib : timer.obj (.text:TimerLoadSet)
                  00004a16    00000012     rtsv7M4_T_le_v4SPD16_eabi.lib : wcslen.c.obj (.text:wcslen)
                  00004a28    00000010     driverlib.lib : fpu.obj (.text:FPUEnable)
                  00004a38    00000010                   : fpu.obj (.text:FPULazyStackingEnable)
                  00004a48    00000010                   : interrupt.obj (.text:IntMasterDisable)
                  00004a58    00000010                   : interrupt.obj (.text:IntMasterEnable)
                  00004a68    0000000e                   : timer.obj (.text:TimerEnable)
                  00004a76    0000000e     rtsv7M4_T_le_v4SPD16_eabi.lib : copy_decompress_none.c.obj (.text:decompress:none:__TI_decompress_none)
                  00004a84    0000000c     driverlib.lib : cpu.obj (.text:CPUcpsid)
                  00004a90    0000000c                   : cpu.obj (.text:CPUcpsie)
                  00004a9c    0000000c     startup_ccs.obj (.text)
                  00004aa8    0000000a     driverlib.lib : ssi.obj (.text:SSIDataPut)
                  00004ab2    0000000a                   : ssi.obj (.text:SSIEnable)
                  00004abc    0000000a                   : timer.obj (.text:TimerValueGet)
                  00004ac6    00000008                   : ssi.obj (.text:SSIBusy)
                  00004ace    00000002     --HOLE-- [fill = 0]
                  00004ad0    00000008     rtsv7M4_T_le_v4SPD16_eabi.lib : errno.c.obj (.text:__aeabi_errno_addr)
                  00004ad8    00000006     driverlib.lib : gpio.obj (.text:GPIOPinRead)
                  00004ade    00000006                   : gpio.obj (.text:GPIOPinWrite)
                  00004ae4    00000006                   : sysctl.obj (.text:SysCtlDelay)
                  00004aea    00000006                   : timer.obj (.text:TimerClockSourceSet)
                  00004af0    00000006                   : timer.obj (.text:TimerLoadSet64)
                  00004af6    00000004     rtsv7M4_T_le_v4SPD16_eabi.lib : pre_init.c.obj (.text:_system_pre_init)
                  00004afa    00000004                                   : exit.c.obj (.text:abort:abort)

.const     0    00004b00    00001052     
                  00004b00    000002f8     grlib.lib : fontfixed6x8.obj (.const:.string:g_pui8FontFixed6x8Data)
                  00004df8    000001b0     driverlib.lib : sysctl.obj (.const:g_pppui32XTALtoVCO)
                  00004fa8    00000101     rtsv7M4_T_le_v4SPD16_eabi.lib : ctype.c.obj (.const:.string:_ctypes_)
                  000050a9    00000001     --HOLE-- [fill = 0]
                  000050aa    00000100     grlib.lib : charmap.obj (.const:g_pui16WIN1250_Unicode)
                  000051aa    00000002     --HOLE-- [fill = 0]
                  000051ac    000000c8               : fontfixed6x8.obj (.const:g_sFontFixed6x8)
                  00005274    000000be               : charmap.obj (.const:g_pui16ISO8859_10_Unicode)
                  00005332    000000be               : charmap.obj (.const:g_pui16ISO8859_13_Unicode)
                  000053f0    000000be               : charmap.obj (.const:g_pui16ISO8859_16_Unicode)
                  000054ae    000000be               : charmap.obj (.const:g_pui16ISO8859_2_Unicode)
                  0000556c    000000be               : charmap.obj (.const:g_pui16ISO8859_3_Unicode)
                  0000562a    000000be               : charmap.obj (.const:g_pui16ISO8859_4_Unicode)
                  000056e8    00000090     driverlib.lib : gpio.obj (.const:g_pui32GPIOBaseAddrs)
                  00005778    00000080     grlib.lib : charmap.obj (.const:g_pui16WIN1251_Unicode)
                  000057f8    00000080               : charmap.obj (.const:g_pui16WIN1253_Unicode)
                  00005878    0000006c     driverlib.lib : sysctl.obj (.const:g_pui32Xtals)
                  000058e4    00000060     button.obj (.const:.string:digital_pin_to_bit_mask)
                  00005944    00000060     button.obj (.const:.string:digital_pin_to_port)
                  000059a4    00000040     grlib.lib : charmap.obj (.const:g_pui16WIN1252_Unicode)
                  000059e4    00000040               : charmap.obj (.const:g_pui16WIN1254_Unicode)
                  00005a24    00000040     button.obj (.const:port_to_base)
                  00005a64    0000003e     grlib.lib : charmap.obj (.const:g_pui16ISO8859_14_Unicode)
                  00005aa2    0000003a               : charmap.obj (.const:g_pui16ISO8859_7_Unicode)
                  00005adc    00000030     driverlib.lib : sysctl.obj (.const:g_sXTALtoMEMTIM)
                  00005b0c    00000028     Crystalfontz.obj (.const:g_sCrystalfontz128x128)
                  00005b34    00000010     grlib.lib : context.obj (.const:g_psDefaultCodePointMapTable)
                  00005b44    00000008     driverlib.lib : sysctl.obj (.const:g_pui32VCOFrequencies)
                  00005b4c    00000006     main.obj (.const:.string)

.cinit     0    00005b58    00000040     
                  00005b58    0000001b     (.cinit..data.load) [load image, compression = lzss]
                  00005b73    00000001     --HOLE-- [fill = 0]
                  00005b74    0000000c     (__TI_handler_table)
                  00005b80    00000008     (.cinit..bss.load) [load image, compression = zero_init]
                  00005b88    00000010     (__TI_cinit_table)

.init_array 
*          0    00005b54    00000004     
                  00005b54    00000004     main.obj (.init_array)

.data      0    20000000    00008028     UNINITIALIZED
                  20000000    00008000     Crystalfontz.obj (.data:Lcd_buffer)
                  20008000    00000018     main.obj (.data:btnStart)
                  20008018    00000009     main.obj (.data)
                  20008021    00000003     --HOLE--
                  20008024    00000004     rtsv7M4_T_le_v4SPD16_eabi.lib : errno.c.obj (.data)

.bss       0    20008828    00000188     UNINITIALIZED
                  20008828    000000b4     main.obj (.bss:btnPlayPause)
                  200088dc    000000b4     main.obj (.bss:btnReset)
                  20008990    00000012     grlib.lib : string.obj (.bss)
                  200089a2    00000002     (.common:Lcd_ScreenHeigth)
                  200089a4    00000004               : context.obj (.bss)
                  200089a8    00000002     (.common:Lcd_ScreenWidth)
                  200089aa    00000002     (.common:Lcd_TouchTrim)
                  200089ac    00000001     (.common:Lcd_FlagRead)
                  200089ad    00000001     (.common:Lcd_FontSolid)
                  200089ae    00000001     (.common:Lcd_Orientation)
                  200089af    00000001     (.common:Lcd_PenSolid)

.stack     0    20008028    00000800     UNINITIALIZED
                  20008028    00000004     rtsv7M4_T_le_v4SPD16_eabi.lib : boot_cortex_m.c.obj (.stack)
                  2000802c    000007fc     --HOLE--

__llvm_prf_cnts 
*          0    20000000    00000000     UNINITIALIZED

.binit     0    00000000    00000000     

MODULE SUMMARY

       Module                       code    ro data   rw data
       ------                       ----    -------   -------
    /home/benni/School/ECE3849/LABS/build/
       Crystalfontz.obj             876     40        32778  
       main.obj                     1356    10        393    
       button.obj                   1324    256       0      
       timerLib.obj                 780     0         0      
       startup_ccs.obj              12      512       0      
       HAL_display.obj              316     0         0      
    +--+----------------------------+-------+---------+---------+
       Total:                       4664    818       33171  
                                                             
    /home/benni/ti/ccs1281/ccs/tools/compiler/ti-cgt-arm_20.2.7.LTS/lib/rtsv7M4_T_le_v4SPD16_eabi.lib
       _printfi.c.obj               4851    0         0      
       fd_add_t2.asm.obj            438     0         0      
       fd_div_t2.asm.obj            310     0         0      
       s_scalbn.c.obj               272     0         0      
       fd_cmp_t2.asm.obj            268     0         0      
       ctype.c.obj                  0       257       0      
       fd_mul_t2.asm.obj            252     0         0      
       memcpy_t2.asm.obj            156     0         0      
       ull_div_t2.asm.obj           150     0         0      
       snprintf.c.obj               148     0         0      
       memset_t2.asm.obj            122     0         0      
       copy_decompress_lzss.c.obj   104     0         0      
       s_frexp.c.obj                100     0         0      
       autoinit.c.obj               96      0         0      
       _ltoa.c.obj                  84      0         0      
       atoi.c.obj                   76      0         0      
       fd_toi_t2.asm.obj            72      0         0      
       strncpy.c.obj                54      0         0      
       boot_cortex_m.c.obj          52      0         0      
       i_tofd_t2.asm.obj            46      0         0      
       copy_zero_init.c.obj         28      0         0      
       memccpy.c.obj                28      0         0      
       s_copysign.c.obj             26      0         0      
       strchr.c.obj                 22      0         0      
       strlen.c.obj                 20      0         0      
       wcslen.c.obj                 18      0         0      
       copy_decompress_none.c.obj   14      0         0      
       errno.c.obj                  8       0         4      
       exit.c.obj                   4       0         0      
       pre_init.c.obj               4       0         0      
       div0.asm.obj                 2       0         0      
    +--+----------------------------+-------+---------+---------+
       Total:                       7825    257       4      
                                                             
    /home/benni/ti/sw-tm4c-2.2.0.295/driverlib/ccs/Debug/driverlib.lib
       sysctl.obj                   730     596       0      
       gpio.obj                     566     144       0      
       timer.obj                    196     0         0      
       ssi.obj                      88      0         0      
       fpu.obj                      32      0         0      
       interrupt.obj                32      0         0      
       cpu.obj                      24      0         0      
    +--+----------------------------+-------+---------+---------+
       Total:                       1668    740       0      
                                                             
    /home/benni/ti/sw-tm4c-2.2.0.295/grlib/ccs/Debug/grlib.lib
       charmap.obj                  1048    1900      0      
       string.obj                   2210    0         18     
       fontfixed6x8.obj             0       960       0      
       line.obj                     648     0         0      
       rectangle.obj                398     0         0      
       context.obj                  212     16        4      
    +--+----------------------------+-------+---------+---------+
       Total:                       4516    2876      22     
                                                             
       Stack:                       0       0         2048   
       Linker Generated:            0       63        0      
    +--+----------------------------+-------+---------+---------+
       Grand Total:                 18673   4754      35245  


LINKER GENERATED COPY TABLES

__TI_cinit_table @ 00005b88 records: 2, size/record: 8, table size: 16
	.data: load addr=00005b58, load size=0000001b bytes, run addr=20000000, run size=00008028 bytes, compression=lzss
	.bss: load addr=00005b80, load size=00000008 bytes, run addr=20008828, run size=00000188 bytes, compression=zero_init


LINKER GENERATED HANDLER TABLE

__TI_handler_table @ 00005b74 records: 3, size/record: 4, table size: 12
	index: 0, handler: __TI_decompress_lzss
	index: 1, handler: __TI_decompress_none
	index: 2, handler: __TI_zero_init


GLOBAL SYMBOLS: SORTED ALPHABETICALLY BY Name 

address   name                                       
-------   ----                                       
00004afb  C$$EXIT                                    
00004a85  CPUcpsid                                   
00004a91  CPUcpsie                                   
00002631  Crystalfontz128x128_Init                   
000023c1  Crystalfontz128x128_SetDrawFrame           
00002385  Crystalfontz128x128_SetOrientation         
00004a29  FPUEnable                                  
00004a39  FPULazyStackingEnable                      
000048af  GPIODirModeSet                             
00003609  GPIOPadConfigSet                           
00004589  GPIOPinConfigure                           
00004ad9  GPIOPinRead                                
00004999  GPIOPinTypeGPIOInput                       
00004935  GPIOPinTypeGPIOOutput                      
000049af  GPIOPinTypeSSI                             
00004adf  GPIOPinWrite                               
000014e9  GrCodepageMapTableSet                      
00003eb5  GrContextClipRegionSet                     
000014e3  GrContextFontSet                           
00003e5b  GrContextInit                              
00001423  GrDefaultStringRenderer                    
000013f7  GrFontBaselineGet                          
000013a3  GrFontBlockCodepointsGet                   
00001053  GrFontCodepageGet                          
00000d15  GrFontGlyphDataGet                         
00001151  GrFontGlyphRender                          
00001125  GrFontHeightGet                            
00000d37  GrFontInfoGet                              
000010f5  GrFontMaxWidthGet                          
000010d1  GrFontNumBlocksGet                         
00003e55  GrLibInit                                  
00002b7f  GrLineDraw                                 
00002a43  GrLineDrawH                                
000029fd  GrLineDrawV                                
00002349  GrMapISO8859_10_Unicode                    
00002335  GrMapISO8859_11_Unicode                    
00002319  GrMapISO8859_13_Unicode                    
000022bd  GrMapISO8859_14_Unicode                    
00002257  GrMapISO8859_15_Unicode                    
0000223f  GrMapISO8859_16_Unicode                    
00002237  GrMapISO8859_1_Unicode                     
0000221f  GrMapISO8859_2_Unicode                     
00002207  GrMapISO8859_3_Unicode                     
000021ef  GrMapISO8859_4_Unicode                     
000021df  GrMapISO8859_5_Unicode                     
000021cb  GrMapISO8859_6_Unicode                     
000021a9  GrMapISO8859_7_Unicode                     
00002185  GrMapISO8859_8_Unicode                     
00001f6d  GrMapISO8859_9_Unicode                     
0000217f  GrMapUTF16BE_Unicode                       
00002179  GrMapUTF16LE_Unicode                       
00002073  GrMapUTF8_Unicode                          
0000204f  GrMapUnicode_Unicode                       
00002037  GrMapWIN1250_Unicode                       
00002015  GrMapWIN1251_Unicode                       
00001ff9  GrMapWIN1252_Unicode                       
00001fd7  GrMapWIN1253_Unicode                       
00001fb7  GrMapWIN1254_Unicode                       
000035a3  GrRectDraw                                 
0000351d  GrRectFill                                 
000034b3  GrRectIntersectGet                         
0000347b  GrRectOverlapCheck                         
000010bb  GrStringCodepageSet                        
0000103d  GrStringDraw                               
00000e29  GrStringGet                                
00000df5  GrStringLanguageSet                        
00000c51  GrStringNextCharGet                        
00000dc5  GrStringTableSet                           
00000d5d  GrStringWidthGet                           
00003825  HAL_LCD_PortInit                           
000037c7  HAL_LCD_SpiInit                            
0000378d  HAL_LCD_writeCommand                       
00003775  HAL_LCD_writeData                          
00004a49  IntMasterDisable                           
00004a59  IntMasterEnable                            
200089ac  Lcd_FlagRead                               
200089ad  Lcd_FontSolid                              
200089ae  Lcd_Orientation                            
200089af  Lcd_PenSolid                               
200089a2  Lcd_ScreenHeigth                           
200089a8  Lcd_ScreenWidth                            
200089aa  Lcd_TouchTrim                              
20000000  Lcd_buffer                                 
00004a9d  ResetISR                                   
00005b54  SHT$$INIT_ARRAY$$Base                      
00005b58  SHT$$INIT_ARRAY$$Limit                     
00004ac7  SSIBusy                                    
0000473b  SSIConfigSetExpClk                         
00004aa9  SSIDataPut                                 
00004ab3  SSIEnable                                  
00002ef5  SysCtlClockFreqSet                         
00004ae5  SysCtlDelay                                
000047e9  SysCtlPeripheralEnable                     
00004779  SysCtlPeripheralReady                      
00004aeb  TimerClockSourceSet                        
000043cd  TimerConfigure                             
00004969  TimerDisable                               
00004a69  TimerEnable                                
00004a05  TimerLoadSet                               
00004af1  TimerLoadSet64                             
00004abd  TimerValueGet                              
000049c5  TimerValueGet64                            
0000278b  _ZN5Timer10isWideBaseEj                    
000027e3  _ZN5Timer23enablePeripheralForBaseEj       
0000299d  _ZN5Timer4stopEv                           
000028f9  _ZN5Timer5beginEjj                         
00002767  _ZN5Timer5resetEv                          
0000274f  _ZN5TimerC1Ev                              
0000274f  _ZN5TimerC2Ev                              
00001f67  _ZN6Button10attachIdleEPFvvE               
00001f63  _ZN6Button10setClickMsEj                   
00001f5f  _ZN6Button10setPressMsEj                   
00001f55  _ZN6Button10wasPressedEv                   
00001f4f  _ZN6Button11attachClickEPFvPvES0_          
00001f4b  _ZN6Button11attachClickEPFvvE              
00001f45  _ZN6Button11attachPressEPFvPvES0_          
00001f41  _ZN6Button11attachPressEPFvvE              
00001f37  _ZN6Button11wasReleasedEv                  
00001c6d  _ZN6Button12readPhysicalEv                 
00001f31  _ZN6Button13attachReleaseEPFvvE            
00001f2d  _ZN6Button13setDebounceMsEi                
00001be9  _ZN6Button14applyPadConfigEv               
00001f1f  _ZN6Button15isDoubleClickedEv              
00001f0f  _ZN6Button16attachMultiClickEPFvPvES0_     
00001f01  _ZN6Button16attachMultiClickEPFvvE         
00001ef1  _ZN6Button17attachDoubleClickEPFvPvES0_    
00001ee3  _ZN6Button17attachDoubleClickEPFvvE        
00001edf  _ZN6Button17setTickIntervalMsEj            
00001ed5  _ZN6Button19attachLongPressStopEPFvPvES0_  
00001ecf  _ZN6Button19attachLongPressStopEPFvvE      
00001ec5  _ZN6Button20attachLongPressStartEPFvPvES0_ 
00001ebf  _ZN6Button20attachLongPressStartEPFvvE     
00001eb5  _ZN6Button21attachDuringLongPressEPFvPvES0_
00001eaf  _ZN6Button21attachDuringLongPressEPFvvE    
00001eab  _ZN6Button22setLongPressIntervalMsEj       
00001ca9  _ZN6Button3fsmEb                           
00001e71  _ZN6Button4tickEb                          
00001e33  _ZN6Button4tickEv                          
00001c3f  _ZN6Button5beginEv                         
00001c23  _ZN6Button5resetEv                         
00001c17  _ZN6Button7setPullE10ButtonPull            
00001ba1  _ZN6Button8debounceEb                      
00001b9d  _ZN6Button8newStateENS_12StateMachineE     
00001b99  _ZN6Button9setIdleMsEj                     
00001a65  _ZN6ButtonC1Ehjjj10ButtonPull              
00001a65  _ZN6ButtonC2Ehjjj10ButtonPull              
000026f1  _ZNK5Timer6microsEv                        
0000273d  _ZNK5Timer6millisEv                        
00001a5f  _ZNK6Button11getHoldTimeEv                 
00001a53  _ZNK6Button13isLongPressedEv               
00001a4f  _ZNK6Button15getNumberClicksEv             
00001a45  _ZNK6Button6isIdleEv                       
00001a41  _ZNK6Button9isPressedEv                    
20008828  __STACK_END                                
00000800  __STACK_SIZE                               
20008228  __STACK_TOP                                
00005b88  __TI_CINIT_Base                            
00005b98  __TI_CINIT_Limit                           
00005b74  __TI_Handler_Table_Base                    
00005b80  __TI_Handler_Table_Limit                   
0000442d  __TI_auto_init_nobinit                     
00004301  __TI_decompress_lzss                       
00004a77  __TI_decompress_none                       
000044e3  __TI_ltoa                                  
ffffffff  __TI_pprof_out_hndl                        
00000201  __TI_printfi                               
ffffffff  __TI_prof_data_size                        
ffffffff  __TI_prof_data_start                       
00000000  __TI_static_base__                         
000048fd  __TI_zero_init_nomemset                    
0000410d  __aeabi_cdcmpeq                            
0000410d  __aeabi_cdcmple                            
00004193  __aeabi_cdrcmple                           
000046b5  __aeabi_d2iz                               
000032cf  __aeabi_dadd                               
000039ed  __aeabi_ddiv                               
00003d59  __aeabi_dmul                               
000032c5  __aeabi_dsub                               
00004ad1  __aeabi_errno_addr                         
00004881  __aeabi_i2d                                
00000c4f  __aeabi_idiv0                              
00000c4f  __aeabi_ldiv0                              
00004219  __aeabi_memclr                             
00004219  __aeabi_memclr4                            
00004219  __aeabi_memclr8                            
00003fdb  __aeabi_memcpy                             
00003fdb  __aeabi_memcpy4                            
00003fdb  __aeabi_memcpy8                            
0000421b  __aeabi_memset                             
0000421b  __aeabi_memset4                            
0000421b  __aeabi_memset8                            
00004077  __aeabi_uldivmod                           
ffffffff  __binit__                                  
ffffffff  __c_args__                                 
UNDEFED   __mpu_init                                 
20008028  __stack                                    
20000000  __start___llvm_prf_cnts                    
000019f7  __sti___8_main_cpp_f9572fa8                
20000000  __stop___llvm_prf_cnts                     
0000481d  _c_int00_noargs                            
00004fa8  _ctypes_                                   
UNDEFED   _system_post_cinit                         
00004af7  _system_pre_init                           
00004afb  abort                                      
000045d5  atoi                                       
ffffffff  binit                                      
0000494f  copysign                                   
0000494f  copysignl                                  
20008024  errno                                      
00004369  frexp                                      
00004369  frexpl                                     
20008020  gRunning                                   
2000801c  gStopwatchMs                               
20008018  gSystemClock                               
00000000  g_pfnVectors                               
00005b34  g_psDefaultCodePointMapTable               
00005274  g_pui16ISO8859_10_Unicode                  
00005332  g_pui16ISO8859_13_Unicode                  
00005a64  g_pui16ISO8859_14_Unicode                  
000053f0  g_pui16ISO8859_16_Unicode                  
000054ae  g_pui16ISO8859_2_Unicode                   
0000556c  g_pui16ISO8859_3_Unicode                   
0000562a  g_pui16ISO8859_4_Unicode                   
00005aa2  g_pui16ISO8859_7_Unicode                   
000050aa  g_pui16WIN1250_Unicode                     
00005778  g_pui16WIN1251_Unicode                     
000059a4  g_pui16WIN1252_Unicode                     
000057f8  g_pui16WIN1253_Unicode                     
000059e4  g_pui16WIN1254_Unicode                     
00005b0c  g_sCrystalfontz128x128                     
000051ac  g_sFontFixed6x8                            
00003c49  ldexp                                      
00003c49  ldexpl                                     
00001839  main                                       
00004919  memccpy                                    
00003fdb  memcpy                                     
00004221  memset                                     
00003c49  scalbn                                     
00003c49  scalbnl                                    
00004621  snprintf                                   
000049db  strchr                                     
000049f1  strlen                                     
000047b1  strncpy                                    
00004a17  wcslen                                     


GLOBAL SYMBOLS: SORTED BY Symbol Address 

address   name                                       
-------   ----                                       
00000000  __TI_static_base__                         
00000000  g_pfnVectors                               
00000201  __TI_printfi                               
00000800  __STACK_SIZE                               
00000c4f  __aeabi_idiv0                              
00000c4f  __aeabi_ldiv0                              
00000c51  GrStringNextCharGet                        
00000d15  GrFontGlyphDataGet                         
00000d37  GrFontInfoGet                              
00000d5d  GrStringWidthGet                           
00000dc5  GrStringTableSet                           
00000df5  GrStringLanguageSet                        
00000e29  GrStringGet                                
0000103d  GrStringDraw                               
00001053  GrFontCodepageGet                          
000010bb  GrStringCodepageSet                        
000010d1  GrFontNumBlocksGet                         
000010f5  GrFontMaxWidthGet                          
00001125  GrFontHeightGet                            
00001151  GrFontGlyphRender                          
000013a3  GrFontBlockCodepointsGet                   
000013f7  GrFontBaselineGet                          
00001423  GrDefaultStringRenderer                    
000014e3  GrContextFontSet                           
000014e9  GrCodepageMapTableSet                      
00001839  main                                       
000019f7  __sti___8_main_cpp_f9572fa8                
00001a41  _ZNK6Button9isPressedEv                    
00001a45  _ZNK6Button6isIdleEv                       
00001a4f  _ZNK6Button15getNumberClicksEv             
00001a53  _ZNK6Button13isLongPressedEv               
00001a5f  _ZNK6Button11getHoldTimeEv                 
00001a65  _ZN6ButtonC1Ehjjj10ButtonPull              
00001a65  _ZN6ButtonC2Ehjjj10ButtonPull              
00001b99  _ZN6Button9setIdleMsEj                     
00001b9d  _ZN6Button8newStateENS_12StateMachineE     
00001ba1  _ZN6Button8debounceEb                      
00001be9  _ZN6Button14applyPadConfigEv               
00001c17  _ZN6Button7setPullE10ButtonPull            
00001c23  _ZN6Button5resetEv                         
00001c3f  _ZN6Button5beginEv                         
00001c6d  _ZN6Button12readPhysicalEv                 
00001ca9  _ZN6Button3fsmEb                           
00001e33  _ZN6Button4tickEv                          
00001e71  _ZN6Button4tickEb                          
00001eab  _ZN6Button22setLongPressIntervalMsEj       
00001eaf  _ZN6Button21attachDuringLongPressEPFvvE    
00001eb5  _ZN6Button21attachDuringLongPressEPFvPvES0_
00001ebf  _ZN6Button20attachLongPressStartEPFvvE     
00001ec5  _ZN6Button20attachLongPressStartEPFvPvES0_ 
00001ecf  _ZN6Button19attachLongPressStopEPFvvE      
00001ed5  _ZN6Button19attachLongPressStopEPFvPvES0_  
00001edf  _ZN6Button17setTickIntervalMsEj            
00001ee3  _ZN6Button17attachDoubleClickEPFvvE        
00001ef1  _ZN6Button17attachDoubleClickEPFvPvES0_    
00001f01  _ZN6Button16attachMultiClickEPFvvE         
00001f0f  _ZN6Button16attachMultiClickEPFvPvES0_     
00001f1f  _ZN6Button15isDoubleClickedEv              
00001f2d  _ZN6Button13setDebounceMsEi                
00001f31  _ZN6Button13attachReleaseEPFvvE            
00001f37  _ZN6Button11wasReleasedEv                  
00001f41  _ZN6Button11attachPressEPFvvE              
00001f45  _ZN6Button11attachPressEPFvPvES0_          
00001f4b  _ZN6Button11attachClickEPFvvE              
00001f4f  _ZN6Button11attachClickEPFvPvES0_          
00001f55  _ZN6Button10wasPressedEv                   
00001f5f  _ZN6Button10setPressMsEj                   
00001f63  _ZN6Button10setClickMsEj                   
00001f67  _ZN6Button10attachIdleEPFvvE               
00001f6d  GrMapISO8859_9_Unicode                     
00001fb7  GrMapWIN1254_Unicode                       
00001fd7  GrMapWIN1253_Unicode                       
00001ff9  GrMapWIN1252_Unicode                       
00002015  GrMapWIN1251_Unicode                       
00002037  GrMapWIN1250_Unicode                       
0000204f  GrMapUnicode_Unicode                       
00002073  GrMapUTF8_Unicode                          
00002179  GrMapUTF16LE_Unicode                       
0000217f  GrMapUTF16BE_Unicode                       
00002185  GrMapISO8859_8_Unicode                     
000021a9  GrMapISO8859_7_Unicode                     
000021cb  GrMapISO8859_6_Unicode                     
000021df  GrMapISO8859_5_Unicode                     
000021ef  GrMapISO8859_4_Unicode                     
00002207  GrMapISO8859_3_Unicode                     
0000221f  GrMapISO8859_2_Unicode                     
00002237  GrMapISO8859_1_Unicode                     
0000223f  GrMapISO8859_16_Unicode                    
00002257  GrMapISO8859_15_Unicode                    
000022bd  GrMapISO8859_14_Unicode                    
00002319  GrMapISO8859_13_Unicode                    
00002335  GrMapISO8859_11_Unicode                    
00002349  GrMapISO8859_10_Unicode                    
00002385  Crystalfontz128x128_SetOrientation         
000023c1  Crystalfontz128x128_SetDrawFrame           
00002631  Crystalfontz128x128_Init                   
000026f1  _ZNK5Timer6microsEv                        
0000273d  _ZNK5Timer6millisEv                        
0000274f  _ZN5TimerC1Ev                              
0000274f  _ZN5TimerC2Ev                              
00002767  _ZN5Timer5resetEv                          
0000278b  _ZN5Timer10isWideBaseEj                    
000027e3  _ZN5Timer23enablePeripheralForBaseEj       
000028f9  _ZN5Timer5beginEjj                         
0000299d  _ZN5Timer4stopEv                           
000029fd  GrLineDrawV                                
00002a43  GrLineDrawH                                
00002b7f  GrLineDraw                                 
00002ef5  SysCtlClockFreqSet                         
000032c5  __aeabi_dsub                               
000032cf  __aeabi_dadd                               
0000347b  GrRectOverlapCheck                         
000034b3  GrRectIntersectGet                         
0000351d  GrRectFill                                 
000035a3  GrRectDraw                                 
00003609  GPIOPadConfigSet                           
00003775  HAL_LCD_writeData                          
0000378d  HAL_LCD_writeCommand                       
000037c7  HAL_LCD_SpiInit                            
00003825  HAL_LCD_PortInit                           
000039ed  __aeabi_ddiv                               
00003c49  ldexp                                      
00003c49  ldexpl                                     
00003c49  scalbn                                     
00003c49  scalbnl                                    
00003d59  __aeabi_dmul                               
00003e55  GrLibInit                                  
00003e5b  GrContextInit                              
00003eb5  GrContextClipRegionSet                     
00003fdb  __aeabi_memcpy                             
00003fdb  __aeabi_memcpy4                            
00003fdb  __aeabi_memcpy8                            
00003fdb  memcpy                                     
00004077  __aeabi_uldivmod                           
0000410d  __aeabi_cdcmpeq                            
0000410d  __aeabi_cdcmple                            
00004193  __aeabi_cdrcmple                           
00004219  __aeabi_memclr                             
00004219  __aeabi_memclr4                            
00004219  __aeabi_memclr8                            
0000421b  __aeabi_memset                             
0000421b  __aeabi_memset4                            
0000421b  __aeabi_memset8                            
00004221  memset                                     
00004301  __TI_decompress_lzss                       
00004369  frexp                                      
00004369  frexpl                                     
000043cd  TimerConfigure                             
0000442d  __TI_auto_init_nobinit                     
000044e3  __TI_ltoa                                  
00004589  GPIOPinConfigure                           
000045d5  atoi                                       
00004621  snprintf                                   
000046b5  __aeabi_d2iz                               
0000473b  SSIConfigSetExpClk                         
00004779  SysCtlPeripheralReady                      
000047b1  strncpy                                    
000047e9  SysCtlPeripheralEnable                     
0000481d  _c_int00_noargs                            
00004881  __aeabi_i2d                                
000048af  GPIODirModeSet                             
000048fd  __TI_zero_init_nomemset                    
00004919  memccpy                                    
00004935  GPIOPinTypeGPIOOutput                      
0000494f  copysign                                   
0000494f  copysignl                                  
00004969  TimerDisable                               
00004999  GPIOPinTypeGPIOInput                       
000049af  GPIOPinTypeSSI                             
000049c5  TimerValueGet64                            
000049db  strchr                                     
000049f1  strlen                                     
00004a05  TimerLoadSet                               
00004a17  wcslen                                     
00004a29  FPUEnable                                  
00004a39  FPULazyStackingEnable                      
00004a49  IntMasterDisable                           
00004a59  IntMasterEnable                            
00004a69  TimerEnable                                
00004a77  __TI_decompress_none                       
00004a85  CPUcpsid                                   
00004a91  CPUcpsie                                   
00004a9d  ResetISR                                   
00004aa9  SSIDataPut                                 
00004ab3  SSIEnable                                  
00004abd  TimerValueGet                              
00004ac7  SSIBusy                                    
00004ad1  __aeabi_errno_addr                         
00004ad9  GPIOPinRead                                
00004adf  GPIOPinWrite                               
00004ae5  SysCtlDelay                                
00004aeb  TimerClockSourceSet                        
00004af1  TimerLoadSet64                             
00004af7  _system_pre_init                           
00004afb  C$$EXIT                                    
00004afb  abort                                      
00004fa8  _ctypes_                                   
000050aa  g_pui16WIN1250_Unicode                     
000051ac  g_sFontFixed6x8                            
00005274  g_pui16ISO8859_10_Unicode                  
00005332  g_pui16ISO8859_13_Unicode                  
000053f0  g_pui16ISO8859_16_Unicode                  
000054ae  g_pui16ISO8859_2_Unicode                   
0000556c  g_pui16ISO8859_3_Unicode                   
0000562a  g_pui16ISO8859_4_Unicode                   
00005778  g_pui16WIN1251_Unicode                     
000057f8  g_pui16WIN1253_Unicode                     
000059a4  g_pui16WIN1252_Unicode                     
000059e4  g_pui16WIN1254_Unicode                     
00005a64  g_pui16ISO8859_14_Unicode                  
00005aa2  g_pui16ISO8859_7_Unicode                   
00005b0c  g_sCrystalfontz128x128                     
00005b34  g_psDefaultCodePointMapTable               
00005b54  SHT$$INIT_ARRAY$$Base                      
00005b58  SHT$$INIT_ARRAY$$Limit                     
00005b74  __TI_Handler_Table_Base                    
00005b80  __TI_Handler_Table_Limit                   
00005b88  __TI_CINIT_Base                            
00005b98  __TI_CINIT_Limit                           
20000000  Lcd_buffer                                 
20000000  __start___llvm_prf_cnts                    
20000000  __stop___llvm_prf_cnts                     
20008018  gSystemClock                               
2000801c  gStopwatchMs                               
20008020  gRunning                                   
20008024  errno                                      
20008028  __stack                                    
20008228  __STACK_TOP                                
20008828  __STACK_END                                
200089a2  Lcd_ScreenHeigth                           
200089a8  Lcd_ScreenWidth                            
200089aa  Lcd_TouchTrim                              
200089ac  Lcd_FlagRead                               
200089ad  Lcd_FontSolid                              
200089ae  Lcd_Orientation                            
200089af  Lcd_PenSolid                               
ffffffff  __TI_pprof_out_hndl                        
ffffffff  __TI_prof_data_size                        
ffffffff  __TI_prof_data_start                       
ffffffff  __binit__                                  
ffffffff  __c_args__                                 
ffffffff  binit                                      
UNDEFED   __mpu_init                                 
UNDEFED   _system_post_cinit                         

[244 symbols]
