******************************************************************************
                  TI ARM Linker PC v20.2.7                     
******************************************************************************
>> Linked Thu Mar 19 14:55:36 2026

OUTPUT FILE NAME:   <lab0.out>
ENTRY POINT SYMBOL: "_c_int00_noargs"  address: 0000397d


MEMORY CONFIGURATION

         name            origin    length      used     unused   attr    fill
----------------------  --------  ---------  --------  --------  ----  --------
  FLASH                 00000000   00100000  00004884  000fb77c  R  X
  SRAM                  20000000   00040000  0000899e  00037662  RW X


SEGMENT ALLOCATION MAP

run origin  load origin   length   init length attrs members
----------  ----------- ---------- ----------- ----- -------
00000000    00000000    00004888   00004888    r-x
  00000000    00000000    00000200   00000200    r-- .intvecs
  00000200    00000200    00003d5a   00003d5a    r-x .text
  00003f5c    00003f5c    000008e6   000008e6    r-- .const
  00004844    00004844    00000004   00000004    r-- .init_array
  00004848    00004848    00000040   00000040    r-- .cinit
20000000    20000000    0000899e   00000000    rw-
  20000000    20000000    00008028   00000000    rw- .data
  20008028    20008028    00000800   00000000    rw- .stack
  20008828    20008828    00000176   00000000    rw- .bss


SECTION ALLOCATION MAP

 output                                  attributes/
section   page    origin      length       input sections
--------  ----  ----------  ----------   ----------------
.intvecs   0    00000000    00000200     
                  00000000    00000200     startup_ccs.obj (.intvecs)

.text      0    00000200    00003d5a     
                  00000200    00000a4e     rtsv7M4_T_le_v4SPD16_eabi.lib : _printfi.c.obj (.text:__TI_printfi)
                  00000c4e    00000002     startup_ccs.obj (.text:FaultISR)
                  00000c50    00000270     rtsv7M4_T_le_v4SPD16_eabi.lib : _printfi.c.obj (.text:_pconv_a)
                  00000ec0    00000252     grlib.lib : string.obj (.text:GrFontGlyphRender)
                  00001112    00000002     startup_ccs.obj (.text:IntDefaultHandler)
                  00001114    00000200     driverlib.lib : sysctl.obj (.text:SysCtlClockFreqSet)
                  00001314    000001d8     main.obj (.text:main)
                  000014ec    000001d0     rtsv7M4_T_le_v4SPD16_eabi.lib : _printfi.c.obj (.text:_pconv_g)
                  000016bc    000001b6                                   : fd_add_t2.asm.obj (.text)
                  00001872    00000002     startup_ccs.obj (.text:NmiSR)
                  00001874    000001a8     main.obj (.text:_ZN29_INTERNAL_8_main_cpp_f9572fa819drawStopwatchScreenER9_tContextjb)
                  00001a1c    0000018a     button.obj (.text:_ZN6Button3fsmEb)
                  00001ba6    00000002     rtsv7M4_T_le_v4SPD16_eabi.lib : div0.asm.obj (.text)
                  00001ba8    0000016c     driverlib.lib : gpio.obj (.text:GPIOPadConfigSet)
                  00001d14    00000154     timerLib.obj (.text:_ZN5Timer23enablePeripheralForBaseEj)
                  00001e68    00000144     button.obj (.text:_ZN6ButtonC1Ehjjj10ButtonPull)
                  00001fac    0000013c     rtsv7M4_T_le_v4SPD16_eabi.lib : _printfi.c.obj (.text:_pconv_e)
                  000020e8    00000136                                   : fd_div_t2.asm.obj (.text)
                  0000221e    00000002     --HOLE-- [fill = 0]
                  00002220    00000124                                   : _printfi.c.obj (.text:fcvt)
                  00002344    00000110                                   : s_scalbn.c.obj (.text:scalbn)
                  00002454    000000fc                                   : fd_mul_t2.asm.obj (.text)
                  00002550    000000cc     main.obj (.text:_ZN29_INTERNAL_8_main_cpp_f9572fa810drawButtonER9_tContextRK8MyButton)
                  0000261c    000000c8     Crystalfontz128x128_ST7735.obj (.text:Crystalfontz128x128_PixelDrawMultiple)
                  000026e4    000000c0     grlib.lib : string.obj (.text:GrDefaultStringRenderer)
                  000027a4    000000bc     Crystalfontz128x128_ST7735.obj (.text:Crystalfontz128x128_Init)
                  00002860    000000b1     rtsv7M4_T_le_v4SPD16_eabi.lib : _printfi.c.obj (.text:_ltostr)
                  00002911    00000003     --HOLE-- [fill = 0]
                  00002914    000000a8     timerLib.obj (.text:_ZN5Timer5beginEjj)
                  000029bc    0000009c     rtsv7M4_T_le_v4SPD16_eabi.lib : memcpy_t2.asm.obj (.text)
                  00002a58    00000096                                   : ull_div_t2.asm.obj (.text)
                  00002aee    00000002     --HOLE-- [fill = 0]
                  00002af0    0000008c     Crystalfontz128x128_ST7735.obj (.text:Crystalfontz128x128_SetDrawFrame)
                  00002b7c    00000086     grlib.lib : rectangle.obj (.text:GrRectFill)
                  00002c02    00000086     rtsv7M4_T_le_v4SPD16_eabi.lib : fd_cmp_t2.asm.obj (.text:__aeabi_cdcmple)
                  00002c88    00000086                                   : fd_cmp_t2.asm.obj (.text:__aeabi_cdrcmple)
                  00002d0e    00000002     --HOLE-- [fill = 0]
                  00002d10    0000007c     HAL_EK_TM4C1294XL_Crystalfontz128x128_ST7735.obj (.text:HAL_LCD_PortInit)
                  00002d8c    0000007c     HAL_EK_TM4C1294XL_Crystalfontz128x128_ST7735.obj (.text:HAL_LCD_SpiInit)
                  00002e08    0000007a     rtsv7M4_T_le_v4SPD16_eabi.lib : memset_t2.asm.obj (.text)
                  00002e82    00000002     --HOLE-- [fill = 0]
                  00002e84    00000070     Crystalfontz128x128_ST7735.obj (.text:Crystalfontz128x128_RectFill)
                  00002ef4    0000006e     rtsv7M4_T_le_v4SPD16_eabi.lib : _printfi.c.obj (.text:_mcpy)
                  00002f62    00000002     --HOLE-- [fill = 0]
                  00002f64    00000068     grlib.lib : context.obj (.text:GrContextInit)
                  00002fcc    00000068               : string.obj (.text:GrStringWidthGet)
                  00003034    00000068     rtsv7M4_T_le_v4SPD16_eabi.lib : copy_decompress_lzss.c.obj (.text:decompress:lzss:__TI_decompress_lzss)
                  0000309c    00000066     grlib.lib : rectangle.obj (.text:GrRectDraw)
                  00003102    00000002     --HOLE-- [fill = 0]
                  00003104    00000064     rtsv7M4_T_le_v4SPD16_eabi.lib : s_frexp.c.obj (.text:frexp)
                  00003168    00000060     driverlib.lib : timer.obj (.text:TimerConfigure)
                  000031c8    00000060     rtsv7M4_T_le_v4SPD16_eabi.lib : autoinit.c.obj (.text:__TI_auto_init_nobinit:__TI_auto_init_nobinit)
                  00003228    0000005a     grlib.lib : string.obj (.text:FontWideGlyphDataGet)
                  00003282    00000056     rtsv7M4_T_le_v4SPD16_eabi.lib : _printfi.c.obj (.text:_pconv_f)
                  000032d8    00000054                                   : _ltoa.c.obj (.text:__TI_ltoa)
                  0000332c    00000052                                   : _printfi.c.obj (.text:_ecpy)
                  0000337e    00000002     --HOLE-- [fill = 0]
                  00003380    00000050     main.obj (.text:_ZN29_INTERNAL_8_main_cpp_f9572fa817initializeDisplayER9_tContext)
                  000033d0    0000004c     driverlib.lib : gpio.obj (.text:GPIOPinConfigure)
                  0000341c    0000004c     timerLib.obj (.text:_ZNK5Timer6microsEv)
                  00003468    0000004c     rtsv7M4_T_le_v4SPD16_eabi.lib : atoi.c.obj (.text:atoi)
                  000034b4    0000004c                                   : snprintf.c.obj (.text:snprintf)
                  00003500    0000004a     grlib.lib : string.obj (.text:UpdateContextCharMapping)
                  0000354a    00000002     --HOLE-- [fill = 0]
                  0000354c    00000048     driverlib.lib : sysctl.obj (.text:_SysCtlFrequencyGet)
                  00003594    00000048     button.obj (.text:_ZN6Button8debounceEb)
                  000035dc    00000048     rtsv7M4_T_le_v4SPD16_eabi.lib : fd_toi_t2.asm.obj (.text)
                  00003624    00000046     grlib.lib : line.obj (.text:GrLineDrawH)
                  0000366a    00000046               : line.obj (.text:GrLineDrawV)
                  000036b0    00000044     HAL_EK_TM4C1294XL_Crystalfontz128x128_ST7735.obj (.text:HAL_LCD_writeCommand)
                  000036f4    00000040     Crystalfontz128x128_ST7735.obj (.text:Crystalfontz128x128_LineDrawH)
                  00003734    00000040     Crystalfontz128x128_ST7735.obj (.text:Crystalfontz128x128_SetOrientation)
                  00003774    0000003e     button.obj (.text:_ZN6Button4tickEv)
                  000037b2    0000003e     rtsv7M4_T_le_v4SPD16_eabi.lib : _printfi.c.obj (.text:_fcpy)
                  000037f0    0000003c     grlib.lib : string.obj (.text:FontGlyphDataGet)
                  0000382c    0000003c     driverlib.lib : ssi.obj (.text:SSIConfigSetExpClk)
                  00003868    00000038     Crystalfontz128x128_ST7735.obj (.text:Crystalfontz128x128_Flush)
                  000038a0    00000038     driverlib.lib : sysctl.obj (.text:SysCtlPeripheralReady)
                  000038d8    00000038     main.obj (.text:_ZN29_INTERNAL_8_main_cpp_f9572fa816onPlayPauseClickEv)
                  00003910    00000036     rtsv7M4_T_le_v4SPD16_eabi.lib : strncpy.c.obj (.text:strncpy)
                  00003946    00000002     --HOLE-- [fill = 0]
                  00003948    00000034     driverlib.lib : sysctl.obj (.text:SysCtlPeripheralEnable)
                  0000397c    00000034     rtsv7M4_T_le_v4SPD16_eabi.lib : boot_cortex_m.c.obj (.text:_c_int00_noargs:_c_int00_noargs)
                  000039b0    00000030     timerLib.obj (.text:_ZN34_INTERNAL_12_timerLib_cpp_b416d18a11periphReadyEj)
                  000039e0    00000030     timerLib.obj (.text:_ZN5Timer10isWideBaseEj)
                  00003a10    00000030     main.obj (.text:__sti___8_main_cpp_f9572fa8)
                  00003a40    00000030     rtsv7M4_T_le_v4SPD16_eabi.lib : snprintf.c.obj (.text:_outs)
                  00003a70    0000002e     grlib.lib : string.obj (.text:GrStringNextCharGet)
                  00003a9e    0000002e     button.obj (.text:_ZN6Button14applyPadConfigEv)
                  00003acc    0000002e     button.obj (.text:_ZN6Button5beginEv)
                  00003afa    0000002e     rtsv7M4_T_le_v4SPD16_eabi.lib : i_tofd_t2.asm.obj (.text)
                  00003b28    0000002c     driverlib.lib : gpio.obj (.text:GPIODirModeSet)
                  00003b54    0000002c     grlib.lib : string.obj (.text:GrFontBaselineGet)
                  00003b80    0000002a     button.obj (.text:_ZN6Button12readPhysicalEv)
                  00003baa    00000026     grlib.lib : string.obj (.text:GrFontInfoGet)
                  00003bd0    00000022               : string.obj (.text:GrFontGlyphDataGet)
                  00003bf2    00000002     --HOLE-- [fill = 0]
                  00003bf4    00000020     driverlib.lib : sysctl.obj (.text:_SysCtlMemTimingGet)
                  00003c14    00000020     main.obj (.text:_ZN29_INTERNAL_8_main_cpp_f9572fa812setupButtonsEv)
                  00003c34    0000001e     Crystalfontz128x128_ST7735.obj (.text:Crystalfontz128x128_ColorTranslate)
                  00003c52    0000001e     grlib.lib : string.obj (.text:GrFontCodepageGet)
                  00003c70    0000001c     Crystalfontz128x128_ST7735.obj (.text:Crystalfontz128x128_LineDrawV)
                  00003c8c    0000001c     HAL_EK_TM4C1294XL_Crystalfontz128x128_ST7735.obj (.text:HAL_LCD_writeData)
                  00003ca8    0000001c     button.obj (.text:_ZN6Button5resetEv)
                  00003cc4    0000001c     rtsv7M4_T_le_v4SPD16_eabi.lib : copy_zero_init.c.obj (.text:decompress:ZI:__TI_zero_init_nomemset:__TI_zero_init_nomemset)
                  00003ce0    0000001c                                   : memccpy.c.obj (.text:memccpy)
                  00003cfc    0000001a     driverlib.lib : gpio.obj (.text:GPIOPinTypeGPIOOutput)
                  00003d16    0000001a     rtsv7M4_T_le_v4SPD16_eabi.lib : s_copysign.c.obj (.text:copysign)
                  00003d30    00000018     driverlib.lib : timer.obj (.text:TimerDisable)
                  00003d48    00000018     timerLib.obj (.text:_ZN5TimerC1Ev)
                  00003d60    00000018     rtsv7M4_T_le_v4SPD16_eabi.lib : snprintf.c.obj (.text:_outc)
                  00003d78    00000016     driverlib.lib : gpio.obj (.text:GPIOPinTypeGPIOInput)
                  00003d8e    00000016                   : gpio.obj (.text:GPIOPinTypeSSI)
                  00003da4    00000016     grlib.lib : string.obj (.text:GrStringDraw)
                  00003dba    00000016     driverlib.lib : timer.obj (.text:TimerValueGet64)
                  00003dd0    00000016     rtsv7M4_T_le_v4SPD16_eabi.lib : strchr.c.obj (.text:strchr)
                  00003de6    00000002     --HOLE-- [fill = 0]
                  00003de8    00000014     Crystalfontz128x128_ST7735.obj (.text:Crystalfontz128x128_PixelDraw)
                  00003dfc    00000014     main.obj (.text:_ZN29_INTERNAL_8_main_cpp_f9572fa814configureTimerER5Timer)
                  00003e10    00000014     rtsv7M4_T_le_v4SPD16_eabi.lib : strlen.c.obj (.text:strlen)
                  00003e24    00000012     driverlib.lib : timer.obj (.text:TimerLoadSet)
                  00003e36    00000012     timerLib.obj (.text:_ZNK5Timer6millisEv)
                  00003e48    00000012     rtsv7M4_T_le_v4SPD16_eabi.lib : wcslen.c.obj (.text:wcslen)
                  00003e5a    00000002     --HOLE-- [fill = 0]
                  00003e5c    00000010     driverlib.lib : fpu.obj (.text:FPUEnable)
                  00003e6c    00000010                   : fpu.obj (.text:FPULazyStackingEnable)
                  00003e7c    00000010                   : interrupt.obj (.text:IntMasterDisable)
                  00003e8c    00000010                   : interrupt.obj (.text:IntMasterEnable)
                  00003e9c    0000000e                   : timer.obj (.text:TimerEnable)
                  00003eaa    0000000e     rtsv7M4_T_le_v4SPD16_eabi.lib : copy_decompress_none.c.obj (.text:decompress:none:__TI_decompress_none)
                  00003eb8    0000000c     driverlib.lib : cpu.obj (.text:CPUcpsid)
                  00003ec4    0000000c                   : cpu.obj (.text:CPUcpsie)
                  00003ed0    0000000a                   : ssi.obj (.text:SSIDataPut)
                  00003eda    0000000a                   : ssi.obj (.text:SSIEnable)
                  00003ee4    0000000a                   : timer.obj (.text:TimerValueGet)
                  00003eee    0000000a     button.obj (.text:_ZN6Button10wasPressedEv)
                  00003ef8    0000000a     button.obj (.text:_ZN6Button11wasReleasedEv)
                  00003f02    00000008     grlib.lib : charmap.obj (.text:GrMapISO8859_1_Unicode)
                  00003f0a    00000008     driverlib.lib : ssi.obj (.text:SSIBusy)
                  00003f12    00000002     --HOLE-- [fill = 0]
                  00003f14    00000008     rtsv7M4_T_le_v4SPD16_eabi.lib : errno.c.obj (.text:__aeabi_errno_addr)
                  00003f1c    00000006     driverlib.lib : gpio.obj (.text:GPIOPinRead)
                  00003f22    00000006                   : gpio.obj (.text:GPIOPinWrite)
                  00003f28    00000006     grlib.lib : string.obj (.text:GrContextFontSet)
                  00003f2e    00000006     startup_ccs.obj (.text:ResetISR)
                  00003f34    00000006     driverlib.lib : sysctl.obj (.text:SysCtlDelay)
                  00003f3a    00000006                   : timer.obj (.text:TimerClockSourceSet)
                  00003f40    00000006                   : timer.obj (.text:TimerLoadSet64)
                  00003f46    00000004     button.obj (.text:_ZN6Button13setDebounceMsEi)
                  00003f4a    00000004     button.obj (.text:_ZN6Button17setTickIntervalMsEj)
                  00003f4e    00000004     button.obj (.text:_ZN6Button8newStateENS_12StateMachineE)
                  00003f52    00000004     rtsv7M4_T_le_v4SPD16_eabi.lib : pre_init.c.obj (.text:_system_pre_init)
                  00003f56    00000004                                   : exit.c.obj (.text:abort:abort)

.const     0    00003f5c    000008e6     
                  00003f5c    000002f8     grlib.lib : fontfixed6x8.obj (.const:.string:g_pui8FontFixed6x8Data)
                  00004254    000001b0     driverlib.lib : sysctl.obj (.const:g_pppui32XTALtoVCO)
                  00004404    00000101     rtsv7M4_T_le_v4SPD16_eabi.lib : ctype.c.obj (.const:.string:_ctypes_)
                  00004505    00000003     --HOLE-- [fill = 0]
                  00004508    000000c8     grlib.lib : fontfixed6x8.obj (.const:g_sFontFixed6x8)
                  000045d0    00000090     driverlib.lib : gpio.obj (.const:g_pui32GPIOBaseAddrs)
                  00004660    0000006c                   : sysctl.obj (.const:g_pui32Xtals)
                  000046cc    00000060     button.obj (.const:.string:digital_pin_to_bit_mask)
                  0000472c    00000060     button.obj (.const:.string:digital_pin_to_port)
                  0000478c    00000040     button.obj (.const:port_to_base)
                  000047cc    00000030     driverlib.lib : sysctl.obj (.const:g_sXTALtoMEMTIM)
                  000047fc    00000028     Crystalfontz128x128_ST7735.obj (.const:g_sCrystalfontz128x128)
                  00004824    00000010     grlib.lib : context.obj (.const:g_psDefaultCodePointMapTable)
                  00004834    00000008     driverlib.lib : sysctl.obj (.const:g_pui32VCOFrequencies)
                  0000483c    00000006     main.obj (.const:.string)

.cinit     0    00004848    00000040     
                  00004848    0000001b     (.cinit..data.load) [load image, compression = lzss]
                  00004863    00000001     --HOLE-- [fill = 0]
                  00004864    0000000c     (__TI_handler_table)
                  00004870    00000008     (.cinit..bss.load) [load image, compression = zero_init]
                  00004878    00000010     (__TI_cinit_table)

.init_array 
*          0    00004844    00000004     
                  00004844    00000004     main.obj (.init_array)

.data      0    20000000    00008028     UNINITIALIZED
                  20000000    00008000     Crystalfontz128x128_ST7735.obj (.data:Lcd_buffer)
                  20008000    00000018     main.obj (.data:btnStart)
                  20008018    00000009     main.obj (.data)
                  20008021    00000003     --HOLE--
                  20008024    00000004     rtsv7M4_T_le_v4SPD16_eabi.lib : errno.c.obj (.data)

.bss       0    20008828    00000176     UNINITIALIZED
                  20008828    000000b4     main.obj (.bss:btnPlayPause)
                  200088dc    000000b4     main.obj (.bss:btnReset)
                  20008990    00000004     grlib.lib : context.obj (.bss)
                  20008994    00000002     (.common:Lcd_ScreenHeigth)
                  20008996    00000002     (.common:Lcd_ScreenWidth)
                  20008998    00000002     (.common:Lcd_TouchTrim)
                  2000899a    00000001     (.common:Lcd_FlagRead)
                  2000899b    00000001     (.common:Lcd_FontSolid)
                  2000899c    00000001     (.common:Lcd_Orientation)
                  2000899d    00000001     (.common:Lcd_PenSolid)

.stack     0    20008028    00000800     UNINITIALIZED
                  20008028    00000004     rtsv7M4_T_le_v4SPD16_eabi.lib : boot_cortex_m.c.obj (.stack)
                  2000802c    000007fc     --HOLE--

__llvm_prf_cnts 
*          0    20000000    00000000     UNINITIALIZED

.binit     0    00000000    00000000     

MODULE SUMMARY

       Module                                             code    ro data   rw data
       ------                                             ----    -------   -------
    .\
       main.obj                                           1336    10        393    
       startup_ccs.obj                                    12      512       0      
    +--+--------------------------------------------------+-------+---------+---------+
       Total:                                             1348    522       393    
                                                                                   
    .\libraries\buttonsDriver\
       button.obj                                         1046    256       0      
    +--+--------------------------------------------------+-------+---------+---------+
       Total:                                             1046    256       0      
                                                                                   
    .\libraries\display\
       Crystalfontz128x128_ST7735.obj                     902     40        32778  
       HAL_EK_TM4C1294XL_Crystalfontz128x128_ST7735.obj   344     0         0      
    +--+--------------------------------------------------+-------+---------+---------+
       Total:                                             1246    40        32778  
                                                                                   
    .\libraries\timerLib\
       timerLib.obj                                       722     0         0      
    +--+--------------------------------------------------+-------+---------+---------+
       Total:                                             722     0         0      
                                                                                   
    C:/ti/TivaWare_C_Series-2.2.0.295/driverlib/ccs/Debug/driverlib.lib
       sysctl.obj                                         730     596       0      
       gpio.obj                                           566     144       0      
       timer.obj                                          196     0         0      
       ssi.obj                                            88      0         0      
       fpu.obj                                            32      0         0      
       interrupt.obj                                      32      0         0      
       cpu.obj                                            24      0         0      
    +--+--------------------------------------------------+-------+---------+---------+
       Total:                                             1668    740       0      
                                                                                   
    C:/ti/TivaWare_C_Series-2.2.0.295/grlib/ccs/Debug/grlib.lib
       string.obj                                         1334    0         0      
       fontfixed6x8.obj                                   0       960       0      
       rectangle.obj                                      236     0         0      
       line.obj                                           140     0         0      
       context.obj                                        104     16        4      
       charmap.obj                                        8       0         0      
    +--+--------------------------------------------------+-------+---------+---------+
       Total:                                             1822    976       4      
                                                                                   
    C:\ti\ccs1281\ccs\tools\compiler\ti-cgt-arm_20.2.7.LTS\lib\rtsv7M4_T_le_v4SPD16_eabi.lib
       _printfi.c.obj                                     4851    0         0      
       fd_add_t2.asm.obj                                  438     0         0      
       fd_div_t2.asm.obj                                  310     0         0      
       s_scalbn.c.obj                                     272     0         0      
       fd_cmp_t2.asm.obj                                  268     0         0      
       ctype.c.obj                                        0       257       0      
       fd_mul_t2.asm.obj                                  252     0         0      
       memcpy_t2.asm.obj                                  156     0         0      
       ull_div_t2.asm.obj                                 150     0         0      
       snprintf.c.obj                                     148     0         0      
       memset_t2.asm.obj                                  122     0         0      
       copy_decompress_lzss.c.obj                         104     0         0      
       s_frexp.c.obj                                      100     0         0      
       autoinit.c.obj                                     96      0         0      
       _ltoa.c.obj                                        84      0         0      
       atoi.c.obj                                         76      0         0      
       fd_toi_t2.asm.obj                                  72      0         0      
       strncpy.c.obj                                      54      0         0      
       boot_cortex_m.c.obj                                52      0         0      
       i_tofd_t2.asm.obj                                  46      0         0      
       copy_zero_init.c.obj                               28      0         0      
       memccpy.c.obj                                      28      0         0      
       s_copysign.c.obj                                   26      0         0      
       strchr.c.obj                                       22      0         0      
       strlen.c.obj                                       20      0         0      
       wcslen.c.obj                                       18      0         0      
       copy_decompress_none.c.obj                         14      0         0      
       errno.c.obj                                        8       0         4      
       exit.c.obj                                         4       0         0      
       pre_init.c.obj                                     4       0         0      
       div0.asm.obj                                       2       0         0      
    +--+--------------------------------------------------+-------+---------+---------+
       Total:                                             7825    257       4      
                                                                                   
       Stack:                                             0       0         2048   
       Linker Generated:                                  0       63        0      
    +--+--------------------------------------------------+-------+---------+---------+
       Grand Total:                                       15677   2854      35227  


LINKER GENERATED COPY TABLES

__TI_cinit_table @ 00004878 records: 2, size/record: 8, table size: 16
	.data: load addr=00004848, load size=0000001b bytes, run addr=20000000, run size=00008028 bytes, compression=lzss
	.bss: load addr=00004870, load size=00000008 bytes, run addr=20008828, run size=00000176 bytes, compression=zero_init


LINKER GENERATED HANDLER TABLE

__TI_handler_table @ 00004864 records: 3, size/record: 4, table size: 12
	index: 0, handler: __TI_decompress_lzss
	index: 1, handler: __TI_decompress_none
	index: 2, handler: __TI_zero_init


GLOBAL SYMBOLS: SORTED ALPHABETICALLY BY Name 

address   name                                  
-------   ----                                  
00003f57  C$$EXIT                               
00003eb9  CPUcpsid                              
00003ec5  CPUcpsie                              
000027a5  Crystalfontz128x128_Init              
00002af1  Crystalfontz128x128_SetDrawFrame      
00003735  Crystalfontz128x128_SetOrientation    
00003e5d  FPUEnable                             
00003e6d  FPULazyStackingEnable                 
00003b29  GPIODirModeSet                        
00001ba9  GPIOPadConfigSet                      
000033d1  GPIOPinConfigure                      
00003f1d  GPIOPinRead                           
00003d79  GPIOPinTypeGPIOInput                  
00003cfd  GPIOPinTypeGPIOOutput                 
00003d8f  GPIOPinTypeSSI                        
00003f23  GPIOPinWrite                          
00003f29  GrContextFontSet                      
00002f65  GrContextInit                         
000026e5  GrDefaultStringRenderer               
00003b55  GrFontBaselineGet                     
00003c53  GrFontCodepageGet                     
00003bd1  GrFontGlyphDataGet                    
00000ec1  GrFontGlyphRender                     
00003bab  GrFontInfoGet                         
00003625  GrLineDrawH                           
0000366b  GrLineDrawV                           
00003f03  GrMapISO8859_1_Unicode                
0000309d  GrRectDraw                            
00002b7d  GrRectFill                            
00003da5  GrStringDraw                          
00003a71  GrStringNextCharGet                   
00002fcd  GrStringWidthGet                      
00002d11  HAL_LCD_PortInit                      
00002d8d  HAL_LCD_SpiInit                       
000036b1  HAL_LCD_writeCommand                  
00003c8d  HAL_LCD_writeData                     
00003e7d  IntMasterDisable                      
00003e8d  IntMasterEnable                       
2000899a  Lcd_FlagRead                          
2000899b  Lcd_FontSolid                         
2000899c  Lcd_Orientation                       
2000899d  Lcd_PenSolid                          
20008994  Lcd_ScreenHeigth                      
20008996  Lcd_ScreenWidth                       
20008998  Lcd_TouchTrim                         
20000000  Lcd_buffer                            
00003f2f  ResetISR                              
00004844  SHT$$INIT_ARRAY$$Base                 
00004848  SHT$$INIT_ARRAY$$Limit                
00003f0b  SSIBusy                               
0000382d  SSIConfigSetExpClk                    
00003ed1  SSIDataPut                            
00003edb  SSIEnable                             
00001115  SysCtlClockFreqSet                    
00003f35  SysCtlDelay                           
00003949  SysCtlPeripheralEnable                
000038a1  SysCtlPeripheralReady                 
00003f3b  TimerClockSourceSet                   
00003169  TimerConfigure                        
00003d31  TimerDisable                          
00003e9d  TimerEnable                           
00003e25  TimerLoadSet                          
00003f41  TimerLoadSet64                        
00003ee5  TimerValueGet                         
00003dbb  TimerValueGet64                       
000039e1  _ZN5Timer10isWideBaseEj               
00001d15  _ZN5Timer23enablePeripheralForBaseEj  
00002915  _ZN5Timer5beginEjj                    
00003d49  _ZN5TimerC1Ev                         
00003d49  _ZN5TimerC2Ev                         
00003eef  _ZN6Button10wasPressedEv              
00003ef9  _ZN6Button11wasReleasedEv             
00003b81  _ZN6Button12readPhysicalEv            
00003f47  _ZN6Button13setDebounceMsEi           
00003a9f  _ZN6Button14applyPadConfigEv          
00003f4b  _ZN6Button17setTickIntervalMsEj       
00001a1d  _ZN6Button3fsmEb                      
00003775  _ZN6Button4tickEv                     
00003acd  _ZN6Button5beginEv                    
00003ca9  _ZN6Button5resetEv                    
00003595  _ZN6Button8debounceEb                 
00003f4f  _ZN6Button8newStateENS_12StateMachineE
00001e69  _ZN6ButtonC1Ehjjj10ButtonPull         
00001e69  _ZN6ButtonC2Ehjjj10ButtonPull         
0000341d  _ZNK5Timer6microsEv                   
00003e37  _ZNK5Timer6millisEv                   
20008828  __STACK_END                           
00000800  __STACK_SIZE                          
20008228  __STACK_TOP                           
00004878  __TI_CINIT_Base                       
00004888  __TI_CINIT_Limit                      
00004864  __TI_Handler_Table_Base               
00004870  __TI_Handler_Table_Limit              
000031c9  __TI_auto_init_nobinit                
00003035  __TI_decompress_lzss                  
00003eab  __TI_decompress_none                  
000032d9  __TI_ltoa                             
ffffffff  __TI_pprof_out_hndl                   
00000201  __TI_printfi                          
ffffffff  __TI_prof_data_size                   
ffffffff  __TI_prof_data_start                  
00000000  __TI_static_base__                    
00003cc5  __TI_zero_init_nomemset               
00002c03  __aeabi_cdcmpeq                       
00002c03  __aeabi_cdcmple                       
00002c89  __aeabi_cdrcmple                      
000035dd  __aeabi_d2iz                          
000016c7  __aeabi_dadd                          
000020e9  __aeabi_ddiv                          
00002455  __aeabi_dmul                          
000016bd  __aeabi_dsub                          
00003f15  __aeabi_errno_addr                    
00003afb  __aeabi_i2d                           
00001ba7  __aeabi_idiv0                         
00001ba7  __aeabi_ldiv0                         
00002e09  __aeabi_memclr                        
00002e09  __aeabi_memclr4                       
00002e09  __aeabi_memclr8                       
000029bd  __aeabi_memcpy                        
000029bd  __aeabi_memcpy4                       
000029bd  __aeabi_memcpy8                       
00002e0b  __aeabi_memset                        
00002e0b  __aeabi_memset4                       
00002e0b  __aeabi_memset8                       
00002a59  __aeabi_uldivmod                      
ffffffff  __binit__                             
ffffffff  __c_args__                            
UNDEFED   __mpu_init                            
20008028  __stack                               
20000000  __start___llvm_prf_cnts               
00003a11  __sti___8_main_cpp_f9572fa8           
20000000  __stop___llvm_prf_cnts                
0000397d  _c_int00_noargs                       
00004404  _ctypes_                              
UNDEFED   _system_post_cinit                    
00003f53  _system_pre_init                      
00003f57  abort                                 
00003469  atoi                                  
ffffffff  binit                                 
00003d17  copysign                              
00003d17  copysignl                             
20008024  errno                                 
00003105  frexp                                 
00003105  frexpl                                
20008020  gRunning                              
2000801c  gStopwatchMs                          
20008018  gSystemClock                          
00000000  g_pfnVectors                          
00004824  g_psDefaultCodePointMapTable          
000047fc  g_sCrystalfontz128x128                
00004508  g_sFontFixed6x8                       
00002345  ldexp                                 
00002345  ldexpl                                
00001315  main                                  
00003ce1  memccpy                               
000029bd  memcpy                                
00002e11  memset                                
00002345  scalbn                                
00002345  scalbnl                               
000034b5  snprintf                              
00003dd1  strchr                                
00003e11  strlen                                
00003911  strncpy                               
00003e49  wcslen                                


GLOBAL SYMBOLS: SORTED BY Symbol Address 

address   name                                  
-------   ----                                  
00000000  __TI_static_base__                    
00000000  g_pfnVectors                          
00000201  __TI_printfi                          
00000800  __STACK_SIZE                          
00000ec1  GrFontGlyphRender                     
00001115  SysCtlClockFreqSet                    
00001315  main                                  
000016bd  __aeabi_dsub                          
000016c7  __aeabi_dadd                          
00001a1d  _ZN6Button3fsmEb                      
00001ba7  __aeabi_idiv0                         
00001ba7  __aeabi_ldiv0                         
00001ba9  GPIOPadConfigSet                      
00001d15  _ZN5Timer23enablePeripheralForBaseEj  
00001e69  _ZN6ButtonC1Ehjjj10ButtonPull         
00001e69  _ZN6ButtonC2Ehjjj10ButtonPull         
000020e9  __aeabi_ddiv                          
00002345  ldexp                                 
00002345  ldexpl                                
00002345  scalbn                                
00002345  scalbnl                               
00002455  __aeabi_dmul                          
000026e5  GrDefaultStringRenderer               
000027a5  Crystalfontz128x128_Init              
00002915  _ZN5Timer5beginEjj                    
000029bd  __aeabi_memcpy                        
000029bd  __aeabi_memcpy4                       
000029bd  __aeabi_memcpy8                       
000029bd  memcpy                                
00002a59  __aeabi_uldivmod                      
00002af1  Crystalfontz128x128_SetDrawFrame      
00002b7d  GrRectFill                            
00002c03  __aeabi_cdcmpeq                       
00002c03  __aeabi_cdcmple                       
00002c89  __aeabi_cdrcmple                      
00002d11  HAL_LCD_PortInit                      
00002d8d  HAL_LCD_SpiInit                       
00002e09  __aeabi_memclr                        
00002e09  __aeabi_memclr4                       
00002e09  __aeabi_memclr8                       
00002e0b  __aeabi_memset                        
00002e0b  __aeabi_memset4                       
00002e0b  __aeabi_memset8                       
00002e11  memset                                
00002f65  GrContextInit                         
00002fcd  GrStringWidthGet                      
00003035  __TI_decompress_lzss                  
0000309d  GrRectDraw                            
00003105  frexp                                 
00003105  frexpl                                
00003169  TimerConfigure                        
000031c9  __TI_auto_init_nobinit                
000032d9  __TI_ltoa                             
000033d1  GPIOPinConfigure                      
0000341d  _ZNK5Timer6microsEv                   
00003469  atoi                                  
000034b5  snprintf                              
00003595  _ZN6Button8debounceEb                 
000035dd  __aeabi_d2iz                          
00003625  GrLineDrawH                           
0000366b  GrLineDrawV                           
000036b1  HAL_LCD_writeCommand                  
00003735  Crystalfontz128x128_SetOrientation    
00003775  _ZN6Button4tickEv                     
0000382d  SSIConfigSetExpClk                    
000038a1  SysCtlPeripheralReady                 
00003911  strncpy                               
00003949  SysCtlPeripheralEnable                
0000397d  _c_int00_noargs                       
000039e1  _ZN5Timer10isWideBaseEj               
00003a11  __sti___8_main_cpp_f9572fa8           
00003a71  GrStringNextCharGet                   
00003a9f  _ZN6Button14applyPadConfigEv          
00003acd  _ZN6Button5beginEv                    
00003afb  __aeabi_i2d                           
00003b29  GPIODirModeSet                        
00003b55  GrFontBaselineGet                     
00003b81  _ZN6Button12readPhysicalEv            
00003bab  GrFontInfoGet                         
00003bd1  GrFontGlyphDataGet                    
00003c53  GrFontCodepageGet                     
00003c8d  HAL_LCD_writeData                     
00003ca9  _ZN6Button5resetEv                    
00003cc5  __TI_zero_init_nomemset               
00003ce1  memccpy                               
00003cfd  GPIOPinTypeGPIOOutput                 
00003d17  copysign                              
00003d17  copysignl                             
00003d31  TimerDisable                          
00003d49  _ZN5TimerC1Ev                         
00003d49  _ZN5TimerC2Ev                         
00003d79  GPIOPinTypeGPIOInput                  
00003d8f  GPIOPinTypeSSI                        
00003da5  GrStringDraw                          
00003dbb  TimerValueGet64                       
00003dd1  strchr                                
00003e11  strlen                                
00003e25  TimerLoadSet                          
00003e37  _ZNK5Timer6millisEv                   
00003e49  wcslen                                
00003e5d  FPUEnable                             
00003e6d  FPULazyStackingEnable                 
00003e7d  IntMasterDisable                      
00003e8d  IntMasterEnable                       
00003e9d  TimerEnable                           
00003eab  __TI_decompress_none                  
00003eb9  CPUcpsid                              
00003ec5  CPUcpsie                              
00003ed1  SSIDataPut                            
00003edb  SSIEnable                             
00003ee5  TimerValueGet                         
00003eef  _ZN6Button10wasPressedEv              
00003ef9  _ZN6Button11wasReleasedEv             
00003f03  GrMapISO8859_1_Unicode                
00003f0b  SSIBusy                               
00003f15  __aeabi_errno_addr                    
00003f1d  GPIOPinRead                           
00003f23  GPIOPinWrite                          
00003f29  GrContextFontSet                      
00003f2f  ResetISR                              
00003f35  SysCtlDelay                           
00003f3b  TimerClockSourceSet                   
00003f41  TimerLoadSet64                        
00003f47  _ZN6Button13setDebounceMsEi           
00003f4b  _ZN6Button17setTickIntervalMsEj       
00003f4f  _ZN6Button8newStateENS_12StateMachineE
00003f53  _system_pre_init                      
00003f57  C$$EXIT                               
00003f57  abort                                 
00004404  _ctypes_                              
00004508  g_sFontFixed6x8                       
000047fc  g_sCrystalfontz128x128                
00004824  g_psDefaultCodePointMapTable          
00004844  SHT$$INIT_ARRAY$$Base                 
00004848  SHT$$INIT_ARRAY$$Limit                
00004864  __TI_Handler_Table_Base               
00004870  __TI_Handler_Table_Limit              
00004878  __TI_CINIT_Base                       
00004888  __TI_CINIT_Limit                      
20000000  Lcd_buffer                            
20000000  __start___llvm_prf_cnts               
20000000  __stop___llvm_prf_cnts                
20008018  gSystemClock                          
2000801c  gStopwatchMs                          
20008020  gRunning                              
20008024  errno                                 
20008028  __stack                               
20008228  __STACK_TOP                           
20008828  __STACK_END                           
20008994  Lcd_ScreenHeigth                      
20008996  Lcd_ScreenWidth                       
20008998  Lcd_TouchTrim                         
2000899a  Lcd_FlagRead                          
2000899b  Lcd_FontSolid                         
2000899c  Lcd_Orientation                       
2000899d  Lcd_PenSolid                          
ffffffff  __TI_pprof_out_hndl                   
ffffffff  __TI_prof_data_size                   
ffffffff  __TI_prof_data_start                  
ffffffff  __binit__                             
ffffffff  __c_args__                            
ffffffff  binit                                 
UNDEFED   __mpu_init                            
UNDEFED   _system_post_cinit                    

[164 symbols]
