<?xml version="1.0" encoding="ISO-8859-1" ?>
<link_info>
   <banner>TI ARM Linker PC v20.2.7.LTS</banner>
   <copyright>Copyright (c) 1996-2018 Texas Instruments Incorporated</copyright>
   <link_time>0x68ee950f</link_time>
   <link_errors>0x0</link_errors>
   <output_file>la0.out</output_file>
   <entry_point>
      <name>_c_int00_noargs</name>
      <address>0x3775</address>
   </entry_point>
   <input_file_list>
      <input_file id="fl-2">
         <path>.\</path>
         <kind>object</kind>
         <file>Crystalfontz128x128_ST7735.obj</file>
         <name>Crystalfontz128x128_ST7735.obj</name>
      </input_file>
      <input_file id="fl-3">
         <path>.\</path>
         <kind>object</kind>
         <file>HAL_EK_TM4C1294XL_Crystalfontz128x128_ST7735.obj</file>
         <name>HAL_EK_TM4C1294XL_Crystalfontz128x128_ST7735.obj</name>
      </input_file>
      <input_file id="fl-4">
         <path>.\</path>
         <kind>object</kind>
         <file>main.obj</file>
         <name>main.obj</name>
      </input_file>
      <input_file id="fl-5">
         <path>.\</path>
         <kind>object</kind>
         <file>startup_ccs.obj</file>
         <name>startup_ccs.obj</name>
      </input_file>
      <input_file id="fl-6">
         <path>.\</path>
         <kind>object</kind>
         <file>sysctl_pll.obj</file>
         <name>sysctl_pll.obj</name>
      </input_file>
      <input_file id="fl-7">
         <path>.\libraries\buttonsDriver\</path>
         <kind>object</kind>
         <file>button.obj</file>
         <name>button.obj</name>
      </input_file>
      <input_file id="fl-d">
         <kind>object</kind>
         <file>&lt;internal&gt;</file>
         <name>&lt;internal&gt;</name>
      </input_file>
      <input_file id="fl-e">
         <path>C:\ti\TivaWare_C_Series-2.2.0.295\driverlib\ccs\Debug\</path>
         <kind>archive</kind>
         <file>driverlib.lib</file>
         <name>fpu.obj</name>
      </input_file>
      <input_file id="fl-f">
         <path>C:\ti\TivaWare_C_Series-2.2.0.295\driverlib\ccs\Debug\</path>
         <kind>archive</kind>
         <file>driverlib.lib</file>
         <name>gpio.obj</name>
      </input_file>
      <input_file id="fl-10">
         <path>C:\ti\TivaWare_C_Series-2.2.0.295\driverlib\ccs\Debug\</path>
         <kind>archive</kind>
         <file>driverlib.lib</file>
         <name>interrupt.obj</name>
      </input_file>
      <input_file id="fl-11">
         <path>C:\ti\TivaWare_C_Series-2.2.0.295\driverlib\ccs\Debug\</path>
         <kind>archive</kind>
         <file>driverlib.lib</file>
         <name>ssi.obj</name>
      </input_file>
      <input_file id="fl-12">
         <path>C:\ti\TivaWare_C_Series-2.2.0.295\driverlib\ccs\Debug\</path>
         <kind>archive</kind>
         <file>driverlib.lib</file>
         <name>sysctl.obj</name>
      </input_file>
      <input_file id="fl-13">
         <path>C:\ti\TivaWare_C_Series-2.2.0.295\driverlib\ccs\Debug\</path>
         <kind>archive</kind>
         <file>driverlib.lib</file>
         <name>timer.obj</name>
      </input_file>
      <input_file id="fl-14">
         <path>C:\ti\TivaWare_C_Series-2.2.0.295\driverlib\ccs\Debug\</path>
         <kind>archive</kind>
         <file>driverlib.lib</file>
         <name>cpu.obj</name>
      </input_file>
      <input_file id="fl-15">
         <path>C:\ti\TivaWare_C_Series-2.2.0.295\grlib\ccs\Debug\</path>
         <kind>archive</kind>
         <file>grlib.lib</file>
         <name>context.obj</name>
      </input_file>
      <input_file id="fl-16">
         <path>C:\ti\TivaWare_C_Series-2.2.0.295\grlib\ccs\Debug\</path>
         <kind>archive</kind>
         <file>grlib.lib</file>
         <name>rectangle.obj</name>
      </input_file>
      <input_file id="fl-17">
         <path>C:\ti\TivaWare_C_Series-2.2.0.295\grlib\ccs\Debug\</path>
         <kind>archive</kind>
         <file>grlib.lib</file>
         <name>string.obj</name>
      </input_file>
      <input_file id="fl-18">
         <path>C:\ti\TivaWare_C_Series-2.2.0.295\grlib\ccs\Debug\</path>
         <kind>archive</kind>
         <file>grlib.lib</file>
         <name>fontfixed6x8.obj</name>
      </input_file>
      <input_file id="fl-19">
         <path>C:\ti\TivaWare_C_Series-2.2.0.295\grlib\ccs\Debug\</path>
         <kind>archive</kind>
         <file>grlib.lib</file>
         <name>charmap.obj</name>
      </input_file>
      <input_file id="fl-1a">
         <path>C:\ti\TivaWare_C_Series-2.2.0.295\grlib\ccs\Debug\</path>
         <kind>archive</kind>
         <file>grlib.lib</file>
         <name>line.obj</name>
      </input_file>
      <input_file id="fl-d0">
         <path>C:\ti\ccs1281\ccs\tools\compiler\ti-cgt-arm_20.2.7.LTS\lib\</path>
         <kind>archive</kind>
         <file>rtsv7M4_T_le_v4SPD16_eabi.lib</file>
         <name>snprintf.c.obj</name>
      </input_file>
      <input_file id="fl-d1">
         <path>C:\ti\ccs1281\ccs\tools\compiler\ti-cgt-arm_20.2.7.LTS\lib\</path>
         <kind>archive</kind>
         <file>rtsv7M4_T_le_v4SPD16_eabi.lib</file>
         <name>memcpy_t2.asm.obj</name>
      </input_file>
      <input_file id="fl-d2">
         <path>C:\ti\ccs1281\ccs\tools\compiler\ti-cgt-arm_20.2.7.LTS\lib\</path>
         <kind>archive</kind>
         <file>rtsv7M4_T_le_v4SPD16_eabi.lib</file>
         <name>copy_zero_init.c.obj</name>
      </input_file>
      <input_file id="fl-d3">
         <path>C:\ti\ccs1281\ccs\tools\compiler\ti-cgt-arm_20.2.7.LTS\lib\</path>
         <kind>archive</kind>
         <file>rtsv7M4_T_le_v4SPD16_eabi.lib</file>
         <name>copy_decompress_none.c.obj</name>
      </input_file>
      <input_file id="fl-d4">
         <path>C:\ti\ccs1281\ccs\tools\compiler\ti-cgt-arm_20.2.7.LTS\lib\</path>
         <kind>archive</kind>
         <file>rtsv7M4_T_le_v4SPD16_eabi.lib</file>
         <name>copy_decompress_lzss.c.obj</name>
      </input_file>
      <input_file id="fl-d5">
         <path>C:\ti\ccs1281\ccs\tools\compiler\ti-cgt-arm_20.2.7.LTS\lib\</path>
         <kind>archive</kind>
         <file>rtsv7M4_T_le_v4SPD16_eabi.lib</file>
         <name>boot_cortex_m.c.obj</name>
      </input_file>
      <input_file id="fl-d6">
         <path>C:\ti\ccs1281\ccs\tools\compiler\ti-cgt-arm_20.2.7.LTS\lib\</path>
         <kind>archive</kind>
         <file>rtsv7M4_T_le_v4SPD16_eabi.lib</file>
         <name>_printfi.c.obj</name>
      </input_file>
      <input_file id="fl-d7">
         <path>C:\ti\ccs1281\ccs\tools\compiler\ti-cgt-arm_20.2.7.LTS\lib\</path>
         <kind>archive</kind>
         <file>rtsv7M4_T_le_v4SPD16_eabi.lib</file>
         <name>fd_add_t2.asm.obj</name>
      </input_file>
      <input_file id="fl-d8">
         <path>C:\ti\ccs1281\ccs\tools\compiler\ti-cgt-arm_20.2.7.LTS\lib\</path>
         <kind>archive</kind>
         <file>rtsv7M4_T_le_v4SPD16_eabi.lib</file>
         <name>fd_cmp_t2.asm.obj</name>
      </input_file>
      <input_file id="fl-d9">
         <path>C:\ti\ccs1281\ccs\tools\compiler\ti-cgt-arm_20.2.7.LTS\lib\</path>
         <kind>archive</kind>
         <file>rtsv7M4_T_le_v4SPD16_eabi.lib</file>
         <name>fd_div_t2.asm.obj</name>
      </input_file>
      <input_file id="fl-da">
         <path>C:\ti\ccs1281\ccs\tools\compiler\ti-cgt-arm_20.2.7.LTS\lib\</path>
         <kind>archive</kind>
         <file>rtsv7M4_T_le_v4SPD16_eabi.lib</file>
         <name>fd_mul_t2.asm.obj</name>
      </input_file>
      <input_file id="fl-db">
         <path>C:\ti\ccs1281\ccs\tools\compiler\ti-cgt-arm_20.2.7.LTS\lib\</path>
         <kind>archive</kind>
         <file>rtsv7M4_T_le_v4SPD16_eabi.lib</file>
         <name>fd_toi_t2.asm.obj</name>
      </input_file>
      <input_file id="fl-dc">
         <path>C:\ti\ccs1281\ccs\tools\compiler\ti-cgt-arm_20.2.7.LTS\lib\</path>
         <kind>archive</kind>
         <file>rtsv7M4_T_le_v4SPD16_eabi.lib</file>
         <name>i_tofd_t2.asm.obj</name>
      </input_file>
      <input_file id="fl-dd">
         <path>C:\ti\ccs1281\ccs\tools\compiler\ti-cgt-arm_20.2.7.LTS\lib\</path>
         <kind>archive</kind>
         <file>rtsv7M4_T_le_v4SPD16_eabi.lib</file>
         <name>memset_t2.asm.obj</name>
      </input_file>
      <input_file id="fl-de">
         <path>C:\ti\ccs1281\ccs\tools\compiler\ti-cgt-arm_20.2.7.LTS\lib\</path>
         <kind>archive</kind>
         <file>rtsv7M4_T_le_v4SPD16_eabi.lib</file>
         <name>ull_div_t2.asm.obj</name>
      </input_file>
      <input_file id="fl-df">
         <path>C:\ti\ccs1281\ccs\tools\compiler\ti-cgt-arm_20.2.7.LTS\lib\</path>
         <kind>archive</kind>
         <file>rtsv7M4_T_le_v4SPD16_eabi.lib</file>
         <name>autoinit.c.obj</name>
      </input_file>
      <input_file id="fl-e0">
         <path>C:\ti\ccs1281\ccs\tools\compiler\ti-cgt-arm_20.2.7.LTS\lib\</path>
         <kind>archive</kind>
         <file>rtsv7M4_T_le_v4SPD16_eabi.lib</file>
         <name>pre_init.c.obj</name>
      </input_file>
      <input_file id="fl-e1">
         <path>C:\ti\ccs1281\ccs\tools\compiler\ti-cgt-arm_20.2.7.LTS\lib\</path>
         <kind>archive</kind>
         <file>rtsv7M4_T_le_v4SPD16_eabi.lib</file>
         <name>cpy_tbl.c.obj</name>
      </input_file>
      <input_file id="fl-e2">
         <path>C:\ti\ccs1281\ccs\tools\compiler\ti-cgt-arm_20.2.7.LTS\lib\</path>
         <kind>archive</kind>
         <file>rtsv7M4_T_le_v4SPD16_eabi.lib</file>
         <name>exit.c.obj</name>
      </input_file>
      <input_file id="fl-e3">
         <path>C:\ti\ccs1281\ccs\tools\compiler\ti-cgt-arm_20.2.7.LTS\lib\</path>
         <kind>archive</kind>
         <file>rtsv7M4_T_le_v4SPD16_eabi.lib</file>
         <name>_lock.c.obj</name>
      </input_file>
      <input_file id="fl-e4">
         <path>C:\ti\ccs1281\ccs\tools\compiler\ti-cgt-arm_20.2.7.LTS\lib\</path>
         <kind>archive</kind>
         <file>rtsv7M4_T_le_v4SPD16_eabi.lib</file>
         <name>_ltoa.c.obj</name>
      </input_file>
      <input_file id="fl-e5">
         <path>C:\ti\ccs1281\ccs\tools\compiler\ti-cgt-arm_20.2.7.LTS\lib\</path>
         <kind>archive</kind>
         <file>rtsv7M4_T_le_v4SPD16_eabi.lib</file>
         <name>args_main.c.obj</name>
      </input_file>
      <input_file id="fl-e6">
         <path>C:\ti\ccs1281\ccs\tools\compiler\ti-cgt-arm_20.2.7.LTS\lib\</path>
         <kind>archive</kind>
         <file>rtsv7M4_T_le_v4SPD16_eabi.lib</file>
         <name>atoi.c.obj</name>
      </input_file>
      <input_file id="fl-e7">
         <path>C:\ti\ccs1281\ccs\tools\compiler\ti-cgt-arm_20.2.7.LTS\lib\</path>
         <kind>archive</kind>
         <file>rtsv7M4_T_le_v4SPD16_eabi.lib</file>
         <name>ctype.c.obj</name>
      </input_file>
      <input_file id="fl-e8">
         <path>C:\ti\ccs1281\ccs\tools\compiler\ti-cgt-arm_20.2.7.LTS\lib\</path>
         <kind>archive</kind>
         <file>rtsv7M4_T_le_v4SPD16_eabi.lib</file>
         <name>memccpy.c.obj</name>
      </input_file>
      <input_file id="fl-e9">
         <path>C:\ti\ccs1281\ccs\tools\compiler\ti-cgt-arm_20.2.7.LTS\lib\</path>
         <kind>archive</kind>
         <file>rtsv7M4_T_le_v4SPD16_eabi.lib</file>
         <name>strchr.c.obj</name>
      </input_file>
      <input_file id="fl-ea">
         <path>C:\ti\ccs1281\ccs\tools\compiler\ti-cgt-arm_20.2.7.LTS\lib\</path>
         <kind>archive</kind>
         <file>rtsv7M4_T_le_v4SPD16_eabi.lib</file>
         <name>strlen.c.obj</name>
      </input_file>
      <input_file id="fl-eb">
         <path>C:\ti\ccs1281\ccs\tools\compiler\ti-cgt-arm_20.2.7.LTS\lib\</path>
         <kind>archive</kind>
         <file>rtsv7M4_T_le_v4SPD16_eabi.lib</file>
         <name>errno.c.obj</name>
      </input_file>
      <input_file id="fl-ec">
         <path>C:\ti\ccs1281\ccs\tools\compiler\ti-cgt-arm_20.2.7.LTS\lib\</path>
         <kind>archive</kind>
         <file>rtsv7M4_T_le_v4SPD16_eabi.lib</file>
         <name>wcslen.c.obj</name>
      </input_file>
      <input_file id="fl-ed">
         <path>C:\ti\ccs1281\ccs\tools\compiler\ti-cgt-arm_20.2.7.LTS\lib\</path>
         <kind>archive</kind>
         <file>rtsv7M4_T_le_v4SPD16_eabi.lib</file>
         <name>s_frexp.c.obj</name>
      </input_file>
      <input_file id="fl-ee">
         <path>C:\ti\ccs1281\ccs\tools\compiler\ti-cgt-arm_20.2.7.LTS\lib\</path>
         <kind>archive</kind>
         <file>rtsv7M4_T_le_v4SPD16_eabi.lib</file>
         <name>s_scalbn.c.obj</name>
      </input_file>
      <input_file id="fl-ef">
         <path>C:\ti\ccs1281\ccs\tools\compiler\ti-cgt-arm_20.2.7.LTS\lib\</path>
         <kind>archive</kind>
         <file>rtsv7M4_T_le_v4SPD16_eabi.lib</file>
         <name>div0.asm.obj</name>
      </input_file>
      <input_file id="fl-f0">
         <path>C:\ti\ccs1281\ccs\tools\compiler\ti-cgt-arm_20.2.7.LTS\lib\</path>
         <kind>archive</kind>
         <file>rtsv7M4_T_le_v4SPD16_eabi.lib</file>
         <name>s_copysign.c.obj</name>
      </input_file>
   </input_file_list>
   <object_component_list>
      <object_component id="oc-13">
         <name>.intvecs</name>
         <load_address>0x0</load_address>
         <run_address>0x0</run_address>
         <size>0x200</size>
         <input_file_ref idref="fl-5"/>
      </object_component>
      <object_component id="oc-322">
         <name>.text:__TI_printfi</name>
         <load_address>0x200</load_address>
         <run_address>0x200</run_address>
         <size>0xa4e</size>
         <input_file_ref idref="fl-d6"/>
      </object_component>
      <object_component id="oc-35">
         <name>.text:FaultISR</name>
         <load_address>0xc4e</load_address>
         <run_address>0xc4e</run_address>
         <size>0x2</size>
         <input_file_ref idref="fl-5"/>
      </object_component>
      <object_component id="oc-b8">
         <name>.text:main</name>
         <load_address>0xc50</load_address>
         <run_address>0xc50</run_address>
         <size>0x4d8</size>
         <input_file_ref idref="fl-4"/>
      </object_component>
      <object_component id="oc-474">
         <name>.text:_pconv_a</name>
         <load_address>0x1128</load_address>
         <run_address>0x1128</run_address>
         <size>0x270</size>
         <input_file_ref idref="fl-d6"/>
      </object_component>
      <object_component id="oc-400">
         <name>.text:GrFontGlyphRender</name>
         <load_address>0x1398</load_address>
         <run_address>0x1398</run_address>
         <size>0x252</size>
         <input_file_ref idref="fl-17"/>
      </object_component>
      <object_component id="oc-3b">
         <name>.text:IntDefaultHandler</name>
         <load_address>0x15ea</load_address>
         <run_address>0x15ea</run_address>
         <size>0x2</size>
         <input_file_ref idref="fl-5"/>
      </object_component>
      <object_component id="oc-105">
         <name>.text:SysCtlClockFreqSet</name>
         <load_address>0x15ec</load_address>
         <run_address>0x15ec</run_address>
         <size>0x200</size>
         <input_file_ref idref="fl-12"/>
      </object_component>
      <object_component id="oc-462">
         <name>.text:_pconv_g</name>
         <load_address>0x17ec</load_address>
         <run_address>0x17ec</run_address>
         <size>0x1d0</size>
         <input_file_ref idref="fl-d6"/>
      </object_component>
      <object_component id="oc-537">
         <name>.text</name>
         <load_address>0x19bc</load_address>
         <run_address>0x19bc</run_address>
         <size>0x1b6</size>
         <input_file_ref idref="fl-d7"/>
      </object_component>
      <object_component id="oc-2f">
         <name>.text:NmiSR</name>
         <load_address>0x1b72</load_address>
         <run_address>0x1b72</run_address>
         <size>0x2</size>
         <input_file_ref idref="fl-5"/>
      </object_component>
      <object_component id="oc-422">
         <name>.text:GPIOPadConfigSet</name>
         <load_address>0x1b74</load_address>
         <run_address>0x1b74</run_address>
         <size>0x16c</size>
         <input_file_ref idref="fl-f"/>
      </object_component>
      <object_component id="oc-4b1">
         <name>.text:_ZN6Button3fsmEb</name>
         <load_address>0x1ce0</load_address>
         <run_address>0x1ce0</run_address>
         <size>0x168</size>
         <input_file_ref idref="fl-7"/>
      </object_component>
      <object_component id="oc-46e">
         <name>.text:_pconv_e</name>
         <load_address>0x1e48</load_address>
         <run_address>0x1e48</run_address>
         <size>0x13c</size>
         <input_file_ref idref="fl-d6"/>
      </object_component>
      <object_component id="oc-51d">
         <name>.text</name>
         <load_address>0x1f84</load_address>
         <run_address>0x1f84</run_address>
         <size>0x136</size>
         <input_file_ref idref="fl-d9"/>
      </object_component>
      <object_component id="oc-1bd">
         <name>.text:_ZN28_INTERNAL_8_main_cpp_gTimeMs14onResetReleaseEv</name>
         <load_address>0x20ba</load_address>
         <run_address>0x20ba</run_address>
         <size>0x2</size>
         <input_file_ref idref="fl-4"/>
      </object_component>
      <object_component id="oc-ca">
         <name>.text:_ZN6ButtonC1Ehjjj10ButtonPull</name>
         <load_address>0x20bc</load_address>
         <run_address>0x20bc</run_address>
         <size>0x12c</size>
         <input_file_ref idref="fl-7"/>
      </object_component>
      <object_component id="oc-549">
         <name>.text:fcvt</name>
         <load_address>0x21e8</load_address>
         <run_address>0x21e8</run_address>
         <size>0x124</size>
         <input_file_ref idref="fl-d6"/>
      </object_component>
      <object_component id="oc-55d">
         <name>.text:scalbn</name>
         <load_address>0x230c</load_address>
         <run_address>0x230c</run_address>
         <size>0x110</size>
         <input_file_ref idref="fl-ee"/>
      </object_component>
      <object_component id="oc-518">
         <name>.text</name>
         <load_address>0x241c</load_address>
         <run_address>0x241c</run_address>
         <size>0xfc</size>
         <input_file_ref idref="fl-da"/>
      </object_component>
      <object_component id="oc-2f4">
         <name>.text:Crystalfontz128x128_PixelDrawMultiple</name>
         <load_address>0x2518</load_address>
         <run_address>0x2518</run_address>
         <size>0xc8</size>
         <input_file_ref idref="fl-2"/>
      </object_component>
      <object_component id="oc-290">
         <name>.text:GrDefaultStringRenderer</name>
         <load_address>0x25e0</load_address>
         <run_address>0x25e0</run_address>
         <size>0xc0</size>
         <input_file_ref idref="fl-17"/>
      </object_component>
      <object_component id="oc-111">
         <name>.text:Crystalfontz128x128_Init</name>
         <load_address>0x26a0</load_address>
         <run_address>0x26a0</run_address>
         <size>0xbc</size>
         <input_file_ref idref="fl-2"/>
      </object_component>
      <object_component id="oc-457">
         <name>.text:_ltostr</name>
         <load_address>0x275c</load_address>
         <run_address>0x275c</run_address>
         <size>0xb1</size>
         <input_file_ref idref="fl-d6"/>
      </object_component>
      <object_component id="oc-4f">
         <name>.text</name>
         <load_address>0x280e</load_address>
         <run_address>0x280e</run_address>
         <size>0x9c</size>
         <input_file_ref idref="fl-d1"/>
      </object_component>
      <object_component id="oc-511">
         <name>.text</name>
         <load_address>0x28aa</load_address>
         <run_address>0x28aa</run_address>
         <size>0x96</size>
         <input_file_ref idref="fl-de"/>
      </object_component>
      <object_component id="oc-3e4">
         <name>.text:Crystalfontz128x128_SetDrawFrame</name>
         <load_address>0x2940</load_address>
         <run_address>0x2940</run_address>
         <size>0x8c</size>
         <input_file_ref idref="fl-2"/>
      </object_component>
      <object_component id="oc-19f">
         <name>.text:GrRectFill</name>
         <load_address>0x29cc</load_address>
         <run_address>0x29cc</run_address>
         <size>0x86</size>
         <input_file_ref idref="fl-16"/>
      </object_component>
      <object_component id="oc-45d">
         <name>.text:__aeabi_cdcmple</name>
         <load_address>0x2a52</load_address>
         <run_address>0x2a52</run_address>
         <size>0x86</size>
         <input_file_ref idref="fl-d8"/>
      </object_component>
      <object_component id="oc-522">
         <name>.text:__aeabi_cdrcmple</name>
         <load_address>0x2ad8</load_address>
         <run_address>0x2ad8</run_address>
         <size>0x86</size>
         <input_file_ref idref="fl-d8"/>
      </object_component>
      <object_component id="oc-ac">
         <name>.text</name>
         <load_address>0x2b5e</load_address>
         <run_address>0x2b5e</run_address>
         <size>0x7a</size>
         <input_file_ref idref="fl-dd"/>
      </object_component>
      <object_component id="oc-268">
         <name>.text:HAL_LCD_PortInit</name>
         <load_address>0x2bd8</load_address>
         <run_address>0x2bd8</run_address>
         <size>0x78</size>
         <input_file_ref idref="fl-3"/>
      </object_component>
      <object_component id="oc-26e">
         <name>.text:HAL_LCD_SpiInit</name>
         <load_address>0x2c50</load_address>
         <run_address>0x2c50</run_address>
         <size>0x78</size>
         <input_file_ref idref="fl-3"/>
      </object_component>
      <object_component id="oc-306">
         <name>.text:Crystalfontz128x128_RectFill</name>
         <load_address>0x2cc8</load_address>
         <run_address>0x2cc8</run_address>
         <size>0x70</size>
         <input_file_ref idref="fl-2"/>
      </object_component>
      <object_component id="oc-542">
         <name>.text:_mcpy</name>
         <load_address>0x2d38</load_address>
         <run_address>0x2d38</run_address>
         <size>0x6e</size>
         <input_file_ref idref="fl-d6"/>
      </object_component>
      <object_component id="oc-1b1">
         <name>.text:_ZN28_INTERNAL_8_main_cpp_gTimeMs18onStartStopReleaseEv</name>
         <load_address>0x2da6</load_address>
         <run_address>0x2da6</run_address>
         <size>0x2</size>
         <input_file_ref idref="fl-4"/>
      </object_component>
      <object_component id="oc-11d">
         <name>.text:GrContextInit</name>
         <load_address>0x2da8</load_address>
         <run_address>0x2da8</run_address>
         <size>0x68</size>
         <input_file_ref idref="fl-15"/>
      </object_component>
      <object_component id="oc-17d">
         <name>.text:IntEnable</name>
         <load_address>0x2e10</load_address>
         <run_address>0x2e10</run_address>
         <size>0x68</size>
         <input_file_ref idref="fl-10"/>
      </object_component>
      <object_component id="oc-16">
         <name>.text:decompress:lzss:__TI_decompress_lzss</name>
         <load_address>0x2e78</load_address>
         <run_address>0x2e78</run_address>
         <size>0x68</size>
         <input_file_ref idref="fl-d4"/>
      </object_component>
      <object_component id="oc-1c9">
         <name>.text:GrRectDraw</name>
         <load_address>0x2ee0</load_address>
         <run_address>0x2ee0</run_address>
         <size>0x66</size>
         <input_file_ref idref="fl-16"/>
      </object_component>
      <object_component id="oc-5bb">
         <name>.text</name>
         <load_address>0x2f46</load_address>
         <run_address>0x2f46</run_address>
         <size>0x2</size>
         <input_file_ref idref="fl-ef"/>
      </object_component>
      <object_component id="oc-557">
         <name>.text:frexp</name>
         <load_address>0x2f48</load_address>
         <run_address>0x2f48</run_address>
         <size>0x64</size>
         <input_file_ref idref="fl-ed"/>
      </object_component>
      <object_component id="oc-15f">
         <name>.text:TimerConfigure</name>
         <load_address>0x2fac</load_address>
         <run_address>0x2fac</run_address>
         <size>0x60</size>
         <input_file_ref idref="fl-13"/>
      </object_component>
      <object_component id="oc-1f5">
         <name>.text:__TI_auto_init_nobinit:__TI_auto_init_nobinit</name>
         <load_address>0x300c</load_address>
         <run_address>0x300c</run_address>
         <size>0x60</size>
         <input_file_ref idref="fl-df"/>
      </object_component>
      <object_component id="oc-4ef">
         <name>.text:FontWideGlyphDataGet</name>
         <load_address>0x306c</load_address>
         <run_address>0x306c</run_address>
         <size>0x5a</size>
         <input_file_ref idref="fl-17"/>
      </object_component>
      <object_component id="oc-468">
         <name>.text:_pconv_f</name>
         <load_address>0x30c6</load_address>
         <run_address>0x30c6</run_address>
         <size>0x56</size>
         <input_file_ref idref="fl-d6"/>
      </object_component>
      <object_component id="oc-52c">
         <name>.text:__TI_ltoa</name>
         <load_address>0x311c</load_address>
         <run_address>0x311c</run_address>
         <size>0x54</size>
         <input_file_ref idref="fl-e4"/>
      </object_component>
      <object_component id="oc-53c">
         <name>.text:_ecpy</name>
         <load_address>0x3170</load_address>
         <run_address>0x3170</run_address>
         <size>0x52</size>
         <input_file_ref idref="fl-d6"/>
      </object_component>
      <object_component id="oc-3b5">
         <name>.text:GPIOPinConfigure</name>
         <load_address>0x31c4</load_address>
         <run_address>0x31c4</run_address>
         <size>0x4c</size>
         <input_file_ref idref="fl-f"/>
      </object_component>
      <object_component id="oc-2be">
         <name>.text:_TimerIntNumberGet</name>
         <load_address>0x3210</load_address>
         <run_address>0x3210</run_address>
         <size>0x4c</size>
         <input_file_ref idref="fl-13"/>
      </object_component>
      <object_component id="oc-451">
         <name>.text:atoi</name>
         <load_address>0x325c</load_address>
         <run_address>0x325c</run_address>
         <size>0x4c</size>
         <input_file_ref idref="fl-e6"/>
      </object_component>
      <object_component id="oc-1a5">
         <name>.text:snprintf</name>
         <load_address>0x32a8</load_address>
         <run_address>0x32a8</run_address>
         <size>0x4c</size>
         <input_file_ref idref="fl-d0"/>
      </object_component>
      <object_component id="oc-29e">
         <name>.text:UpdateContextCharMapping</name>
         <load_address>0x32f4</load_address>
         <run_address>0x32f4</run_address>
         <size>0x4a</size>
         <input_file_ref idref="fl-17"/>
      </object_component>
      <object_component id="oc-10b">
         <name>.text:SysCtlFrequencyGet</name>
         <load_address>0x3340</load_address>
         <run_address>0x3340</run_address>
         <size>0x48</size>
         <input_file_ref idref="fl-6"/>
      </object_component>
      <object_component id="oc-24c">
         <name>.text:_SysCtlFrequencyGet</name>
         <load_address>0x3388</load_address>
         <run_address>0x3388</run_address>
         <size>0x48</size>
         <input_file_ref idref="fl-12"/>
      </object_component>
      <object_component id="oc-4ab">
         <name>.text:_ZN6Button8debounceEb</name>
         <load_address>0x33d0</load_address>
         <run_address>0x33d0</run_address>
         <size>0x48</size>
         <input_file_ref idref="fl-7"/>
      </object_component>
      <object_component id="oc-527">
         <name>.text</name>
         <load_address>0x3418</load_address>
         <run_address>0x3418</run_address>
         <size>0x48</size>
         <input_file_ref idref="fl-db"/>
      </object_component>
      <object_component id="oc-350">
         <name>.text:GrLineDrawH</name>
         <load_address>0x3460</load_address>
         <run_address>0x3460</run_address>
         <size>0x46</size>
         <input_file_ref idref="fl-1a"/>
      </object_component>
      <object_component id="oc-356">
         <name>.text:GrLineDrawV</name>
         <load_address>0x34a6</load_address>
         <run_address>0x34a6</run_address>
         <size>0x46</size>
         <input_file_ref idref="fl-1a"/>
      </object_component>
      <object_component id="oc-274">
         <name>.text:HAL_LCD_writeCommand</name>
         <load_address>0x34ec</load_address>
         <run_address>0x34ec</run_address>
         <size>0x44</size>
         <input_file_ref idref="fl-3"/>
      </object_component>
      <object_component id="oc-2fa">
         <name>.text:Crystalfontz128x128_LineDrawH</name>
         <load_address>0x3530</load_address>
         <run_address>0x3530</run_address>
         <size>0x40</size>
         <input_file_ref idref="fl-2"/>
      </object_component>
      <object_component id="oc-117">
         <name>.text:Crystalfontz128x128_SetOrientation</name>
         <load_address>0x3570</load_address>
         <run_address>0x3570</run_address>
         <size>0x40</size>
         <input_file_ref idref="fl-2"/>
      </object_component>
      <object_component id="oc-54f">
         <name>.text:_fcpy</name>
         <load_address>0x35b0</load_address>
         <run_address>0x35b0</run_address>
         <size>0x3e</size>
         <input_file_ref idref="fl-d6"/>
      </object_component>
      <object_component id="oc-4f5">
         <name>.text:FontGlyphDataGet</name>
         <load_address>0x35ee</load_address>
         <run_address>0x35ee</run_address>
         <size>0x3c</size>
         <input_file_ref idref="fl-17"/>
      </object_component>
      <object_component id="oc-3c2">
         <name>.text:SSIConfigSetExpClk</name>
         <load_address>0x362a</load_address>
         <run_address>0x362a</run_address>
         <size>0x3c</size>
         <input_file_ref idref="fl-11"/>
      </object_component>
      <object_component id="oc-281">
         <name>.text:Crystalfontz128x128_Flush</name>
         <load_address>0x3668</load_address>
         <run_address>0x3668</run_address>
         <size>0x38</size>
         <input_file_ref idref="fl-2"/>
      </object_component>
      <object_component id="oc-153">
         <name>.text:SysCtlPeripheralReady</name>
         <load_address>0x36a0</load_address>
         <run_address>0x36a0</run_address>
         <size>0x38</size>
         <input_file_ref idref="fl-12"/>
      </object_component>
      <object_component id="oc-2c4">
         <name>.text:IntRegister</name>
         <load_address>0x36d8</load_address>
         <run_address>0x36d8</run_address>
         <size>0x34</size>
         <input_file_ref idref="fl-10"/>
      </object_component>
      <object_component id="oc-14d">
         <name>.text:SysCtlPeripheralEnable</name>
         <load_address>0x370c</load_address>
         <run_address>0x370c</run_address>
         <size>0x34</size>
         <input_file_ref idref="fl-12"/>
      </object_component>
      <object_component id="oc-1c3">
         <name>.text:Timer0AIntHandler</name>
         <load_address>0x3740</load_address>
         <run_address>0x3740</run_address>
         <size>0x34</size>
         <input_file_ref idref="fl-4"/>
      </object_component>
      <object_component id="oc-6d">
         <name>.text:_c_int00_noargs:_c_int00_noargs</name>
         <load_address>0x3774</load_address>
         <run_address>0x3774</run_address>
         <size>0x34</size>
         <input_file_ref idref="fl-d5"/>
      </object_component>
      <object_component id="oc-1ab">
         <name>.text:_ZN28_INTERNAL_8_main_cpp_gTimeMs16onStartStopPressEv</name>
         <load_address>0x37a8</load_address>
         <run_address>0x37a8</run_address>
         <size>0x30</size>
         <input_file_ref idref="fl-4"/>
      </object_component>
      <object_component id="oc-7f">
         <name>.text:__sti___8_main_cpp_gTimeMs</name>
         <load_address>0x37d8</load_address>
         <run_address>0x37d8</run_address>
         <size>0x30</size>
         <input_file_ref idref="fl-4"/>
      </object_component>
      <object_component id="oc-328">
         <name>.text:_outs</name>
         <load_address>0x3808</load_address>
         <run_address>0x3808</run_address>
         <size>0x30</size>
         <input_file_ref idref="fl-d0"/>
      </object_component>
      <object_component id="oc-3f4">
         <name>.text:GrStringNextCharGet</name>
         <load_address>0x3838</load_address>
         <run_address>0x3838</run_address>
         <size>0x2e</size>
         <input_file_ref idref="fl-17"/>
      </object_component>
      <object_component id="oc-2ac">
         <name>.text:_ZN6Button14applyPadConfigEv</name>
         <load_address>0x3866</load_address>
         <run_address>0x3866</run_address>
         <size>0x2e</size>
         <input_file_ref idref="fl-7"/>
      </object_component>
      <object_component id="oc-129">
         <name>.text:_ZN6Button5beginEv</name>
         <load_address>0x3894</load_address>
         <run_address>0x3894</run_address>
         <size>0x2e</size>
         <input_file_ref idref="fl-7"/>
      </object_component>
      <object_component id="oc-532">
         <name>.text</name>
         <load_address>0x38c2</load_address>
         <run_address>0x38c2</run_address>
         <size>0x2e</size>
         <input_file_ref idref="fl-dc"/>
      </object_component>
      <object_component id="oc-41c">
         <name>.text:GPIODirModeSet</name>
         <load_address>0x38f0</load_address>
         <run_address>0x38f0</run_address>
         <size>0x2c</size>
         <input_file_ref idref="fl-f"/>
      </object_component>
      <object_component id="oc-1b7">
         <name>.text:_ZN28_INTERNAL_8_main_cpp_gTimeMs12onResetPressEv</name>
         <load_address>0x391c</load_address>
         <run_address>0x391c</run_address>
         <size>0x2c</size>
         <input_file_ref idref="fl-4"/>
      </object_component>
      <object_component id="oc-4a5">
         <name>.text:_ZN6Button12readPhysicalEv</name>
         <load_address>0x3948</load_address>
         <run_address>0x3948</run_address>
         <size>0x2a</size>
         <input_file_ref idref="fl-7"/>
      </object_component>
      <object_component id="oc-3ee">
         <name>.text:GrFontInfoGet</name>
         <load_address>0x3972</load_address>
         <run_address>0x3972</run_address>
         <size>0x26</size>
         <input_file_ref idref="fl-17"/>
      </object_component>
      <object_component id="oc-35d">
         <name>.text:_ZN6Button4tickEv</name>
         <load_address>0x3998</load_address>
         <run_address>0x3998</run_address>
         <size>0x26</size>
         <input_file_ref idref="fl-7"/>
      </object_component>
      <object_component id="oc-177">
         <name>.text:IntPrioritySet</name>
         <load_address>0x39c0</load_address>
         <run_address>0x39c0</run_address>
         <size>0x24</size>
         <input_file_ref idref="fl-10"/>
      </object_component>
      <object_component id="oc-1cf">
         <name>.text:Timer1AIntHandler</name>
         <load_address>0x39e4</load_address>
         <run_address>0x39e4</run_address>
         <size>0x24</size>
         <input_file_ref idref="fl-4"/>
      </object_component>
      <object_component id="oc-3fa">
         <name>.text:GrFontGlyphDataGet</name>
         <load_address>0x3a08</load_address>
         <run_address>0x3a08</run_address>
         <size>0x22</size>
         <input_file_ref idref="fl-17"/>
      </object_component>
      <object_component id="oc-246">
         <name>.text:_SysCtlMemTimingGet</name>
         <load_address>0x3a2c</load_address>
         <run_address>0x3a2c</run_address>
         <size>0x20</size>
         <input_file_ref idref="fl-12"/>
      </object_component>
      <object_component id="oc-30c">
         <name>.text:Crystalfontz128x128_ColorTranslate</name>
         <load_address>0x3a4c</load_address>
         <run_address>0x3a4c</run_address>
         <size>0x1e</size>
         <input_file_ref idref="fl-2"/>
      </object_component>
      <object_component id="oc-413">
         <name>.text:GrFontCodepageGet</name>
         <load_address>0x3a6a</load_address>
         <run_address>0x3a6a</run_address>
         <size>0x1e</size>
         <input_file_ref idref="fl-17"/>
      </object_component>
      <object_component id="oc-300">
         <name>.text:Crystalfontz128x128_LineDrawV</name>
         <load_address>0x3a88</load_address>
         <run_address>0x3a88</run_address>
         <size>0x1c</size>
         <input_file_ref idref="fl-2"/>
      </object_component>
      <object_component id="oc-5b">
         <name>.text:decompress:ZI:__TI_zero_init_nomemset:__TI_zero_init_nomemset</name>
         <load_address>0x3aa4</load_address>
         <run_address>0x3aa4</run_address>
         <size>0x1c</size>
         <input_file_ref idref="fl-d2"/>
      </object_component>
      <object_component id="oc-47a">
         <name>.text:memccpy</name>
         <load_address>0x3ac0</load_address>
         <run_address>0x3ac0</run_address>
         <size>0x1c</size>
         <input_file_ref idref="fl-e8"/>
      </object_component>
      <object_component id="oc-3bb">
         <name>.text:GPIOPinTypeGPIOOutput</name>
         <load_address>0x3adc</load_address>
         <run_address>0x3adc</run_address>
         <size>0x1a</size>
         <input_file_ref idref="fl-f"/>
      </object_component>
      <object_component id="oc-5d4">
         <name>.text:copysign</name>
         <load_address>0x3af6</load_address>
         <run_address>0x3af6</run_address>
         <size>0x1a</size>
         <input_file_ref idref="fl-f0"/>
      </object_component>
      <object_component id="oc-159">
         <name>.text:TimerDisable</name>
         <load_address>0x3b10</load_address>
         <run_address>0x3b10</run_address>
         <size>0x18</size>
         <input_file_ref idref="fl-13"/>
      </object_component>
      <object_component id="oc-16b">
         <name>.text:TimerIntRegister</name>
         <load_address>0x3b28</load_address>
         <run_address>0x3b28</run_address>
         <size>0x18</size>
         <input_file_ref idref="fl-13"/>
      </object_component>
      <object_component id="oc-32e">
         <name>.text:_outc</name>
         <load_address>0x3b40</load_address>
         <run_address>0x3b40</run_address>
         <size>0x18</size>
         <input_file_ref idref="fl-d0"/>
      </object_component>
      <object_component id="oc-2a6">
         <name>.text:GPIOPinTypeGPIOInput</name>
         <load_address>0x3b58</load_address>
         <run_address>0x3b58</run_address>
         <size>0x16</size>
         <input_file_ref idref="fl-f"/>
      </object_component>
      <object_component id="oc-3af">
         <name>.text:GPIOPinTypeSSI</name>
         <load_address>0x3b6e</load_address>
         <run_address>0x3b6e</run_address>
         <size>0x16</size>
         <input_file_ref idref="fl-f"/>
      </object_component>
      <object_component id="oc-199">
         <name>.text:GrStringDraw</name>
         <load_address>0x3b84</load_address>
         <run_address>0x3b84</run_address>
         <size>0x16</size>
         <input_file_ref idref="fl-17"/>
      </object_component>
      <object_component id="oc-563">
         <name>.text:strchr</name>
         <load_address>0x3b9a</load_address>
         <run_address>0x3b9a</run_address>
         <size>0x16</size>
         <input_file_ref idref="fl-e9"/>
      </object_component>
      <object_component id="oc-2ee">
         <name>.text:Crystalfontz128x128_PixelDraw</name>
         <load_address>0x3bb0</load_address>
         <run_address>0x3bb0</run_address>
         <size>0x14</size>
         <input_file_ref idref="fl-2"/>
      </object_component>
      <object_component id="oc-44b">
         <name>.text:strlen</name>
         <load_address>0x3bc4</load_address>
         <run_address>0x3bc4</run_address>
         <size>0x14</size>
         <input_file_ref idref="fl-ea"/>
      </object_component>
      <object_component id="oc-165">
         <name>.text:TimerLoadSet</name>
         <load_address>0x3bd8</load_address>
         <run_address>0x3bd8</run_address>
         <size>0x12</size>
         <input_file_ref idref="fl-13"/>
      </object_component>
      <object_component id="oc-480">
         <name>.text:wcslen</name>
         <load_address>0x3bea</load_address>
         <run_address>0x3bea</run_address>
         <size>0x12</size>
         <input_file_ref idref="fl-ec"/>
      </object_component>
      <object_component id="oc-f9">
         <name>.text:FPUEnable</name>
         <load_address>0x3bfc</load_address>
         <run_address>0x3bfc</run_address>
         <size>0x10</size>
         <input_file_ref idref="fl-e"/>
      </object_component>
      <object_component id="oc-ff">
         <name>.text:FPULazyStackingEnable</name>
         <load_address>0x3c0c</load_address>
         <run_address>0x3c0c</run_address>
         <size>0x10</size>
         <input_file_ref idref="fl-e"/>
      </object_component>
      <object_component id="oc-f3">
         <name>.text:IntMasterDisable</name>
         <load_address>0x3c1c</load_address>
         <run_address>0x3c1c</run_address>
         <size>0x10</size>
         <input_file_ref idref="fl-10"/>
      </object_component>
      <object_component id="oc-189">
         <name>.text:IntMasterEnable</name>
         <load_address>0x3c2c</load_address>
         <run_address>0x3c2c</run_address>
         <size>0x10</size>
         <input_file_ref idref="fl-10"/>
      </object_component>
      <object_component id="oc-594">
         <name>.text:_ZN6Button5resetEv</name>
         <load_address>0x3c3c</load_address>
         <run_address>0x3c3c</run_address>
         <size>0x10</size>
         <input_file_ref idref="fl-7"/>
      </object_component>
      <object_component id="oc-183">
         <name>.text:TimerEnable</name>
         <load_address>0x3c4c</load_address>
         <run_address>0x3c4c</run_address>
         <size>0xe</size>
         <input_file_ref idref="fl-13"/>
      </object_component>
      <object_component id="oc-1c">
         <name>.text:decompress:none:__TI_decompress_none</name>
         <load_address>0x3c5a</load_address>
         <run_address>0x3c5a</run_address>
         <size>0xe</size>
         <input_file_ref idref="fl-d3"/>
      </object_component>
      <object_component id="oc-23d">
         <name>.text:CPUcpsid</name>
         <load_address>0x3c68</load_address>
         <run_address>0x3c68</run_address>
         <size>0xc</size>
         <input_file_ref idref="fl-14"/>
      </object_component>
      <object_component id="oc-2d6">
         <name>.text:CPUcpsie</name>
         <load_address>0x3c74</load_address>
         <run_address>0x3c74</run_address>
         <size>0xc</size>
         <input_file_ref idref="fl-14"/>
      </object_component>
      <object_component id="oc-27b">
         <name>.text:HAL_LCD_writeData</name>
         <load_address>0x3c80</load_address>
         <run_address>0x3c80</run_address>
         <size>0xc</size>
         <input_file_ref idref="fl-3"/>
      </object_component>
      <object_component id="oc-3db">
         <name>.text:SSIDataPut</name>
         <load_address>0x3c8c</load_address>
         <run_address>0x3c8c</run_address>
         <size>0xa</size>
         <input_file_ref idref="fl-11"/>
      </object_component>
      <object_component id="oc-3c8">
         <name>.text:SSIEnable</name>
         <load_address>0x3c96</load_address>
         <run_address>0x3c96</run_address>
         <size>0xa</size>
         <input_file_ref idref="fl-11"/>
      </object_component>
      <object_component id="oc-407">
         <name>.text:GrMapISO8859_1_Unicode</name>
         <load_address>0x3ca0</load_address>
         <run_address>0x3ca0</run_address>
         <size>0x8</size>
         <input_file_ref idref="fl-19"/>
      </object_component>
      <object_component id="oc-3d5">
         <name>.text:SSIBusy</name>
         <load_address>0x3ca8</load_address>
         <run_address>0x3ca8</run_address>
         <size>0x8</size>
         <input_file_ref idref="fl-11"/>
      </object_component>
      <object_component id="oc-171">
         <name>.text:TimerIntEnable</name>
         <load_address>0x3cb0</load_address>
         <run_address>0x3cb0</run_address>
         <size>0x8</size>
         <input_file_ref idref="fl-13"/>
      </object_component>
      <object_component id="oc-486">
         <name>.text:__aeabi_errno_addr</name>
         <load_address>0x3cb8</load_address>
         <run_address>0x3cb8</run_address>
         <size>0x8</size>
         <input_file_ref idref="fl-eb"/>
      </object_component>
      <object_component id="oc-586">
         <name>.text:GPIOPinRead</name>
         <load_address>0x3cc0</load_address>
         <run_address>0x3cc0</run_address>
         <size>0x6</size>
         <input_file_ref idref="fl-f"/>
      </object_component>
      <object_component id="oc-3ce">
         <name>.text:GPIOPinWrite</name>
         <load_address>0x3cc6</load_address>
         <run_address>0x3cc6</run_address>
         <size>0x6</size>
         <input_file_ref idref="fl-f"/>
      </object_component>
      <object_component id="oc-123">
         <name>.text:GrContextFontSet</name>
         <load_address>0x3ccc</load_address>
         <run_address>0x3ccc</run_address>
         <size>0x6</size>
         <input_file_ref idref="fl-17"/>
      </object_component>
      <object_component id="oc-29">
         <name>.text:ResetISR</name>
         <load_address>0x3cd2</load_address>
         <run_address>0x3cd2</run_address>
         <size>0x6</size>
         <input_file_ref idref="fl-5"/>
      </object_component>
      <object_component id="oc-27a">
         <name>.text:SysCtlDelay</name>
         <load_address>0x3cd8</load_address>
         <run_address>0x3cd8</run_address>
         <size>0x6</size>
         <input_file_ref idref="fl-12"/>
      </object_component>
      <object_component id="oc-147">
         <name>.text:_ZN6Button19attachLongPressStopEPFvvE</name>
         <load_address>0x3cde</load_address>
         <run_address>0x3cde</run_address>
         <size>0x6</size>
         <input_file_ref idref="fl-7"/>
      </object_component>
      <object_component id="oc-349">
         <name>.text:TimerIntClear</name>
         <load_address>0x3ce4</load_address>
         <run_address>0x3ce4</run_address>
         <size>0x4</size>
         <input_file_ref idref="fl-13"/>
      </object_component>
      <object_component id="oc-13b">
         <name>.text:_ZN6Button10setPressMsEj</name>
         <load_address>0x3ce8</load_address>
         <run_address>0x3ce8</run_address>
         <size>0x4</size>
         <input_file_ref idref="fl-7"/>
      </object_component>
      <object_component id="oc-141">
         <name>.text:_ZN6Button11attachPressEPFvvE</name>
         <load_address>0x3cec</load_address>
         <run_address>0x3cec</run_address>
         <size>0x4</size>
         <input_file_ref idref="fl-7"/>
      </object_component>
      <object_component id="oc-135">
         <name>.text:_ZN6Button13setDebounceMsEi</name>
         <load_address>0x3cf0</load_address>
         <run_address>0x3cf0</run_address>
         <size>0x4</size>
         <input_file_ref idref="fl-7"/>
      </object_component>
      <object_component id="oc-12f">
         <name>.text:_ZN6Button17setTickIntervalMsEj</name>
         <load_address>0x3cf4</load_address>
         <run_address>0x3cf4</run_address>
         <size>0x4</size>
         <input_file_ref idref="fl-7"/>
      </object_component>
      <object_component id="oc-58e">
         <name>.text:_ZN6Button8newStateENS_12StateMachineE</name>
         <load_address>0x3cf8</load_address>
         <run_address>0x3cf8</run_address>
         <size>0x4</size>
         <input_file_ref idref="fl-7"/>
      </object_component>
      <object_component id="oc-b2">
         <name>.text:_system_pre_init</name>
         <load_address>0x3cfc</load_address>
         <run_address>0x3cfc</run_address>
         <size>0x4</size>
         <input_file_ref idref="fl-e0"/>
      </object_component>
      <object_component id="oc-1e3">
         <name>.text:abort:abort</name>
         <load_address>0x3d00</load_address>
         <run_address>0x3d00</run_address>
         <size>0x4</size>
         <input_file_ref idref="fl-e2"/>
      </object_component>
      <object_component id="oc-314">
         <name>.const:.string:g_pui8FontFixed6x8Data</name>
         <load_address>0x3d04</load_address>
         <run_address>0x3d04</run_address>
         <size>0x2f8</size>
         <input_file_ref idref="fl-18"/>
      </object_component>
      <object_component id="oc-255">
         <name>.const:g_pppui32XTALtoVCO</name>
         <load_address>0x3ffc</load_address>
         <run_address>0x3ffc</run_address>
         <size>0x1b0</size>
         <input_file_ref idref="fl-12"/>
      </object_component>
      <object_component id="oc-50c">
         <name>.const:.string:_ctypes_</name>
         <load_address>0x41ac</load_address>
         <run_address>0x41ac</run_address>
         <size>0x101</size>
         <input_file_ref idref="fl-e7"/>
      </object_component>
      <object_component id="oc-196">
         <name>.const:g_sFontFixed6x8</name>
         <load_address>0x42b0</load_address>
         <run_address>0x42b0</run_address>
         <size>0xc8</size>
         <input_file_ref idref="fl-18"/>
      </object_component>
      <object_component id="oc-2cc">
         <name>.const:g_pui32Regs</name>
         <load_address>0x4378</load_address>
         <run_address>0x4378</run_address>
         <size>0x9c</size>
         <input_file_ref idref="fl-10"/>
      </object_component>
      <object_component id="oc-4dd">
         <name>.const:g_pui32GPIOBaseAddrs</name>
         <load_address>0x4414</load_address>
         <run_address>0x4414</run_address>
         <size>0x90</size>
         <input_file_ref idref="fl-f"/>
      </object_component>
      <object_component id="oc-252">
         <name>.const:g_pui32Xtals</name>
         <load_address>0x44a4</load_address>
         <run_address>0x44a4</run_address>
         <size>0x6c</size>
         <input_file_ref idref="fl-12"/>
      </object_component>
      <object_component id="oc-227">
         <name>.const:.string:digital_pin_to_bit_mask</name>
         <load_address>0x4510</load_address>
         <run_address>0x4510</run_address>
         <size>0x60</size>
         <input_file_ref idref="fl-7"/>
      </object_component>
      <object_component id="oc-221">
         <name>.const:.string:digital_pin_to_port</name>
         <load_address>0x4570</load_address>
         <run_address>0x4570</run_address>
         <size>0x60</size>
         <input_file_ref idref="fl-7"/>
      </object_component>
      <object_component id="oc-42d">
         <name>.const:g_ppui32TimerIntMap</name>
         <load_address>0x45d0</load_address>
         <run_address>0x45d0</run_address>
         <size>0x60</size>
         <input_file_ref idref="fl-13"/>
      </object_component>
      <object_component id="oc-430">
         <name>.const:g_ppui32TimerIntMapSnowflake</name>
         <load_address>0x4630</load_address>
         <run_address>0x4630</run_address>
         <size>0x40</size>
         <input_file_ref idref="fl-13"/>
      </object_component>
      <object_component id="oc-224">
         <name>.const:port_to_base</name>
         <load_address>0x4670</load_address>
         <run_address>0x4670</run_address>
         <size>0x40</size>
         <input_file_ref idref="fl-7"/>
      </object_component>
      <object_component id="oc-38f">
         <name>.const:g_sXTALtoMEMTIM</name>
         <load_address>0x46b0</load_address>
         <run_address>0x46b0</run_address>
         <size>0x30</size>
         <input_file_ref idref="fl-12"/>
      </object_component>
      <object_component id="oc-193">
         <name>.const:g_sCrystalfontz128x128</name>
         <load_address>0x46e0</load_address>
         <run_address>0x46e0</run_address>
         <size>0x28</size>
         <input_file_ref idref="fl-2"/>
      </object_component>
      <object_component id="oc-2d1">
         <name>.const:g_pui32EnRegs</name>
         <load_address>0x4708</load_address>
         <run_address>0x4708</run_address>
         <size>0x14</size>
         <input_file_ref idref="fl-10"/>
      </object_component>
      <object_component id="oc-296">
         <name>.const:g_psDefaultCodePointMapTable</name>
         <load_address>0x471c</load_address>
         <run_address>0x471c</run_address>
         <size>0x10</size>
         <input_file_ref idref="fl-15"/>
      </object_component>
      <object_component id="oc-258">
         <name>.const:g_pui32VCOFrequencies</name>
         <load_address>0x472c</load_address>
         <run_address>0x472c</run_address>
         <size>0x8</size>
         <input_file_ref idref="fl-12"/>
      </object_component>
      <object_component id="oc-634">
         <name>.cinit..data.load</name>
         <load_address>0x4738</load_address>
         <run_address>0x4738</run_address>
         <size>0xc</size>
      </object_component>
      <object_component id="oc-631">
         <name>__TI_handler_table</name>
         <load_address>0x4744</load_address>
         <run_address>0x4744</run_address>
         <size>0xc</size>
      </object_component>
      <object_component id="oc-635">
         <name>.cinit..bss.load</name>
         <load_address>0x4750</load_address>
         <run_address>0x4750</run_address>
         <size>0x8</size>
      </object_component>
      <object_component id="oc-633">
         <name>.cinit..vtable.load</name>
         <load_address>0x4758</load_address>
         <run_address>0x4758</run_address>
         <size>0x8</size>
      </object_component>
      <object_component id="oc-632">
         <name>__TI_cinit_table</name>
         <load_address>0x4760</load_address>
         <run_address>0x4760</run_address>
         <size>0x18</size>
      </object_component>
      <object_component id="oc-25">
         <name>.init_array</name>
         <load_address>0x4734</load_address>
         <run_address>0x4734</run_address>
         <size>0x4</size>
         <input_file_ref idref="fl-4"/>
      </object_component>
      <object_component id="oc-636">
         <name>SHT$$INIT_ARRAY$$Limit</name>
         <load_address>0x4738</load_address>
         <run_address>0x4738</run_address>
         <size>0x0</size>
      </object_component>
      <object_component id="oc-434">
         <name>.vtable</name>
         <uninitialized>true</uninitialized>
         <run_address>0x20000000</run_address>
         <size>0x26c</size>
         <input_file_ref idref="fl-10"/>
      </object_component>
      <object_component id="oc-3ea">
         <name>.data:Lcd_buffer</name>
         <load_address>0x2000026c</load_address>
         <run_address>0x2000026c</run_address>
         <size>0x8000</size>
         <input_file_ref idref="fl-2"/>
      </object_component>
      <object_component id="oc-1d5">
         <name>.data</name>
         <load_address>0x2000826c</load_address>
         <run_address>0x2000826c</run_address>
         <size>0x14</size>
         <input_file_ref idref="fl-4"/>
      </object_component>
      <object_component id="oc-573">
         <name>.data</name>
         <load_address>0x20008280</load_address>
         <run_address>0x20008280</run_address>
         <size>0x4</size>
         <input_file_ref idref="fl-eb"/>
      </object_component>
      <object_component id="oc-d0">
         <name>.bss:btnStartStop</name>
         <uninitialized>true</uninitialized>
         <run_address>0x20008b30</run_address>
         <size>0xa8</size>
         <input_file_ref idref="fl-4"/>
      </object_component>
      <object_component id="oc-d3">
         <name>.bss:btnReset</name>
         <uninitialized>true</uninitialized>
         <run_address>0x20008a88</run_address>
         <size>0xa8</size>
         <input_file_ref idref="fl-4"/>
      </object_component>
      <object_component id="oc-299">
         <name>.bss</name>
         <uninitialized>true</uninitialized>
         <run_address>0x20008bd8</run_address>
         <size>0x4</size>
         <input_file_ref idref="fl-15"/>
      </object_component>
      <object_component id="oc-28e">
         <name>.common:Lcd_Orientation</name>
         <uninitialized>true</uninitialized>
         <run_address>0x20008be8</run_address>
         <size>0x1</size>
      </object_component>
      <object_component id="oc-287">
         <name>.common:Lcd_ScreenWidth</name>
         <uninitialized>true</uninitialized>
         <run_address>0x20008be2</run_address>
         <size>0x2</size>
      </object_component>
      <object_component id="oc-288">
         <name>.common:Lcd_ScreenHeigth</name>
         <uninitialized>true</uninitialized>
         <run_address>0x20008be0</run_address>
         <size>0x2</size>
      </object_component>
      <object_component id="oc-289">
         <name>.common:Lcd_PenSolid</name>
         <uninitialized>true</uninitialized>
         <run_address>0x20008be9</run_address>
         <size>0x1</size>
      </object_component>
      <object_component id="oc-28a">
         <name>.common:Lcd_FontSolid</name>
         <uninitialized>true</uninitialized>
         <run_address>0x20008be7</run_address>
         <size>0x1</size>
      </object_component>
      <object_component id="oc-28b">
         <name>.common:Lcd_FlagRead</name>
         <uninitialized>true</uninitialized>
         <run_address>0x20008be6</run_address>
         <size>0x1</size>
      </object_component>
      <object_component id="oc-28c">
         <name>.common:Lcd_TouchTrim</name>
         <uninitialized>true</uninitialized>
         <run_address>0x20008be4</run_address>
         <size>0x2</size>
      </object_component>
      <object_component id="oc-18f">
         <name>.common:gSystemClock</name>
         <uninitialized>true</uninitialized>
         <run_address>0x20008bdc</run_address>
         <size>0x4</size>
      </object_component>
      <object_component id="oc-26">
         <name>.stack</name>
         <uninitialized>true</uninitialized>
         <run_address>0x20008288</run_address>
         <size>0x4</size>
         <input_file_ref idref="fl-d5"/>
      </object_component>
      <object_component id="oc-638">
         <name>.stack</name>
         <uninitialized>true</uninitialized>
         <run_address>0x20008288</run_address>
         <size>0x0</size>
      </object_component>
      <object_component id="oc-e1">
         <name>.debug_info</name>
         <load_address>0x0</load_address>
         <run_address>0x0</run_address>
         <size>0x6e1</size>
         <input_file_ref idref="fl-2"/>
      </object_component>
      <object_component id="oc-3eb">
         <name>.debug_info</name>
         <load_address>0x6e1</load_address>
         <run_address>0x6e1</run_address>
         <size>0xe7</size>
         <input_file_ref idref="fl-2"/>
      </object_component>
      <object_component id="oc-194">
         <name>.debug_info</name>
         <load_address>0x7c8</load_address>
         <run_address>0x7c8</run_address>
         <size>0x100</size>
         <input_file_ref idref="fl-2"/>
      </object_component>
      <object_component id="oc-11a">
         <name>.debug_info</name>
         <load_address>0x8c8</load_address>
         <run_address>0x8c8</run_address>
         <size>0x226</size>
         <input_file_ref idref="fl-2"/>
      </object_component>
      <object_component id="oc-3e8">
         <name>.debug_info</name>
         <load_address>0xaee</load_address>
         <run_address>0xaee</run_address>
         <size>0x2c7</size>
         <input_file_ref idref="fl-2"/>
      </object_component>
      <object_component id="oc-30a">
         <name>.debug_info</name>
         <load_address>0xdb5</load_address>
         <run_address>0xdb5</run_address>
         <size>0x247</size>
         <input_file_ref idref="fl-2"/>
      </object_component>
      <object_component id="oc-310">
         <name>.debug_info</name>
         <load_address>0xffc</load_address>
         <run_address>0xffc</run_address>
         <size>0x1c4</size>
         <input_file_ref idref="fl-2"/>
      </object_component>
      <object_component id="oc-2f8">
         <name>.debug_info</name>
         <load_address>0x11c0</load_address>
         <run_address>0x11c0</run_address>
         <size>0x35a</size>
         <input_file_ref idref="fl-2"/>
      </object_component>
      <object_component id="oc-2f2">
         <name>.debug_info</name>
         <load_address>0x151a</load_address>
         <run_address>0x151a</run_address>
         <size>0x1e7</size>
         <input_file_ref idref="fl-2"/>
      </object_component>
      <object_component id="oc-304">
         <name>.debug_info</name>
         <load_address>0x1701</load_address>
         <run_address>0x1701</run_address>
         <size>0x20d</size>
         <input_file_ref idref="fl-2"/>
      </object_component>
      <object_component id="oc-2fe">
         <name>.debug_info</name>
         <load_address>0x190e</load_address>
         <run_address>0x190e</run_address>
         <size>0x233</size>
         <input_file_ref idref="fl-2"/>
      </object_component>
      <object_component id="oc-285">
         <name>.debug_info</name>
         <load_address>0x1b41</load_address>
         <run_address>0x1b41</run_address>
         <size>0x221</size>
         <input_file_ref idref="fl-2"/>
      </object_component>
      <object_component id="oc-115">
         <name>.debug_info</name>
         <load_address>0x1d62</load_address>
         <run_address>0x1d62</run_address>
         <size>0x35c</size>
         <input_file_ref idref="fl-2"/>
      </object_component>
      <object_component id="oc-238">
         <name>.debug_info</name>
         <load_address>0x20be</load_address>
         <run_address>0x20be</run_address>
         <size>0x6bd</size>
         <input_file_ref idref="fl-2"/>
      </object_component>
      <object_component id="oc-8d">
         <name>.debug_info</name>
         <load_address>0x277b</load_address>
         <run_address>0x277b</run_address>
         <size>0x26b</size>
         <input_file_ref idref="fl-2"/>
      </object_component>
      <object_component id="oc-dc">
         <name>.debug_info</name>
         <load_address>0x29e6</load_address>
         <run_address>0x29e6</run_address>
         <size>0x8b</size>
         <input_file_ref idref="fl-2"/>
      </object_component>
      <object_component id="oc-d7">
         <name>.debug_info</name>
         <load_address>0x2a71</load_address>
         <run_address>0x2a71</run_address>
         <size>0x2a4</size>
         <input_file_ref idref="fl-2"/>
      </object_component>
      <object_component id="oc-263">
         <name>.debug_info</name>
         <load_address>0x2d15</load_address>
         <run_address>0x2d15</run_address>
         <size>0xef</size>
         <input_file_ref idref="fl-2"/>
      </object_component>
      <object_component id="oc-92">
         <name>.debug_info</name>
         <load_address>0x2e04</load_address>
         <run_address>0x2e04</run_address>
         <size>0xbb</size>
         <input_file_ref idref="fl-2"/>
      </object_component>
      <object_component id="oc-3e2">
         <name>.debug_info</name>
         <load_address>0x2ebf</load_address>
         <run_address>0x2ebf</run_address>
         <size>0x6a1</size>
         <input_file_ref idref="fl-3"/>
      </object_component>
      <object_component id="oc-27d">
         <name>.debug_info</name>
         <load_address>0x3560</load_address>
         <run_address>0x3560</run_address>
         <size>0x19e</size>
         <input_file_ref idref="fl-3"/>
      </object_component>
      <object_component id="oc-276">
         <name>.debug_info</name>
         <load_address>0x36fe</load_address>
         <run_address>0x36fe</run_address>
         <size>0x208</size>
         <input_file_ref idref="fl-3"/>
      </object_component>
      <object_component id="oc-270">
         <name>.debug_info</name>
         <load_address>0x3906</load_address>
         <run_address>0x3906</run_address>
         <size>0x233</size>
         <input_file_ref idref="fl-3"/>
      </object_component>
      <object_component id="oc-269">
         <name>.debug_info</name>
         <load_address>0x3b39</load_address>
         <run_address>0x3b39</run_address>
         <size>0x2bc</size>
         <input_file_ref idref="fl-3"/>
      </object_component>
      <object_component id="oc-190">
         <name>.debug_info</name>
         <load_address>0x3df5</load_address>
         <run_address>0x3df5</run_address>
         <size>0x1043</size>
         <input_file_ref idref="fl-4"/>
      </object_component>
      <object_component id="oc-1d6">
         <name>.debug_info</name>
         <load_address>0x4e38</load_address>
         <run_address>0x4e38</run_address>
         <size>0x1e5</size>
         <input_file_ref idref="fl-4"/>
      </object_component>
      <object_component id="oc-d1">
         <name>.debug_info</name>
         <load_address>0x501d</load_address>
         <run_address>0x501d</run_address>
         <size>0xd6</size>
         <input_file_ref idref="fl-4"/>
      </object_component>
      <object_component id="oc-d4">
         <name>.debug_info</name>
         <load_address>0x50f3</load_address>
         <run_address>0x50f3</run_address>
         <size>0xce</size>
         <input_file_ref idref="fl-4"/>
      </object_component>
      <object_component id="oc-1d0">
         <name>.debug_info</name>
         <load_address>0x51c1</load_address>
         <run_address>0x51c1</run_address>
         <size>0x153</size>
         <input_file_ref idref="fl-4"/>
      </object_component>
      <object_component id="oc-1c4">
         <name>.debug_info</name>
         <load_address>0x5314</load_address>
         <run_address>0x5314</run_address>
         <size>0x123</size>
         <input_file_ref idref="fl-4"/>
      </object_component>
      <object_component id="oc-1be">
         <name>.debug_info</name>
         <load_address>0x5437</load_address>
         <run_address>0x5437</run_address>
         <size>0x130</size>
         <input_file_ref idref="fl-4"/>
      </object_component>
      <object_component id="oc-1b8">
         <name>.debug_info</name>
         <load_address>0x5567</load_address>
         <run_address>0x5567</run_address>
         <size>0x129</size>
         <input_file_ref idref="fl-4"/>
      </object_component>
      <object_component id="oc-1b2">
         <name>.debug_info</name>
         <load_address>0x5690</load_address>
         <run_address>0x5690</run_address>
         <size>0x135</size>
         <input_file_ref idref="fl-4"/>
      </object_component>
      <object_component id="oc-1ac">
         <name>.debug_info</name>
         <load_address>0x57c5</load_address>
         <run_address>0x57c5</run_address>
         <size>0x131</size>
         <input_file_ref idref="fl-4"/>
      </object_component>
      <object_component id="oc-b9">
         <name>.debug_info</name>
         <load_address>0x58f6</load_address>
         <run_address>0x58f6</run_address>
         <size>0x8cd</size>
         <input_file_ref idref="fl-4"/>
      </object_component>
      <object_component id="oc-80">
         <name>.debug_info</name>
         <load_address>0x61c3</load_address>
         <run_address>0x61c3</run_address>
         <size>0x14a</size>
         <input_file_ref idref="fl-4"/>
      </object_component>
      <object_component id="oc-22b">
         <name>.debug_info</name>
         <load_address>0x630d</load_address>
         <run_address>0x630d</run_address>
         <size>0x764</size>
         <input_file_ref idref="fl-4"/>
      </object_component>
      <object_component id="oc-1d9">
         <name>.debug_info</name>
         <load_address>0x6a71</load_address>
         <run_address>0x6a71</run_address>
         <size>0x941</size>
         <input_file_ref idref="fl-4"/>
      </object_component>
      <object_component id="oc-2e9">
         <name>.debug_info</name>
         <load_address>0x73b2</load_address>
         <run_address>0x73b2</run_address>
         <size>0x2d6</size>
         <input_file_ref idref="fl-4"/>
      </object_component>
      <object_component id="oc-1de">
         <name>.debug_info</name>
         <load_address>0x7688</load_address>
         <run_address>0x7688</run_address>
         <size>0xbb</size>
         <input_file_ref idref="fl-4"/>
      </object_component>
      <object_component id="oc-2df">
         <name>.debug_info</name>
         <load_address>0x7743</load_address>
         <run_address>0x7743</run_address>
         <size>0x2a1</size>
         <input_file_ref idref="fl-4"/>
      </object_component>
      <object_component id="oc-2e4">
         <name>.debug_info</name>
         <load_address>0x79e4</load_address>
         <run_address>0x79e4</run_address>
         <size>0xfe</size>
         <input_file_ref idref="fl-4"/>
      </object_component>
      <object_component id="oc-43">
         <name>.debug_info</name>
         <load_address>0x7ae2</load_address>
         <run_address>0x7ae2</run_address>
         <size>0x29d</size>
         <input_file_ref idref="fl-5"/>
      </object_component>
      <object_component id="oc-14">
         <name>.debug_info</name>
         <load_address>0x7d7f</load_address>
         <run_address>0x7d7f</run_address>
         <size>0xdc</size>
         <input_file_ref idref="fl-5"/>
      </object_component>
      <object_component id="oc-2b">
         <name>.debug_info</name>
         <load_address>0x7e5b</load_address>
         <run_address>0x7e5b</run_address>
         <size>0x10c</size>
         <input_file_ref idref="fl-5"/>
      </object_component>
      <object_component id="oc-33">
         <name>.debug_info</name>
         <load_address>0x7f67</load_address>
         <run_address>0x7f67</run_address>
         <size>0xfa</size>
         <input_file_ref idref="fl-5"/>
      </object_component>
      <object_component id="oc-3f">
         <name>.debug_info</name>
         <load_address>0x8061</load_address>
         <run_address>0x8061</run_address>
         <size>0x115</size>
         <input_file_ref idref="fl-5"/>
      </object_component>
      <object_component id="oc-36">
         <name>.debug_info</name>
         <load_address>0x8176</load_address>
         <run_address>0x8176</run_address>
         <size>0x100</size>
         <input_file_ref idref="fl-5"/>
      </object_component>
      <object_component id="oc-4a">
         <name>.debug_info</name>
         <load_address>0x8276</load_address>
         <run_address>0x8276</run_address>
         <size>0x84</size>
         <input_file_ref idref="fl-5"/>
      </object_component>
      <object_component id="oc-10c">
         <name>.debug_info</name>
         <load_address>0x82fa</load_address>
         <run_address>0x82fa</run_address>
         <size>0x1ab</size>
         <input_file_ref idref="fl-6"/>
      </object_component>
      <object_component id="oc-230">
         <name>.debug_info</name>
         <load_address>0x84a5</load_address>
         <run_address>0x84a5</run_address>
         <size>0x5c5</size>
         <input_file_ref idref="fl-7"/>
      </object_component>
      <object_component id="oc-225">
         <name>.debug_info</name>
         <load_address>0x8a6a</load_address>
         <run_address>0x8a6a</run_address>
         <size>0x14c</size>
         <input_file_ref idref="fl-7"/>
      </object_component>
      <object_component id="oc-222">
         <name>.debug_info</name>
         <load_address>0x8bb6</load_address>
         <run_address>0x8bb6</run_address>
         <size>0x15a</size>
         <input_file_ref idref="fl-7"/>
      </object_component>
      <object_component id="oc-228">
         <name>.debug_info</name>
         <load_address>0x8d10</load_address>
         <run_address>0x8d10</run_address>
         <size>0x162</size>
         <input_file_ref idref="fl-7"/>
      </object_component>
      <object_component id="oc-cb">
         <name>.debug_info</name>
         <load_address>0x8e72</load_address>
         <run_address>0x8e72</run_address>
         <size>0x389</size>
         <input_file_ref idref="fl-7"/>
      </object_component>
      <object_component id="oc-58f">
         <name>.debug_info</name>
         <load_address>0x91fb</load_address>
         <run_address>0x91fb</run_address>
         <size>0x2bd</size>
         <input_file_ref idref="fl-7"/>
      </object_component>
      <object_component id="oc-4ac">
         <name>.debug_info</name>
         <load_address>0x94b8</load_address>
         <run_address>0x94b8</run_address>
         <size>0x2b0</size>
         <input_file_ref idref="fl-7"/>
      </object_component>
      <object_component id="oc-2ad">
         <name>.debug_info</name>
         <load_address>0x9768</load_address>
         <run_address>0x9768</run_address>
         <size>0x2d9</size>
         <input_file_ref idref="fl-7"/>
      </object_component>
      <object_component id="oc-595">
         <name>.debug_info</name>
         <load_address>0x9a41</load_address>
         <run_address>0x9a41</run_address>
         <size>0x284</size>
         <input_file_ref idref="fl-7"/>
      </object_component>
      <object_component id="oc-12a">
         <name>.debug_info</name>
         <load_address>0x9cc5</load_address>
         <run_address>0x9cc5</run_address>
         <size>0x2fb</size>
         <input_file_ref idref="fl-7"/>
      </object_component>
      <object_component id="oc-4a6">
         <name>.debug_info</name>
         <load_address>0x9fc0</load_address>
         <run_address>0x9fc0</run_address>
         <size>0x2cb</size>
         <input_file_ref idref="fl-7"/>
      </object_component>
      <object_component id="oc-4b2">
         <name>.debug_info</name>
         <load_address>0xa28b</load_address>
         <run_address>0xa28b</run_address>
         <size>0x467</size>
         <input_file_ref idref="fl-7"/>
      </object_component>
      <object_component id="oc-35e">
         <name>.debug_info</name>
         <load_address>0xa6f2</load_address>
         <run_address>0xa6f2</run_address>
         <size>0x2ef</size>
         <input_file_ref idref="fl-7"/>
      </object_component>
      <object_component id="oc-148">
         <name>.debug_info</name>
         <load_address>0xa9e1</load_address>
         <run_address>0xa9e1</run_address>
         <size>0x2bb</size>
         <input_file_ref idref="fl-7"/>
      </object_component>
      <object_component id="oc-130">
         <name>.debug_info</name>
         <load_address>0xac9c</load_address>
         <run_address>0xac9c</run_address>
         <size>0x2b7</size>
         <input_file_ref idref="fl-7"/>
      </object_component>
      <object_component id="oc-136">
         <name>.debug_info</name>
         <load_address>0xaf53</load_address>
         <run_address>0xaf53</run_address>
         <size>0x2af</size>
         <input_file_ref idref="fl-7"/>
      </object_component>
      <object_component id="oc-142">
         <name>.debug_info</name>
         <load_address>0xb202</load_address>
         <run_address>0xb202</run_address>
         <size>0x2ab</size>
         <input_file_ref idref="fl-7"/>
      </object_component>
      <object_component id="oc-13c">
         <name>.debug_info</name>
         <load_address>0xb4ad</load_address>
         <run_address>0xb4ad</run_address>
         <size>0x2a9</size>
         <input_file_ref idref="fl-7"/>
      </object_component>
      <object_component id="oc-4db">
         <name>.debug_info</name>
         <load_address>0xb756</load_address>
         <run_address>0xb756</run_address>
         <size>0x2dc</size>
         <input_file_ref idref="fl-e"/>
      </object_component>
      <object_component id="oc-101">
         <name>.debug_info</name>
         <load_address>0xba32</load_address>
         <run_address>0xba32</run_address>
         <size>0x22e</size>
         <input_file_ref idref="fl-e"/>
      </object_component>
      <object_component id="oc-fd">
         <name>.debug_info</name>
         <load_address>0xbc60</load_address>
         <run_address>0xbc60</run_address>
         <size>0x216</size>
         <input_file_ref idref="fl-e"/>
      </object_component>
      <object_component id="oc-3aa">
         <name>.debug_info</name>
         <load_address>0xbe76</load_address>
         <run_address>0xbe76</run_address>
         <size>0x26b</size>
         <input_file_ref idref="fl-e"/>
      </object_component>
      <object_component id="oc-39f">
         <name>.debug_info</name>
         <load_address>0xc0e1</load_address>
         <run_address>0xc0e1</run_address>
         <size>0x297</size>
         <input_file_ref idref="fl-e"/>
      </object_component>
      <object_component id="oc-394">
         <name>.debug_info</name>
         <load_address>0xc378</load_address>
         <run_address>0xc378</run_address>
         <size>0xef</size>
         <input_file_ref idref="fl-e"/>
      </object_component>
      <object_component id="oc-25c">
         <name>.debug_info</name>
         <load_address>0xc467</load_address>
         <run_address>0xc467</run_address>
         <size>0xbb</size>
         <input_file_ref idref="fl-e"/>
      </object_component>
      <object_component id="oc-429">
         <name>.debug_info</name>
         <load_address>0xc522</load_address>
         <run_address>0xc522</run_address>
         <size>0x3e4</size>
         <input_file_ref idref="fl-f"/>
      </object_component>
      <object_component id="oc-4de">
         <name>.debug_info</name>
         <load_address>0xc906</load_address>
         <run_address>0xc906</run_address>
         <size>0x164</size>
         <input_file_ref idref="fl-f"/>
      </object_component>
      <object_component id="oc-3cf">
         <name>.debug_info</name>
         <load_address>0xca6a</load_address>
         <run_address>0xca6a</run_address>
         <size>0x2ac</size>
         <input_file_ref idref="fl-f"/>
      </object_component>
      <object_component id="oc-41d">
         <name>.debug_info</name>
         <load_address>0xcd16</load_address>
         <run_address>0xcd16</run_address>
         <size>0x2bc</size>
         <input_file_ref idref="fl-f"/>
      </object_component>
      <object_component id="oc-423">
         <name>.debug_info</name>
         <load_address>0xcfd2</load_address>
         <run_address>0xcfd2</run_address>
         <size>0x31f</size>
         <input_file_ref idref="fl-f"/>
      </object_component>
      <object_component id="oc-3b0">
         <name>.debug_info</name>
         <load_address>0xd2f1</load_address>
         <run_address>0xd2f1</run_address>
         <size>0x299</size>
         <input_file_ref idref="fl-f"/>
      </object_component>
      <object_component id="oc-3bc">
         <name>.debug_info</name>
         <load_address>0xd58a</load_address>
         <run_address>0xd58a</run_address>
         <size>0x2c0</size>
         <input_file_ref idref="fl-f"/>
      </object_component>
      <object_component id="oc-2a7">
         <name>.debug_info</name>
         <load_address>0xd84a</load_address>
         <run_address>0xd84a</run_address>
         <size>0x2a5</size>
         <input_file_ref idref="fl-f"/>
      </object_component>
      <object_component id="oc-588">
         <name>.debug_info</name>
         <load_address>0xdaef</load_address>
         <run_address>0xdaef</run_address>
         <size>0x284</size>
         <input_file_ref idref="fl-f"/>
[...]
      <symbol id="sm-217">
         <name>__sti___8_main_cpp_gTimeMs</name>
         <value>0x37d9</value>
         <object_component_ref idref="oc-7f"/>
      </symbol>
      <symbol id="sm-218">
         <name>main</name>
         <value>0xc51</value>
         <object_component_ref idref="oc-b8"/>
      </symbol>
      <symbol id="sm-219">
         <name>Timer1AIntHandler</name>
         <value>0x39e5</value>
         <object_component_ref idref="oc-1cf"/>
      </symbol>
      <symbol id="sm-21a">
         <name>gTimeMs</name>
         <value>0x2000826c</value>
         <object_component_ref idref="oc-1d5"/>
      </symbol>
      <symbol id="sm-21b">
         <name>gRunning</name>
         <value>0x20008274</value>
         <object_component_ref idref="oc-1d5"/>
      </symbol>
      <symbol id="sm-251">
         <name>ResetISR</name>
         <value>0x3cd3</value>
         <object_component_ref idref="oc-29"/>
      </symbol>
      <symbol id="sm-252">
         <name>g_pfnVectors</name>
         <value>0x0</value>
         <object_component_ref idref="oc-13"/>
      </symbol>
      <symbol id="sm-25e">
         <name>SysCtlFrequencyGet</name>
         <value>0x3341</value>
         <object_component_ref idref="oc-10b"/>
      </symbol>
      <symbol id="sm-327">
         <name>_ZN6Button19attachLongPressStopEPFvvE</name>
         <value>0x3cdf</value>
         <object_component_ref idref="oc-147"/>
      </symbol>
      <symbol id="sm-328">
         <name>_ZN6Button17setTickIntervalMsEj</name>
         <value>0x3cf5</value>
         <object_component_ref idref="oc-12f"/>
      </symbol>
      <symbol id="sm-329">
         <name>_ZN6ButtonC1Ehjjj10ButtonPull</name>
         <value>0x20bd</value>
         <object_component_ref idref="oc-ca"/>
      </symbol>
      <symbol id="sm-32a">
         <name>_ZN6Button11attachPressEPFvvE</name>
         <value>0x3ced</value>
         <object_component_ref idref="oc-141"/>
      </symbol>
      <symbol id="sm-32b">
         <name>_ZN6Button5resetEv</name>
         <value>0x3c3d</value>
         <object_component_ref idref="oc-594"/>
      </symbol>
      <symbol id="sm-32c">
         <name>_ZN6Button4tickEv</name>
         <value>0x3999</value>
         <object_component_ref idref="oc-35d"/>
      </symbol>
      <symbol id="sm-32d">
         <name>_ZN6Button10setPressMsEj</name>
         <value>0x3ce9</value>
         <object_component_ref idref="oc-13b"/>
      </symbol>
      <symbol id="sm-32e">
         <name>_ZN6Button8newStateENS_12StateMachineE</name>
         <value>0x3cf9</value>
         <object_component_ref idref="oc-58e"/>
      </symbol>
      <symbol id="sm-32f">
         <name>_ZN6Button5beginEv</name>
         <value>0x3895</value>
         <object_component_ref idref="oc-129"/>
      </symbol>
      <symbol id="sm-330">
         <name>_ZN6ButtonC2Ehjjj10ButtonPull</name>
         <value>0x20bd</value>
         <object_component_ref idref="oc-ca"/>
      </symbol>
      <symbol id="sm-331">
         <name>_ZN6Button14applyPadConfigEv</name>
         <value>0x3867</value>
         <object_component_ref idref="oc-2ac"/>
      </symbol>
      <symbol id="sm-332">
         <name>_ZN6Button13setDebounceMsEi</name>
         <value>0x3cf1</value>
         <object_component_ref idref="oc-135"/>
      </symbol>
      <symbol id="sm-333">
         <name>_ZN6Button3fsmEb</name>
         <value>0x1ce1</value>
         <object_component_ref idref="oc-4b1"/>
      </symbol>
      <symbol id="sm-334">
         <name>_ZN6Button8debounceEb</name>
         <value>0x33d1</value>
         <object_component_ref idref="oc-4ab"/>
      </symbol>
      <symbol id="sm-335">
         <name>_ZN6Button12readPhysicalEv</name>
         <value>0x3949</value>
         <object_component_ref idref="oc-4a5"/>
      </symbol>
      <symbol id="sm-362">
         <name>FPULazyStackingEnable</name>
         <value>0x3c0d</value>
         <object_component_ref idref="oc-ff"/>
      </symbol>
      <symbol id="sm-363">
         <name>FPUEnable</name>
         <value>0x3bfd</value>
         <object_component_ref idref="oc-f9"/>
      </symbol>
      <symbol id="sm-3bd">
         <name>GPIOPinConfigure</name>
         <value>0x31c5</value>
         <object_component_ref idref="oc-3b5"/>
      </symbol>
      <symbol id="sm-3be">
         <name>GPIOPinTypeGPIOInput</name>
         <value>0x3b59</value>
         <object_component_ref idref="oc-2a6"/>
      </symbol>
      <symbol id="sm-3bf">
         <name>GPIOPinTypeGPIOOutput</name>
         <value>0x3add</value>
         <object_component_ref idref="oc-3bb"/>
      </symbol>
      <symbol id="sm-3c0">
         <name>GPIOPinRead</name>
         <value>0x3cc1</value>
         <object_component_ref idref="oc-586"/>
      </symbol>
      <symbol id="sm-3c1">
         <name>GPIODirModeSet</name>
         <value>0x38f1</value>
         <object_component_ref idref="oc-41c"/>
      </symbol>
      <symbol id="sm-3c2">
         <name>GPIOPinWrite</name>
         <value>0x3cc7</value>
         <object_component_ref idref="oc-3ce"/>
      </symbol>
      <symbol id="sm-3c3">
         <name>GPIOPadConfigSet</name>
         <value>0x1b75</value>
         <object_component_ref idref="oc-422"/>
      </symbol>
      <symbol id="sm-3c4">
         <name>GPIOPinTypeSSI</name>
         <value>0x3b6f</value>
         <object_component_ref idref="oc-3af"/>
      </symbol>
      <symbol id="sm-418">
         <name>IntPrioritySet</name>
         <value>0x39c1</value>
         <object_component_ref idref="oc-177"/>
      </symbol>
      <symbol id="sm-419">
         <name>IntEnable</name>
         <value>0x2e11</value>
         <object_component_ref idref="oc-17d"/>
      </symbol>
      <symbol id="sm-41a">
         <name>IntRegister</name>
         <value>0x36d9</value>
         <object_component_ref idref="oc-2c4"/>
      </symbol>
      <symbol id="sm-41b">
         <name>IntMasterDisable</name>
         <value>0x3c1d</value>
         <object_component_ref idref="oc-f3"/>
      </symbol>
      <symbol id="sm-41c">
         <name>g_pfnRAMVectors</name>
         <value>0x20000000</value>
         <object_component_ref idref="oc-434"/>
      </symbol>
      <symbol id="sm-41d">
         <name>IntMasterEnable</name>
         <value>0x3c2d</value>
         <object_component_ref idref="oc-189"/>
      </symbol>
      <symbol id="sm-444">
         <name>SSIDataPut</name>
         <value>0x3c8d</value>
         <object_component_ref idref="oc-3db"/>
      </symbol>
      <symbol id="sm-445">
         <name>SSIConfigSetExpClk</name>
         <value>0x362b</value>
         <object_component_ref idref="oc-3c2"/>
      </symbol>
      <symbol id="sm-446">
         <name>SSIEnable</name>
         <value>0x3c97</value>
         <object_component_ref idref="oc-3c8"/>
      </symbol>
      <symbol id="sm-447">
         <name>SSIBusy</name>
         <value>0x3ca9</value>
         <object_component_ref idref="oc-3d5"/>
      </symbol>
      <symbol id="sm-4c2">
         <name>SysCtlDelay</name>
         <value>0x3cd9</value>
         <object_component_ref idref="oc-27a"/>
      </symbol>
      <symbol id="sm-4c3">
         <name>SysCtlPeripheralEnable</name>
         <value>0x370d</value>
         <object_component_ref idref="oc-14d"/>
      </symbol>
      <symbol id="sm-4c4">
         <name>SysCtlPeripheralReady</name>
         <value>0x36a1</value>
         <object_component_ref idref="oc-153"/>
      </symbol>
      <symbol id="sm-4c5">
         <name>SysCtlClockFreqSet</name>
         <value>0x15ed</value>
         <object_component_ref idref="oc-105"/>
      </symbol>
      <symbol id="sm-52a">
         <name>TimerLoadSet</name>
         <value>0x3bd9</value>
         <object_component_ref idref="oc-165"/>
      </symbol>
      <symbol id="sm-52b">
         <name>TimerDisable</name>
         <value>0x3b11</value>
         <object_component_ref idref="oc-159"/>
      </symbol>
      <symbol id="sm-52c">
         <name>TimerIntRegister</name>
         <value>0x3b29</value>
         <object_component_ref idref="oc-16b"/>
      </symbol>
      <symbol id="sm-52d">
         <name>TimerEnable</name>
         <value>0x3c4d</value>
         <object_component_ref idref="oc-183"/>
      </symbol>
      <symbol id="sm-52e">
         <name>TimerIntEnable</name>
         <value>0x3cb1</value>
         <object_component_ref idref="oc-171"/>
      </symbol>
      <symbol id="sm-52f">
         <name>TimerConfigure</name>
         <value>0x2fad</value>
         <object_component_ref idref="oc-15f"/>
      </symbol>
      <symbol id="sm-530">
         <name>TimerIntClear</name>
         <value>0x3ce5</value>
         <object_component_ref idref="oc-349"/>
      </symbol>
      <symbol id="sm-542">
         <name>CPUcpsie</name>
         <value>0x3c75</value>
         <object_component_ref idref="oc-2d6"/>
      </symbol>
      <symbol id="sm-543">
         <name>CPUcpsid</name>
         <value>0x3c69</value>
         <object_component_ref idref="oc-23d"/>
      </symbol>
      <symbol id="sm-567">
         <name>GrContextInit</name>
         <value>0x2da9</value>
         <object_component_ref idref="oc-11d"/>
      </symbol>
      <symbol id="sm-568">
         <name>g_psDefaultCodePointMapTable</name>
         <value>0x471c</value>
         <object_component_ref idref="oc-296"/>
      </symbol>
      <symbol id="sm-57f">
         <name>GrRectFill</name>
         <value>0x29cd</value>
         <object_component_ref idref="oc-19f"/>
      </symbol>
      <symbol id="sm-580">
         <name>GrRectDraw</name>
         <value>0x2ee1</value>
         <object_component_ref idref="oc-1c9"/>
      </symbol>
      <symbol id="sm-610">
         <name>GrFontInfoGet</name>
         <value>0x3973</value>
         <object_component_ref idref="oc-3ee"/>
      </symbol>
      <symbol id="sm-611">
         <name>GrDefaultStringRenderer</name>
         <value>0x25e1</value>
         <object_component_ref idref="oc-290"/>
      </symbol>
      <symbol id="sm-612">
         <name>GrFontGlyphRender</name>
         <value>0x1399</value>
         <object_component_ref idref="oc-400"/>
      </symbol>
      <symbol id="sm-613">
         <name>GrContextFontSet</name>
         <value>0x3ccd</value>
         <object_component_ref idref="oc-123"/>
      </symbol>
      <symbol id="sm-614">
         <name>GrFontGlyphDataGet</name>
         <value>0x3a09</value>
         <object_component_ref idref="oc-3fa"/>
      </symbol>
      <symbol id="sm-615">
         <name>GrStringDraw</name>
         <value>0x3b85</value>
         <object_component_ref idref="oc-199"/>
      </symbol>
      <symbol id="sm-616">
         <name>GrFontCodepageGet</name>
         <value>0x3a6b</value>
         <object_component_ref idref="oc-413"/>
      </symbol>
      <symbol id="sm-617">
         <name>GrStringNextCharGet</name>
         <value>0x3839</value>
         <object_component_ref idref="oc-3f4"/>
      </symbol>
      <symbol id="sm-629">
         <name>g_sFontFixed6x8</name>
         <value>0x42b0</value>
         <object_component_ref idref="oc-196"/>
      </symbol>
      <symbol id="sm-636">
         <name>GrMapISO8859_1_Unicode</name>
         <value>0x3ca1</value>
         <object_component_ref idref="oc-407"/>
      </symbol>
      <symbol id="sm-64f">
         <name>GrLineDrawH</name>
         <value>0x3461</value>
         <object_component_ref idref="oc-350"/>
      </symbol>
      <symbol id="sm-650">
         <name>GrLineDrawV</name>
         <value>0x34a7</value>
         <object_component_ref idref="oc-356"/>
      </symbol>
      <symbol id="sm-689">
         <name>snprintf</name>
         <value>0x32a9</value>
         <object_component_ref idref="oc-1a5"/>
      </symbol>
      <symbol id="sm-6a4">
         <name>memcpy</name>
         <value>0x280f</value>
         <object_component_ref idref="oc-4f"/>
      </symbol>
      <symbol id="sm-6a5">
         <name>__aeabi_memcpy</name>
         <value>0x280f</value>
         <object_component_ref idref="oc-4f"/>
      </symbol>
      <symbol id="sm-6a6">
         <name>__aeabi_memcpy8</name>
         <value>0x280f</value>
         <object_component_ref idref="oc-4f"/>
      </symbol>
      <symbol id="sm-6a7">
         <name>__aeabi_memcpy4</name>
         <value>0x280f</value>
         <object_component_ref idref="oc-4f"/>
      </symbol>
      <symbol id="sm-6c0">
         <name>__TI_zero_init_nomemset</name>
         <value>0x3aa5</value>
         <object_component_ref idref="oc-5b"/>
      </symbol>
      <symbol id="sm-6d7">
         <name>__TI_decompress_none</name>
         <value>0x3c5b</value>
         <object_component_ref idref="oc-1c"/>
      </symbol>
      <symbol id="sm-6fa">
         <name>__TI_decompress_lzss</name>
         <value>0x2e79</value>
         <object_component_ref idref="oc-16"/>
      </symbol>
      <symbol id="sm-70d">
         <name>__stack</name>
         <value>0x20008288</value>
         <object_component_ref idref="oc-26"/>
      </symbol>
      <symbol id="sm-70e">
         <name>_c_int00_noargs</name>
         <value>0x3775</value>
         <object_component_ref idref="oc-6d"/>
      </symbol>
      <symbol id="sm-873">
         <name>__TI_printfi</name>
         <value>0x201</value>
         <object_component_ref idref="oc-322"/>
      </symbol>
      <symbol id="sm-88a">
         <name>__aeabi_dsub</name>
         <value>0x19bd</value>
         <object_component_ref idref="oc-537"/>
      </symbol>
      <symbol id="sm-88b">
         <name>__aeabi_dadd</name>
         <value>0x19c7</value>
         <object_component_ref idref="oc-537"/>
      </symbol>
      <symbol id="sm-8ad">
         <name>__aeabi_cdcmpeq</name>
         <value>0x2a53</value>
         <object_component_ref idref="oc-45d"/>
      </symbol>
      <symbol id="sm-8ae">
         <name>__aeabi_cdcmple</name>
         <value>0x2a53</value>
         <object_component_ref idref="oc-45d"/>
      </symbol>
      <symbol id="sm-8af">
         <name>__aeabi_cdrcmple</name>
         <value>0x2ad9</value>
         <object_component_ref idref="oc-522"/>
      </symbol>
      <symbol id="sm-8c3">
         <name>__aeabi_ddiv</name>
         <value>0x1f85</value>
         <object_component_ref idref="oc-51d"/>
      </symbol>
      <symbol id="sm-8ce">
         <name>__aeabi_dmul</name>
         <value>0x241d</value>
         <object_component_ref idref="oc-518"/>
      </symbol>
      <symbol id="sm-8d8">
         <name>__aeabi_d2iz</name>
         <value>0x3419</value>
         <object_component_ref idref="oc-527"/>
      </symbol>
      <symbol id="sm-8e2">
         <name>__aeabi_i2d</name>
         <value>0x38c3</value>
         <object_component_ref idref="oc-532"/>
      </symbol>
      <symbol id="sm-8f1">
         <name>__aeabi_memset</name>
         <value>0x2b61</value>
         <object_component_ref idref="oc-ac"/>
      </symbol>
      <symbol id="sm-8f2">
         <name>memset</name>
         <value>0x2b67</value>
         <object_component_ref idref="oc-ac"/>
      </symbol>
      <symbol id="sm-8f3">
         <name>__aeabi_memset8</name>
         <value>0x2b61</value>
         <object_component_ref idref="oc-ac"/>
      </symbol>
      <symbol id="sm-8f4">
         <name>__aeabi_memset4</name>
         <value>0x2b61</value>
         <object_component_ref idref="oc-ac"/>
      </symbol>
      <symbol id="sm-8f5">
         <name>__aeabi_memclr8</name>
         <value>0x2b5f</value>
         <object_component_ref idref="oc-ac"/>
      </symbol>
      <symbol id="sm-8f6">
         <name>__aeabi_memclr4</name>
         <value>0x2b5f</value>
         <object_component_ref idref="oc-ac"/>
      </symbol>
      <symbol id="sm-8f7">
         <name>__aeabi_memclr</name>
         <value>0x2b5f</value>
         <object_component_ref idref="oc-ac"/>
      </symbol>
      <symbol id="sm-904">
         <name>__aeabi_uldivmod</name>
         <value>0x28ab</value>
         <object_component_ref idref="oc-511"/>
      </symbol>
      <symbol id="sm-931">
         <name>__TI_auto_init_nobinit</name>
         <value>0x300d</value>
         <object_component_ref idref="oc-1f5"/>
      </symbol>
      <symbol id="sm-93b">
         <name>_system_pre_init</name>
         <value>0x3cfd</value>
         <object_component_ref idref="oc-b2"/>
      </symbol>
      <symbol id="sm-947">
         <name>C$$EXIT</name>
         <value>0x3d01</value>
         <object_component_ref idref="oc-1e3"/>
      </symbol>
      <symbol id="sm-948">
         <name>abort</name>
         <value>0x3d01</value>
         <object_component_ref idref="oc-1e3"/>
      </symbol>
      <symbol id="sm-958">
         <name>__TI_ltoa</name>
         <value>0x311d</value>
         <object_component_ref idref="oc-52c"/>
      </symbol>
      <symbol id="sm-96f">
         <name>atoi</name>
         <value>0x325d</value>
         <object_component_ref idref="oc-451"/>
      </symbol>
      <symbol id="sm-97a">
         <name>_ctypes_</name>
         <value>0x41ac</value>
         <object_component_ref idref="oc-50c"/>
      </symbol>
      <symbol id="sm-98a">
         <name>memccpy</name>
         <value>0x3ac1</value>
         <object_component_ref idref="oc-47a"/>
      </symbol>
      <symbol id="sm-99a">
         <name>strchr</name>
         <value>0x3b9b</value>
         <object_component_ref idref="oc-563"/>
      </symbol>
      <symbol id="sm-9a8">
         <name>strlen</name>
         <value>0x3bc5</value>
         <object_component_ref idref="oc-44b"/>
      </symbol>
      <symbol id="sm-9be">
         <name>__aeabi_errno_addr</name>
         <value>0x3cb9</value>
         <object_component_ref idref="oc-486"/>
      </symbol>
      <symbol id="sm-9bf">
         <name>errno</name>
         <value>0x20008280</value>
         <object_component_ref idref="oc-573"/>
      </symbol>
      <symbol id="sm-9d8">
         <name>wcslen</name>
         <value>0x3beb</value>
         <object_component_ref idref="oc-480"/>
      </symbol>
      <symbol id="sm-9f8">
         <name>frexpl</name>
         <value>0x2f49</value>
         <object_component_ref idref="oc-557"/>
      </symbol>
      <symbol id="sm-9f9">
         <name>frexp</name>
         <value>0x2f49</value>
         <object_component_ref idref="oc-557"/>
      </symbol>
      <symbol id="sm-a16">
         <name>scalbn</name>
         <value>0x230d</value>
         <object_component_ref idref="oc-55d"/>
      </symbol>
      <symbol id="sm-a17">
         <name>scalbnl</name>
         <value>0x230d</value>
         <object_component_ref idref="oc-55d"/>
      </symbol>
      <symbol id="sm-a18">
         <name>ldexpl</name>
         <value>0x230d</value>
         <object_component_ref idref="oc-55d"/>
      </symbol>
      <symbol id="sm-a19">
         <name>ldexp</name>
         <value>0x230d</value>
         <object_component_ref idref="oc-55d"/>
      </symbol>
      <symbol id="sm-a23">
         <name>__aeabi_idiv0</name>
         <value>0x2f47</value>
         <object_component_ref idref="oc-5bb"/>
      </symbol>
      <symbol id="sm-a24">
         <name>__aeabi_ldiv0</name>
         <value>0x2f47</value>
         <object_component_ref idref="oc-5bb"/>
      </symbol>
      <symbol id="sm-a2e">
         <name>copysign</name>
         <value>0x3af7</value>
         <object_component_ref idref="oc-5d4"/>
      </symbol>
      <symbol id="sm-a2f">
         <name>copysignl</name>
         <value>0x3af7</value>
         <object_component_ref idref="oc-5d4"/>
      </symbol>
      <symbol id="sm-a30">
         <name>__TI_static_base__</name>
         <value>0x0</value>
      </symbol>
      <symbol id="sm-a33">
         <name>__mpu_init</name>
         <value>0x0</value>
      </symbol>
      <symbol id="sm-a34">
         <name>_system_post_cinit</name>
         <value>0x0</value>
      </symbol>
   </symbol_table>
   <title>Link successful</title>
</link_info>
