<?xml version="1.0" encoding="ISO-8859-1" ?>
<link_info>
   <banner>TI ARM Linker PC v20.2.7.LTS</banner>
   <copyright>Copyright (c) 1996-2018 Texas Instruments Incorporated</copyright>
   <link_time>0x69bc46a8</link_time>
   <link_errors>0x0</link_errors>
   <output_file>lab0.out</output_file>
   <entry_point>
      <name>_c_int00_noargs</name>
      <address>0x397d</address>
   </entry_point>
   <input_file_list>
      <input_file id="fl-2">
         <path>.\</path>
         <kind>object</kind>
         <file>main.obj</file>
         <name>main.obj</name>
      </input_file>
      <input_file id="fl-3">
         <path>.\</path>
         <kind>object</kind>
         <file>startup_ccs.obj</file>
         <name>startup_ccs.obj</name>
      </input_file>
      <input_file id="fl-4">
         <path>.\libraries\buttonsDriver\</path>
         <kind>object</kind>
         <file>button.obj</file>
         <name>button.obj</name>
      </input_file>
      <input_file id="fl-5">
         <path>.\libraries\display\</path>
         <kind>object</kind>
         <file>Crystalfontz128x128_ST7735.obj</file>
         <name>Crystalfontz128x128_ST7735.obj</name>
      </input_file>
      <input_file id="fl-6">
         <path>.\libraries\display\</path>
         <kind>object</kind>
         <file>HAL_EK_TM4C1294XL_Crystalfontz128x128_ST7735.obj</file>
         <name>HAL_EK_TM4C1294XL_Crystalfontz128x128_ST7735.obj</name>
      </input_file>
      <input_file id="fl-7">
         <path>.\libraries\joystickDriver\</path>
         <kind>object</kind>
         <file>joystick.obj</file>
         <name>joystick.obj</name>
      </input_file>
      <input_file id="fl-8">
         <path>.\libraries\pll\</path>
         <kind>object</kind>
         <file>sysctl_pll.obj</file>
         <name>sysctl_pll.obj</name>
      </input_file>
      <input_file id="fl-9">
         <path>.\libraries\timerLib\</path>
         <kind>object</kind>
         <file>timerLib.obj</file>
         <name>timerLib.obj</name>
      </input_file>
      <input_file id="fl-f">
         <kind>object</kind>
         <file>&lt;internal&gt;</file>
         <name>&lt;internal&gt;</name>
      </input_file>
      <input_file id="fl-10">
         <path>C:\ti\TivaWare_C_Series-2.2.0.295\driverlib\ccs\Debug\</path>
         <kind>archive</kind>
         <file>driverlib.lib</file>
         <name>adc.obj</name>
      </input_file>
      <input_file id="fl-11">
         <path>C:\ti\TivaWare_C_Series-2.2.0.295\driverlib\ccs\Debug\</path>
         <kind>archive</kind>
         <file>driverlib.lib</file>
         <name>fpu.obj</name>
      </input_file>
      <input_file id="fl-12">
         <path>C:\ti\TivaWare_C_Series-2.2.0.295\driverlib\ccs\Debug\</path>
         <kind>archive</kind>
         <file>driverlib.lib</file>
         <name>gpio.obj</name>
      </input_file>
      <input_file id="fl-13">
         <path>C:\ti\TivaWare_C_Series-2.2.0.295\driverlib\ccs\Debug\</path>
         <kind>archive</kind>
         <file>driverlib.lib</file>
         <name>interrupt.obj</name>
      </input_file>
      <input_file id="fl-14">
         <path>C:\ti\TivaWare_C_Series-2.2.0.295\driverlib\ccs\Debug\</path>
         <kind>archive</kind>
         <file>driverlib.lib</file>
         <name>ssi.obj</name>
      </input_file>
      <input_file id="fl-15">
         <path>C:\ti\TivaWare_C_Series-2.2.0.295\driverlib\ccs\Debug\</path>
         <kind>archive</kind>
         <file>driverlib.lib</file>
         <name>sysctl.obj</name>
      </input_file>
      <input_file id="fl-16">
         <path>C:\ti\TivaWare_C_Series-2.2.0.295\driverlib\ccs\Debug\</path>
         <kind>archive</kind>
         <file>driverlib.lib</file>
         <name>timer.obj</name>
      </input_file>
      <input_file id="fl-17">
         <path>C:\ti\TivaWare_C_Series-2.2.0.295\driverlib\ccs\Debug\</path>
         <kind>archive</kind>
         <file>driverlib.lib</file>
         <name>cpu.obj</name>
      </input_file>
      <input_file id="fl-18">
         <path>C:\ti\TivaWare_C_Series-2.2.0.295\grlib\ccs\Debug\</path>
         <kind>archive</kind>
         <file>grlib.lib</file>
         <name>context.obj</name>
      </input_file>
      <input_file id="fl-19">
         <path>C:\ti\TivaWare_C_Series-2.2.0.295\grlib\ccs\Debug\</path>
         <kind>archive</kind>
         <file>grlib.lib</file>
         <name>rectangle.obj</name>
      </input_file>
      <input_file id="fl-1a">
         <path>C:\ti\TivaWare_C_Series-2.2.0.295\grlib\ccs\Debug\</path>
         <kind>archive</kind>
         <file>grlib.lib</file>
         <name>string.obj</name>
      </input_file>
      <input_file id="fl-1b">
         <path>C:\ti\TivaWare_C_Series-2.2.0.295\grlib\ccs\Debug\</path>
         <kind>archive</kind>
         <file>grlib.lib</file>
         <name>fontfixed6x8.obj</name>
      </input_file>
      <input_file id="fl-1c">
         <path>C:\ti\TivaWare_C_Series-2.2.0.295\grlib\ccs\Debug\</path>
         <kind>archive</kind>
         <file>grlib.lib</file>
         <name>charmap.obj</name>
      </input_file>
      <input_file id="fl-1d">
         <path>C:\ti\TivaWare_C_Series-2.2.0.295\grlib\ccs\Debug\</path>
         <kind>archive</kind>
         <file>grlib.lib</file>
         <name>line.obj</name>
      </input_file>
      <input_file id="fl-d3">
         <path>C:\ti\ccs1281\ccs\tools\compiler\ti-cgt-arm_20.2.7.LTS\lib\</path>
         <kind>archive</kind>
         <file>rtsv7M4_T_le_v4SPD16_eabi.lib</file>
         <name>e_atan2f.c.obj</name>
      </input_file>
      <input_file id="fl-d4">
         <path>C:\ti\ccs1281\ccs\tools\compiler\ti-cgt-arm_20.2.7.LTS\lib\</path>
         <kind>archive</kind>
         <file>rtsv7M4_T_le_v4SPD16_eabi.lib</file>
         <name>e_sqrtf.c.obj</name>
      </input_file>
      <input_file id="fl-d5">
         <path>C:\ti\ccs1281\ccs\tools\compiler\ti-cgt-arm_20.2.7.LTS\lib\</path>
         <kind>archive</kind>
         <file>rtsv7M4_T_le_v4SPD16_eabi.lib</file>
         <name>s_atanf.c.obj</name>
      </input_file>
      <input_file id="fl-d6">
         <path>C:\ti\ccs1281\ccs\tools\compiler\ti-cgt-arm_20.2.7.LTS\lib\</path>
         <kind>archive</kind>
         <file>rtsv7M4_T_le_v4SPD16_eabi.lib</file>
         <name>s_floorf.c.obj</name>
      </input_file>
      <input_file id="fl-d7">
         <path>C:\ti\ccs1281\ccs\tools\compiler\ti-cgt-arm_20.2.7.LTS\lib\</path>
         <kind>archive</kind>
         <file>rtsv7M4_T_le_v4SPD16_eabi.lib</file>
         <name>snprintf.c.obj</name>
      </input_file>
      <input_file id="fl-d8">
         <path>C:\ti\ccs1281\ccs\tools\compiler\ti-cgt-arm_20.2.7.LTS\lib\</path>
         <kind>archive</kind>
         <file>rtsv7M4_T_le_v4SPD16_eabi.lib</file>
         <name>memcpy_t2.asm.obj</name>
      </input_file>
      <input_file id="fl-d9">
         <path>C:\ti\ccs1281\ccs\tools\compiler\ti-cgt-arm_20.2.7.LTS\lib\</path>
         <kind>archive</kind>
         <file>rtsv7M4_T_le_v4SPD16_eabi.lib</file>
         <name>memset_t2.asm.obj</name>
      </input_file>
      <input_file id="fl-da">
         <path>C:\ti\ccs1281\ccs\tools\compiler\ti-cgt-arm_20.2.7.LTS\lib\</path>
         <kind>archive</kind>
         <file>rtsv7M4_T_le_v4SPD16_eabi.lib</file>
         <name>ull_div_t2.asm.obj</name>
      </input_file>
      <input_file id="fl-db">
         <path>C:\ti\ccs1281\ccs\tools\compiler\ti-cgt-arm_20.2.7.LTS\lib\</path>
         <kind>archive</kind>
         <file>rtsv7M4_T_le_v4SPD16_eabi.lib</file>
         <name>copy_zero_init.c.obj</name>
      </input_file>
      <input_file id="fl-dc">
         <path>C:\ti\ccs1281\ccs\tools\compiler\ti-cgt-arm_20.2.7.LTS\lib\</path>
         <kind>archive</kind>
         <file>rtsv7M4_T_le_v4SPD16_eabi.lib</file>
         <name>copy_decompress_none.c.obj</name>
      </input_file>
      <input_file id="fl-dd">
         <path>C:\ti\ccs1281\ccs\tools\compiler\ti-cgt-arm_20.2.7.LTS\lib\</path>
         <kind>archive</kind>
         <file>rtsv7M4_T_le_v4SPD16_eabi.lib</file>
         <name>copy_decompress_lzss.c.obj</name>
      </input_file>
      <input_file id="fl-de">
         <path>C:\ti\ccs1281\ccs\tools\compiler\ti-cgt-arm_20.2.7.LTS\lib\</path>
         <kind>archive</kind>
         <file>rtsv7M4_T_le_v4SPD16_eabi.lib</file>
         <name>strncpy.c.obj</name>
      </input_file>
      <input_file id="fl-df">
         <path>C:\ti\ccs1281\ccs\tools\compiler\ti-cgt-arm_20.2.7.LTS\lib\</path>
         <kind>archive</kind>
         <file>rtsv7M4_T_le_v4SPD16_eabi.lib</file>
         <name>boot_cortex_m.c.obj</name>
      </input_file>
      <input_file id="fl-e0">
         <path>C:\ti\ccs1281\ccs\tools\compiler\ti-cgt-arm_20.2.7.LTS\lib\</path>
         <kind>archive</kind>
         <file>rtsv7M4_T_le_v4SPD16_eabi.lib</file>
         <name>errno.c.obj</name>
      </input_file>
      <input_file id="fl-e1">
         <path>C:\ti\ccs1281\ccs\tools\compiler\ti-cgt-arm_20.2.7.LTS\lib\</path>
         <kind>archive</kind>
         <file>rtsv7M4_T_le_v4SPD16_eabi.lib</file>
         <name>_printfi.c.obj</name>
      </input_file>
      <input_file id="fl-e2">
         <path>C:\ti\ccs1281\ccs\tools\compiler\ti-cgt-arm_20.2.7.LTS\lib\</path>
         <kind>archive</kind>
         <file>rtsv7M4_T_le_v4SPD16_eabi.lib</file>
         <name>div0.asm.obj</name>
      </input_file>
      <input_file id="fl-e3">
         <path>C:\ti\ccs1281\ccs\tools\compiler\ti-cgt-arm_20.2.7.LTS\lib\</path>
         <kind>archive</kind>
         <file>rtsv7M4_T_le_v4SPD16_eabi.lib</file>
         <name>fd_add_t2.asm.obj</name>
      </input_file>
      <input_file id="fl-e4">
         <path>C:\ti\ccs1281\ccs\tools\compiler\ti-cgt-arm_20.2.7.LTS\lib\</path>
         <kind>archive</kind>
         <file>rtsv7M4_T_le_v4SPD16_eabi.lib</file>
         <name>fd_cmp_t2.asm.obj</name>
      </input_file>
      <input_file id="fl-e5">
         <path>C:\ti\ccs1281\ccs\tools\compiler\ti-cgt-arm_20.2.7.LTS\lib\</path>
         <kind>archive</kind>
         <file>rtsv7M4_T_le_v4SPD16_eabi.lib</file>
         <name>fd_div_t2.asm.obj</name>
      </input_file>
      <input_file id="fl-e6">
         <path>C:\ti\ccs1281\ccs\tools\compiler\ti-cgt-arm_20.2.7.LTS\lib\</path>
         <kind>archive</kind>
         <file>rtsv7M4_T_le_v4SPD16_eabi.lib</file>
         <name>fd_mul_t2.asm.obj</name>
      </input_file>
      <input_file id="fl-e7">
         <path>C:\ti\ccs1281\ccs\tools\compiler\ti-cgt-arm_20.2.7.LTS\lib\</path>
         <kind>archive</kind>
         <file>rtsv7M4_T_le_v4SPD16_eabi.lib</file>
         <name>fd_toi_t2.asm.obj</name>
      </input_file>
      <input_file id="fl-e8">
         <path>C:\ti\ccs1281\ccs\tools\compiler\ti-cgt-arm_20.2.7.LTS\lib\</path>
         <kind>archive</kind>
         <file>rtsv7M4_T_le_v4SPD16_eabi.lib</file>
         <name>i_tofd_t2.asm.obj</name>
      </input_file>
      <input_file id="fl-e9">
         <path>C:\ti\ccs1281\ccs\tools\compiler\ti-cgt-arm_20.2.7.LTS\lib\</path>
         <kind>archive</kind>
         <file>rtsv7M4_T_le_v4SPD16_eabi.lib</file>
         <name>autoinit.c.obj</name>
      </input_file>
      <input_file id="fl-ea">
         <path>C:\ti\ccs1281\ccs\tools\compiler\ti-cgt-arm_20.2.7.LTS\lib\</path>
         <kind>archive</kind>
         <file>rtsv7M4_T_le_v4SPD16_eabi.lib</file>
         <name>pre_init.c.obj</name>
      </input_file>
      <input_file id="fl-eb">
         <path>C:\ti\ccs1281\ccs\tools\compiler\ti-cgt-arm_20.2.7.LTS\lib\</path>
         <kind>archive</kind>
         <file>rtsv7M4_T_le_v4SPD16_eabi.lib</file>
         <name>cpy_tbl.c.obj</name>
      </input_file>
      <input_file id="fl-ec">
         <path>C:\ti\ccs1281\ccs\tools\compiler\ti-cgt-arm_20.2.7.LTS\lib\</path>
         <kind>archive</kind>
         <file>rtsv7M4_T_le_v4SPD16_eabi.lib</file>
         <name>exit.c.obj</name>
      </input_file>
      <input_file id="fl-ed">
         <path>C:\ti\ccs1281\ccs\tools\compiler\ti-cgt-arm_20.2.7.LTS\lib\</path>
         <kind>archive</kind>
         <file>rtsv7M4_T_le_v4SPD16_eabi.lib</file>
         <name>_lock.c.obj</name>
      </input_file>
      <input_file id="fl-ee">
         <path>C:\ti\ccs1281\ccs\tools\compiler\ti-cgt-arm_20.2.7.LTS\lib\</path>
         <kind>archive</kind>
         <file>rtsv7M4_T_le_v4SPD16_eabi.lib</file>
         <name>_ltoa.c.obj</name>
      </input_file>
      <input_file id="fl-ef">
         <path>C:\ti\ccs1281\ccs\tools\compiler\ti-cgt-arm_20.2.7.LTS\lib\</path>
         <kind>archive</kind>
         <file>rtsv7M4_T_le_v4SPD16_eabi.lib</file>
         <name>args_main.c.obj</name>
      </input_file>
      <input_file id="fl-f0">
         <path>C:\ti\ccs1281\ccs\tools\compiler\ti-cgt-arm_20.2.7.LTS\lib\</path>
         <kind>archive</kind>
         <file>rtsv7M4_T_le_v4SPD16_eabi.lib</file>
         <name>atoi.c.obj</name>
      </input_file>
      <input_file id="fl-f1">
         <path>C:\ti\ccs1281\ccs\tools\compiler\ti-cgt-arm_20.2.7.LTS\lib\</path>
         <kind>archive</kind>
         <file>rtsv7M4_T_le_v4SPD16_eabi.lib</file>
         <name>ctype.c.obj</name>
      </input_file>
      <input_file id="fl-f2">
         <path>C:\ti\ccs1281\ccs\tools\compiler\ti-cgt-arm_20.2.7.LTS\lib\</path>
         <kind>archive</kind>
         <file>rtsv7M4_T_le_v4SPD16_eabi.lib</file>
         <name>memccpy.c.obj</name>
      </input_file>
      <input_file id="fl-f3">
         <path>C:\ti\ccs1281\ccs\tools\compiler\ti-cgt-arm_20.2.7.LTS\lib\</path>
         <kind>archive</kind>
         <file>rtsv7M4_T_le_v4SPD16_eabi.lib</file>
         <name>strchr.c.obj</name>
      </input_file>
      <input_file id="fl-f4">
         <path>C:\ti\ccs1281\ccs\tools\compiler\ti-cgt-arm_20.2.7.LTS\lib\</path>
         <kind>archive</kind>
         <file>rtsv7M4_T_le_v4SPD16_eabi.lib</file>
         <name>strlen.c.obj</name>
      </input_file>
      <input_file id="fl-f5">
         <path>C:\ti\ccs1281\ccs\tools\compiler\ti-cgt-arm_20.2.7.LTS\lib\</path>
         <kind>archive</kind>
         <file>rtsv7M4_T_le_v4SPD16_eabi.lib</file>
         <name>wcslen.c.obj</name>
      </input_file>
      <input_file id="fl-f6">
         <path>C:\ti\ccs1281\ccs\tools\compiler\ti-cgt-arm_20.2.7.LTS\lib\</path>
         <kind>archive</kind>
         <file>rtsv7M4_T_le_v4SPD16_eabi.lib</file>
         <name>s_frexp.c.obj</name>
      </input_file>
      <input_file id="fl-f7">
         <path>C:\ti\ccs1281\ccs\tools\compiler\ti-cgt-arm_20.2.7.LTS\lib\</path>
         <kind>archive</kind>
         <file>rtsv7M4_T_le_v4SPD16_eabi.lib</file>
         <name>s_scalbn.c.obj</name>
      </input_file>
      <input_file id="fl-f8">
         <path>C:\ti\ccs1281\ccs\tools\compiler\ti-cgt-arm_20.2.7.LTS\lib\</path>
         <kind>archive</kind>
         <file>rtsv7M4_T_le_v4SPD16_eabi.lib</file>
         <name>s_copysign.c.obj</name>
      </input_file>
   </input_file_list>
   <object_component_list>
      <object_component id="oc-13">
         <name>.intvecs</name>
         <load_address>0x0</load_address>
         <run_address>0x0</run_address>
         <size>0x200</size>
         <input_file_ref idref="fl-3"/>
      </object_component>
      <object_component id="oc-3df">
         <name>.text:__TI_printfi</name>
         <load_address>0x200</load_address>
         <run_address>0x200</run_address>
         <size>0xa4e</size>
         <input_file_ref idref="fl-e1"/>
      </object_component>
      <object_component id="oc-35">
         <name>.text:FaultISR</name>
         <load_address>0xc4e</load_address>
         <run_address>0xc4e</run_address>
         <size>0x2</size>
         <input_file_ref idref="fl-3"/>
      </object_component>
      <object_component id="oc-501">
         <name>.text:_pconv_a</name>
         <load_address>0xc50</load_address>
         <run_address>0xc50</run_address>
         <size>0x270</size>
         <input_file_ref idref="fl-e1"/>
      </object_component>
      <object_component id="oc-47b">
         <name>.text:GrFontGlyphRender</name>
         <load_address>0xec0</load_address>
         <run_address>0xec0</run_address>
         <size>0x252</size>
         <input_file_ref idref="fl-1a"/>
      </object_component>
      <object_component id="oc-3b">
         <name>.text:IntDefaultHandler</name>
         <load_address>0x1112</load_address>
         <run_address>0x1112</run_address>
         <size>0x2</size>
         <input_file_ref idref="fl-3"/>
      </object_component>
      <object_component id="oc-fe">
         <name>.text:SysCtlClockFreqSet</name>
         <load_address>0x1114</load_address>
         <run_address>0x1114</run_address>
         <size>0x200</size>
         <input_file_ref idref="fl-15"/>
      </object_component>
      <object_component id="oc-b8">
         <name>.text:main</name>
         <load_address>0x1314</load_address>
         <run_address>0x1314</run_address>
         <size>0x1d8</size>
         <input_file_ref idref="fl-2"/>
      </object_component>
      <object_component id="oc-4ef">
         <name>.text:_pconv_g</name>
         <load_address>0x14ec</load_address>
         <run_address>0x14ec</run_address>
         <size>0x1d0</size>
         <input_file_ref idref="fl-e1"/>
      </object_component>
      <object_component id="oc-58a">
         <name>.text</name>
         <load_address>0x16bc</load_address>
         <run_address>0x16bc</run_address>
         <size>0x1b6</size>
         <input_file_ref idref="fl-e3"/>
      </object_component>
      <object_component id="oc-2f">
         <name>.text:NmiSR</name>
         <load_address>0x1872</load_address>
         <run_address>0x1872</run_address>
         <size>0x2</size>
         <input_file_ref idref="fl-3"/>
      </object_component>
      <object_component id="oc-140">
         <name>.text:_ZN29_INTERNAL_8_main_cpp_f9572fa819drawStopwatchScreenER9_tContextjb</name>
         <load_address>0x1874</load_address>
         <run_address>0x1874</run_address>
         <size>0x1a8</size>
         <input_file_ref idref="fl-2"/>
      </object_component>
      <object_component id="oc-247">
         <name>.text:_ZN6Button3fsmEb</name>
         <load_address>0x1a1c</load_address>
         <run_address>0x1a1c</run_address>
         <size>0x18a</size>
         <input_file_ref idref="fl-4"/>
      </object_component>
      <object_component id="oc-393">
         <name>.text</name>
         <load_address>0x1ba6</load_address>
         <run_address>0x1ba6</run_address>
         <size>0x2</size>
         <input_file_ref idref="fl-e2"/>
      </object_component>
      <object_component id="oc-4bd">
         <name>.text:GPIOPadConfigSet</name>
         <load_address>0x1ba8</load_address>
         <run_address>0x1ba8</run_address>
         <size>0x16c</size>
         <input_file_ref idref="fl-12"/>
      </object_component>
      <object_component id="oc-35b">
         <name>.text:_ZN5Timer23enablePeripheralForBaseEj</name>
         <load_address>0x1d14</load_address>
         <run_address>0x1d14</run_address>
         <size>0x154</size>
         <input_file_ref idref="fl-9"/>
      </object_component>
      <object_component id="oc-ca">
         <name>.text:_ZN6ButtonC1Ehjjj10ButtonPull</name>
         <load_address>0x1e68</load_address>
         <run_address>0x1e68</run_address>
         <size>0x144</size>
         <input_file_ref idref="fl-4"/>
      </object_component>
      <object_component id="oc-4fb">
         <name>.text:_pconv_e</name>
         <load_address>0x1fac</load_address>
         <run_address>0x1fac</run_address>
         <size>0x13c</size>
         <input_file_ref idref="fl-e1"/>
      </object_component>
      <object_component id="oc-570">
         <name>.text</name>
         <load_address>0x20e8</load_address>
         <run_address>0x20e8</run_address>
         <size>0x136</size>
         <input_file_ref idref="fl-e5"/>
      </object_component>
      <object_component id="oc-59c">
         <name>.text:fcvt</name>
         <load_address>0x2220</load_address>
         <run_address>0x2220</run_address>
         <size>0x124</size>
         <input_file_ref idref="fl-e1"/>
      </object_component>
      <object_component id="oc-5b0">
         <name>.text:scalbn</name>
         <load_address>0x2344</load_address>
         <run_address>0x2344</run_address>
         <size>0x110</size>
         <input_file_ref idref="fl-f7"/>
      </object_component>
      <object_component id="oc-56b">
         <name>.text</name>
         <load_address>0x2454</load_address>
         <run_address>0x2454</run_address>
         <size>0xfc</size>
         <input_file_ref idref="fl-e6"/>
      </object_component>
      <object_component id="oc-146">
         <name>.text:_ZN29_INTERNAL_8_main_cpp_f9572fa810drawButtonER9_tContextRK8MyButton</name>
         <load_address>0x2550</load_address>
         <run_address>0x2550</run_address>
         <size>0xcc</size>
         <input_file_ref idref="fl-2"/>
      </object_component>
      <object_component id="oc-321">
         <name>.text:Crystalfontz128x128_PixelDrawMultiple</name>
         <load_address>0x261c</load_address>
         <run_address>0x261c</run_address>
         <size>0xc8</size>
         <input_file_ref idref="fl-5"/>
      </object_component>
      <object_component id="oc-2fe">
         <name>.text:GrDefaultStringRenderer</name>
         <load_address>0x26e4</load_address>
         <run_address>0x26e4</run_address>
         <size>0xc0</size>
         <input_file_ref idref="fl-1a"/>
      </object_component>
      <object_component id="oc-1e4">
         <name>.text:Crystalfontz128x128_Init</name>
         <load_address>0x27a4</load_address>
         <run_address>0x27a4</run_address>
         <size>0xbc</size>
         <input_file_ref idref="fl-5"/>
      </object_component>
      <object_component id="oc-4e4">
         <name>.text:_ltostr</name>
         <load_address>0x2860</load_address>
         <run_address>0x2860</run_address>
         <size>0xb1</size>
         <input_file_ref idref="fl-e1"/>
      </object_component>
      <object_component id="oc-20e">
         <name>.text:_ZN5Timer5beginEjj</name>
         <load_address>0x2914</load_address>
         <run_address>0x2914</run_address>
         <size>0xa8</size>
         <input_file_ref idref="fl-9"/>
      </object_component>
      <object_component id="oc-4f">
         <name>.text</name>
         <load_address>0x29bc</load_address>
         <run_address>0x29bc</run_address>
         <size>0x9c</size>
         <input_file_ref idref="fl-d8"/>
      </object_component>
      <object_component id="oc-21b">
         <name>.text</name>
         <load_address>0x2a58</load_address>
         <run_address>0x2a58</run_address>
         <size>0x96</size>
         <input_file_ref idref="fl-da"/>
      </object_component>
      <object_component id="oc-46a">
         <name>.text:Crystalfontz128x128_SetDrawFrame</name>
         <load_address>0x2af0</load_address>
         <run_address>0x2af0</run_address>
         <size>0x8c</size>
         <input_file_ref idref="fl-5"/>
      </object_component>
      <object_component id="oc-1fc">
         <name>.text:GrRectFill</name>
         <load_address>0x2b7c</load_address>
         <run_address>0x2b7c</run_address>
         <size>0x86</size>
         <input_file_ref idref="fl-19"/>
      </object_component>
      <object_component id="oc-4ea">
         <name>.text:__aeabi_cdcmple</name>
         <load_address>0x2c02</load_address>
         <run_address>0x2c02</run_address>
         <size>0x86</size>
         <input_file_ref idref="fl-e4"/>
      </object_component>
      <object_component id="oc-575">
         <name>.text:__aeabi_cdrcmple</name>
         <load_address>0x2c88</load_address>
         <run_address>0x2c88</run_address>
         <size>0x86</size>
         <input_file_ref idref="fl-e4"/>
      </object_component>
      <object_component id="oc-2d4">
         <name>.text:HAL_LCD_PortInit</name>
         <load_address>0x2d10</load_address>
         <run_address>0x2d10</run_address>
         <size>0x7c</size>
         <input_file_ref idref="fl-6"/>
      </object_component>
      <object_component id="oc-2da">
         <name>.text:HAL_LCD_SpiInit</name>
         <load_address>0x2d8c</load_address>
         <run_address>0x2d8c</run_address>
         <size>0x7c</size>
         <input_file_ref idref="fl-6"/>
      </object_component>
      <object_component id="oc-ac">
         <name>.text</name>
         <load_address>0x2e08</load_address>
         <run_address>0x2e08</run_address>
         <size>0x7a</size>
         <input_file_ref idref="fl-d9"/>
      </object_component>
      <object_component id="oc-333">
         <name>.text:Crystalfontz128x128_RectFill</name>
         <load_address>0x2e84</load_address>
         <run_address>0x2e84</run_address>
         <size>0x70</size>
         <input_file_ref idref="fl-5"/>
      </object_component>
      <object_component id="oc-595">
         <name>.text:_mcpy</name>
         <load_address>0x2ef4</load_address>
         <run_address>0x2ef4</run_address>
         <size>0x6e</size>
         <input_file_ref idref="fl-e1"/>
      </object_component>
      <object_component id="oc-1f0">
         <name>.text:GrContextInit</name>
         <load_address>0x2f64</load_address>
         <run_address>0x2f64</run_address>
         <size>0x68</size>
         <input_file_ref idref="fl-18"/>
      </object_component>
      <object_component id="oc-251">
         <name>.text:GrStringWidthGet</name>
         <load_address>0x2fcc</load_address>
         <run_address>0x2fcc</run_address>
         <size>0x68</size>
         <input_file_ref idref="fl-1a"/>
      </object_component>
      <object_component id="oc-16">
         <name>.text:decompress:lzss:__TI_decompress_lzss</name>
         <load_address>0x3034</load_address>
         <run_address>0x3034</run_address>
         <size>0x68</size>
         <input_file_ref idref="fl-dd"/>
      </object_component>
      <object_component id="oc-270">
         <name>.text:GrRectDraw</name>
         <load_address>0x309c</load_address>
         <run_address>0x309c</run_address>
         <size>0x66</size>
         <input_file_ref idref="fl-19"/>
      </object_component>
      <object_component id="oc-5aa">
         <name>.text:frexp</name>
         <load_address>0x3104</load_address>
         <run_address>0x3104</run_address>
         <size>0x64</size>
         <input_file_ref idref="fl-f6"/>
      </object_component>
      <object_component id="oc-36d">
         <name>.text:TimerConfigure</name>
         <load_address>0x3168</load_address>
         <run_address>0x3168</run_address>
         <size>0x60</size>
         <input_file_ref idref="fl-16"/>
      </object_component>
      <object_component id="oc-17e">
         <name>.text:__TI_auto_init_nobinit:__TI_auto_init_nobinit</name>
         <load_address>0x31c8</load_address>
         <run_address>0x31c8</run_address>
         <size>0x60</size>
         <input_file_ref idref="fl-e9"/>
      </object_component>
      <object_component id="oc-4ca">
         <name>.text:FontWideGlyphDataGet</name>
         <load_address>0x3228</load_address>
         <run_address>0x3228</run_address>
         <size>0x5a</size>
         <input_file_ref idref="fl-1a"/>
      </object_component>
      <object_component id="oc-4f5">
         <name>.text:_pconv_f</name>
         <load_address>0x3282</load_address>
         <run_address>0x3282</run_address>
         <size>0x56</size>
         <input_file_ref idref="fl-e1"/>
      </object_component>
      <object_component id="oc-57f">
         <name>.text:__TI_ltoa</name>
         <load_address>0x32d8</load_address>
         <run_address>0x32d8</run_address>
         <size>0x54</size>
         <input_file_ref idref="fl-ee"/>
      </object_component>
      <object_component id="oc-58f">
         <name>.text:_ecpy</name>
         <load_address>0x332c</load_address>
         <run_address>0x332c</run_address>
         <size>0x52</size>
         <input_file_ref idref="fl-e1"/>
      </object_component>
      <object_component id="oc-104">
         <name>.text:_ZN29_INTERNAL_8_main_cpp_f9572fa817initializeDisplayER9_tContext</name>
         <load_address>0x3380</load_address>
         <run_address>0x3380</run_address>
         <size>0x50</size>
         <input_file_ref idref="fl-2"/>
      </object_component>
      <object_component id="oc-43b">
         <name>.text:GPIOPinConfigure</name>
         <load_address>0x33d0</load_address>
         <run_address>0x33d0</run_address>
         <size>0x4c</size>
         <input_file_ref idref="fl-12"/>
      </object_component>
      <object_component id="oc-215">
         <name>.text:_ZNK5Timer6microsEv</name>
         <load_address>0x341c</load_address>
         <run_address>0x341c</run_address>
         <size>0x4c</size>
         <input_file_ref idref="fl-9"/>
      </object_component>
      <object_component id="oc-4de">
         <name>.text:atoi</name>
         <load_address>0x3468</load_address>
         <run_address>0x3468</run_address>
         <size>0x4c</size>
         <input_file_ref idref="fl-f0"/>
      </object_component>
      <object_component id="oc-263">
         <name>.text:snprintf</name>
         <load_address>0x34b4</load_address>
         <run_address>0x34b4</run_address>
         <size>0x4c</size>
         <input_file_ref idref="fl-d7"/>
      </object_component>
      <object_component id="oc-30c">
         <name>.text:UpdateContextCharMapping</name>
         <load_address>0x3500</load_address>
         <run_address>0x3500</run_address>
         <size>0x4a</size>
         <input_file_ref idref="fl-1a"/>
      </object_component>
      <object_component id="oc-1ce">
         <name>.text:_SysCtlFrequencyGet</name>
         <load_address>0x354c</load_address>
         <run_address>0x354c</run_address>
         <size>0x48</size>
         <input_file_ref idref="fl-15"/>
      </object_component>
      <object_component id="oc-241">
         <name>.text:_ZN6Button8debounceEb</name>
         <load_address>0x3594</load_address>
         <run_address>0x3594</run_address>
         <size>0x48</size>
         <input_file_ref idref="fl-4"/>
      </object_component>
      <object_component id="oc-57a">
         <name>.text</name>
         <load_address>0x35dc</load_address>
         <run_address>0x35dc</run_address>
         <size>0x48</size>
         <input_file_ref idref="fl-e7"/>
      </object_component>
      <object_component id="oc-404">
         <name>.text:GrLineDrawH</name>
         <load_address>0x3624</load_address>
         <run_address>0x3624</run_address>
         <size>0x46</size>
         <input_file_ref idref="fl-1d"/>
      </object_component>
      <object_component id="oc-40a">
         <name>.text:GrLineDrawV</name>
         <load_address>0x366a</load_address>
         <run_address>0x366a</run_address>
         <size>0x46</size>
         <input_file_ref idref="fl-1d"/>
      </object_component>
      <object_component id="oc-2e0">
         <name>.text:HAL_LCD_writeCommand</name>
         <load_address>0x36b0</load_address>
         <run_address>0x36b0</run_address>
         <size>0x44</size>
         <input_file_ref idref="fl-6"/>
      </object_component>
      <object_component id="oc-327">
         <name>.text:Crystalfontz128x128_LineDrawH</name>
         <load_address>0x36f4</load_address>
         <run_address>0x36f4</run_address>
         <size>0x40</size>
         <input_file_ref idref="fl-5"/>
      </object_component>
      <object_component id="oc-1ea">
         <name>.text:Crystalfontz128x128_SetOrientation</name>
         <load_address>0x3734</load_address>
         <run_address>0x3734</run_address>
         <size>0x40</size>
         <input_file_ref idref="fl-5"/>
      </object_component>
      <object_component id="oc-128">
         <name>.text:_ZN6Button4tickEv</name>
         <load_address>0x3774</load_address>
         <run_address>0x3774</run_address>
         <size>0x3e</size>
         <input_file_ref idref="fl-4"/>
      </object_component>
      <object_component id="oc-5a2">
         <name>.text:_fcpy</name>
         <load_address>0x37b2</load_address>
         <run_address>0x37b2</run_address>
         <size>0x3e</size>
         <input_file_ref idref="fl-e1"/>
      </object_component>
      <object_component id="oc-4d0">
         <name>.text:FontGlyphDataGet</name>
         <load_address>0x37f0</load_address>
         <run_address>0x37f0</run_address>
         <size>0x3c</size>
         <input_file_ref idref="fl-1a"/>
      </object_component>
      <object_component id="oc-448">
         <name>.text:SSIConfigSetExpClk</name>
         <load_address>0x382c</load_address>
         <run_address>0x382c</run_address>
         <size>0x3c</size>
         <input_file_ref idref="fl-14"/>
      </object_component>
      <object_component id="oc-2ed">
         <name>.text:Crystalfontz128x128_Flush</name>
         <load_address>0x3868</load_address>
         <run_address>0x3868</run_address>
         <size>0x38</size>
         <input_file_ref idref="fl-5"/>
      </object_component>
      <object_component id="oc-39f">
         <name>.text:SysCtlPeripheralReady</name>
         <load_address>0x38a0</load_address>
         <run_address>0x38a0</run_address>
         <size>0x38</size>
         <input_file_ref idref="fl-15"/>
      </object_component>
      <object_component id="oc-134">
         <name>.text:_ZN29_INTERNAL_8_main_cpp_f9572fa816onPlayPauseClickEv</name>
         <load_address>0x38d8</load_address>
         <run_address>0x38d8</run_address>
         <size>0x38</size>
         <input_file_ref idref="fl-2"/>
      </object_component>
      <object_component id="oc-269">
         <name>.text:strncpy</name>
         <load_address>0x3910</load_address>
         <run_address>0x3910</run_address>
         <size>0x36</size>
         <input_file_ref idref="fl-de"/>
      </object_component>
      <object_component id="oc-399">
         <name>.text:SysCtlPeripheralEnable</name>
         <load_address>0x3948</load_address>
         <run_address>0x3948</run_address>
         <size>0x34</size>
         <input_file_ref idref="fl-15"/>
      </object_component>
      <object_component id="oc-6d">
         <name>.text:_c_int00_noargs:_c_int00_noargs</name>
         <load_address>0x397c</load_address>
         <run_address>0x397c</run_address>
         <size>0x34</size>
         <input_file_ref idref="fl-df"/>
      </object_component>
      <object_component id="oc-4a4">
         <name>.text:_ZN34_INTERNAL_12_timerLib_cpp_b416d18a11periphReadyEj</name>
         <load_address>0x39b0</load_address>
         <run_address>0x39b0</run_address>
         <size>0x30</size>
         <input_file_ref idref="fl-9"/>
      </object_component>
      <object_component id="oc-355">
         <name>.text:_ZN5Timer10isWideBaseEj</name>
         <load_address>0x39e0</load_address>
         <run_address>0x39e0</run_address>
         <size>0x30</size>
         <input_file_ref idref="fl-9"/>
      </object_component>
      <object_component id="oc-7f">
         <name>.text:__sti___8_main_cpp_f9572fa8</name>
         <load_address>0x3a10</load_address>
         <run_address>0x3a10</run_address>
         <size>0x30</size>
         <input_file_ref idref="fl-2"/>
      </object_component>
      <object_component id="oc-3e5">
         <name>.text:_outs</name>
         <load_address>0x3a40</load_address>
         <run_address>0x3a40</run_address>
         <size>0x30</size>
         <input_file_ref idref="fl-d7"/>
      </object_component>
      <object_component id="oc-3ca">
         <name>.text:GrStringNextCharGet</name>
         <load_address>0x3a70</load_address>
         <run_address>0x3a70</run_address>
         <size>0x2e</size>
         <input_file_ref idref="fl-1a"/>
      </object_component>
      <object_component id="oc-3ab">
         <name>.text:_ZN6Button14applyPadConfigEv</name>
         <load_address>0x3a9e</load_address>
         <run_address>0x3a9e</run_address>
         <size>0x2e</size>
         <input_file_ref idref="fl-4"/>
      </object_component>
      <object_component id="oc-221">
         <name>.text:_ZN6Button5beginEv</name>
         <load_address>0x3acc</load_address>
         <run_address>0x3acc</run_address>
         <size>0x2e</size>
         <input_file_ref idref="fl-4"/>
      </object_component>
      <object_component id="oc-585">
         <name>.text</name>
         <load_address>0x3afa</load_address>
         <run_address>0x3afa</run_address>
         <size>0x2e</size>
         <input_file_ref idref="fl-e8"/>
      </object_component>
      <object_component id="oc-4b7">
         <name>.text:GPIODirModeSet</name>
         <load_address>0x3b28</load_address>
         <run_address>0x3b28</run_address>
         <size>0x2c</size>
         <input_file_ref idref="fl-12"/>
      </object_component>
      <object_component id="oc-257">
         <name>.text:GrFontBaselineGet</name>
         <load_address>0x3b54</load_address>
         <run_address>0x3b54</run_address>
         <size>0x2c</size>
         <input_file_ref idref="fl-1a"/>
      </object_component>
      <object_component id="oc-23b">
         <name>.text:_ZN6Button12readPhysicalEv</name>
         <load_address>0x3b80</load_address>
         <run_address>0x3b80</run_address>
         <size>0x2a</size>
         <input_file_ref idref="fl-4"/>
      </object_component>
      <object_component id="oc-3d6">
         <name>.text:GrFontInfoGet</name>
         <load_address>0x3baa</load_address>
         <run_address>0x3baa</run_address>
         <size>0x26</size>
         <input_file_ref idref="fl-1a"/>
      </object_component>
      <object_component id="oc-3d0">
         <name>.text:GrFontGlyphDataGet</name>
         <load_address>0x3bd0</load_address>
         <run_address>0x3bd0</run_address>
         <size>0x22</size>
         <input_file_ref idref="fl-1a"/>
      </object_component>
      <object_component id="oc-1c8">
         <name>.text:_SysCtlMemTimingGet</name>
         <load_address>0x3bf4</load_address>
         <run_address>0x3bf4</run_address>
         <size>0x20</size>
         <input_file_ref idref="fl-15"/>
      </object_component>
      <object_component id="oc-11c">
         <name>.text:_ZN29_INTERNAL_8_main_cpp_f9572fa812setupButtonsEv</name>
         <load_address>0x3c14</load_address>
         <run_address>0x3c14</run_address>
         <size>0x20</size>
         <input_file_ref idref="fl-2"/>
      </object_component>
      <object_component id="oc-339">
         <name>.text:Crystalfontz128x128_ColorTranslate</name>
         <load_address>0x3c34</load_address>
         <run_address>0x3c34</run_address>
         <size>0x1e</size>
         <input_file_ref idref="fl-5"/>
      </object_component>
      <object_component id="oc-48e">
         <name>.text:GrFontCodepageGet</name>
         <load_address>0x3c52</load_address>
         <run_address>0x3c52</run_address>
         <size>0x1e</size>
         <input_file_ref idref="fl-1a"/>
      </object_component>
      <object_component id="oc-32d">
         <name>.text:Crystalfontz128x128_LineDrawV</name>
         <load_address>0x3c70</load_address>
         <run_address>0x3c70</run_address>
         <size>0x1c</size>
         <input_file_ref idref="fl-5"/>
      </object_component>
      <object_component id="oc-2e7">
         <name>.text:HAL_LCD_writeData</name>
         <load_address>0x3c8c</load_address>
         <run_address>0x3c8c</run_address>
         <size>0x1c</size>
         <input_file_ref idref="fl-6"/>
      </object_component>
      <object_component id="oc-3c3">
         <name>.text:_ZN6Button5resetEv</name>
         <load_address>0x3ca8</load_address>
         <run_address>0x3ca8</run_address>
         <size>0x1c</size>
         <input_file_ref idref="fl-4"/>
      </object_component>
      <object_component id="oc-5b">
         <name>.text:decompress:ZI:__TI_zero_init_nomemset:__TI_zero_init_nomemset</name>
         <load_address>0x3cc4</load_address>
         <run_address>0x3cc4</run_address>
         <size>0x1c</size>
         <input_file_ref idref="fl-db"/>
      </object_component>
      <object_component id="oc-507">
         <name>.text:memccpy</name>
         <load_address>0x3ce0</load_address>
         <run_address>0x3ce0</run_address>
         <size>0x1c</size>
         <input_file_ref idref="fl-f2"/>
      </object_component>
      <object_component id="oc-441">
         <name>.text:GPIOPinTypeGPIOOutput</name>
         <load_address>0x3cfc</load_address>
         <run_address>0x3cfc</run_address>
         <size>0x1a</size>
         <input_file_ref idref="fl-12"/>
      </object_component>
      <object_component id="oc-5f9">
         <name>.text:copysign</name>
         <load_address>0x3d16</load_address>
         <run_address>0x3d16</run_address>
         <size>0x1a</size>
         <input_file_ref idref="fl-f8"/>
      </object_component>
      <object_component id="oc-361">
         <name>.text:TimerDisable</name>
         <load_address>0x3d30</load_address>
         <run_address>0x3d30</run_address>
         <size>0x18</size>
         <input_file_ref idref="fl-16"/>
      </object_component>
      <object_component id="oc-10a">
         <name>.text:_ZN5TimerC1Ev</name>
         <load_address>0x3d48</load_address>
         <run_address>0x3d48</run_address>
         <size>0x18</size>
         <input_file_ref idref="fl-9"/>
      </object_component>
      <object_component id="oc-3eb">
         <name>.text:_outc</name>
         <load_address>0x3d60</load_address>
         <run_address>0x3d60</run_address>
         <size>0x18</size>
         <input_file_ref idref="fl-d7"/>
      </object_component>
      <object_component id="oc-3a5">
         <name>.text:GPIOPinTypeGPIOInput</name>
         <load_address>0x3d78</load_address>
         <run_address>0x3d78</run_address>
         <size>0x16</size>
         <input_file_ref idref="fl-12"/>
      </object_component>
      <object_component id="oc-435">
         <name>.text:GPIOPinTypeSSI</name>
         <load_address>0x3d8e</load_address>
         <run_address>0x3d8e</run_address>
         <size>0x16</size>
         <input_file_ref idref="fl-12"/>
      </object_component>
      <object_component id="oc-25d">
         <name>.text:GrStringDraw</name>
         <load_address>0x3da4</load_address>
         <run_address>0x3da4</run_address>
         <size>0x16</size>
         <input_file_ref idref="fl-1a"/>
      </object_component>
      <object_component id="oc-38b">
         <name>.text:TimerValueGet64</name>
         <load_address>0x3dba</load_address>
         <run_address>0x3dba</run_address>
         <size>0x16</size>
         <input_file_ref idref="fl-16"/>
      </object_component>
      <object_component id="oc-5b6">
         <name>.text:strchr</name>
         <load_address>0x3dd0</load_address>
         <run_address>0x3dd0</run_address>
         <size>0x16</size>
         <input_file_ref idref="fl-f3"/>
      </object_component>
      <object_component id="oc-31b">
         <name>.text:Crystalfontz128x128_PixelDraw</name>
         <load_address>0x3de8</load_address>
         <run_address>0x3de8</run_address>
         <size>0x14</size>
         <input_file_ref idref="fl-5"/>
      </object_component>
      <object_component id="oc-110">
         <name>.text:_ZN29_INTERNAL_8_main_cpp_f9572fa814configureTimerER5Timer</name>
         <load_address>0x3dfc</load_address>
         <run_address>0x3dfc</run_address>
         <size>0x14</size>
         <input_file_ref idref="fl-2"/>
      </object_component>
      <object_component id="oc-4d8">
         <name>.text:strlen</name>
         <load_address>0x3e10</load_address>
         <run_address>0x3e10</run_address>
         <size>0x14</size>
         <input_file_ref idref="fl-f4"/>
      </object_component>
      <object_component id="oc-373">
         <name>.text:TimerLoadSet</name>
         <load_address>0x3e24</load_address>
         <run_address>0x3e24</run_address>
         <size>0x12</size>
         <input_file_ref idref="fl-16"/>
      </object_component>
      <object_component id="oc-116">
         <name>.text:_ZNK5Timer6millisEv</name>
         <load_address>0x3e36</load_address>
         <run_address>0x3e36</run_address>
         <size>0x12</size>
         <input_file_ref idref="fl-9"/>
      </object_component>
      <object_component id="oc-50d">
         <name>.text:wcslen</name>
         <load_address>0x3e48</load_address>
         <run_address>0x3e48</run_address>
         <size>0x12</size>
         <input_file_ref idref="fl-f5"/>
      </object_component>
      <object_component id="oc-f2">
         <name>.text:FPUEnable</name>
         <load_address>0x3e5c</load_address>
         <run_address>0x3e5c</run_address>
         <size>0x10</size>
         <input_file_ref idref="fl-11"/>
      </object_component>
      <object_component id="oc-f8">
         <name>.text:FPULazyStackingEnable</name>
         <load_address>0x3e6c</load_address>
         <run_address>0x3e6c</run_address>
         <size>0x10</size>
         <input_file_ref idref="fl-11"/>
      </object_component>
      <object_component id="oc-ec">
         <name>.text:IntMasterDisable</name>
         <load_address>0x3e7c</load_address>
         <run_address>0x3e7c</run_address>
         <size>0x10</size>
         <input_file_ref idref="fl-13"/>
      </object_component>
      <object_component id="oc-122">
         <name>.text:IntMasterEnable</name>
         <load_address>0x3e8c</load_address>
         <run_address>0x3e8c</run_address>
         <size>0x10</size>
         <input_file_ref idref="fl-13"/>
      </object_component>
      <object_component id="oc-379">
         <name>.text:TimerEnable</name>
         <load_address>0x3e9c</load_address>
         <run_address>0x3e9c</run_address>
         <size>0xe</size>
         <input_file_ref idref="fl-16"/>
      </object_component>
      <object_component id="oc-1c">
         <name>.text:decompress:none:__TI_decompress_none</name>
         <load_address>0x3eaa</load_address>
         <run_address>0x3eaa</run_address>
         <size>0xe</size>
         <input_file_ref idref="fl-dc"/>
      </object_component>
      <object_component id="oc-1bf">
         <name>.text:CPUcpsid</name>
         <load_address>0x3eb8</load_address>
         <run_address>0x3eb8</run_address>
         <size>0xc</size>
         <input_file_ref idref="fl-17"/>
      </object_component>
      <object_component id="oc-234">
         <name>.text:CPUcpsie</name>
         <load_address>0x3ec4</load_address>
         <run_address>0x3ec4</run_address>
         <size>0xc</size>
         <input_file_ref idref="fl-17"/>
      </object_component>
      <object_component id="oc-461">
         <name>.text:SSIDataPut</name>
         <load_address>0x3ed0</load_address>
         <run_address>0x3ed0</run_address>
         <size>0xa</size>
         <input_file_ref idref="fl-14"/>
      </object_component>
      <object_component id="oc-44e">
         <name>.text:SSIEnable</name>
         <load_address>0x3eda</load_address>
         <run_address>0x3eda</run_address>
         <size>0xa</size>
         <input_file_ref idref="fl-14"/>
      </object_component>
      <object_component id="oc-37f">
         <name>.text:TimerValueGet</name>
         <load_address>0x3ee4</load_address>
         <run_address>0x3ee4</run_address>
         <size>0xa</size>
         <input_file_ref idref="fl-16"/>
      </object_component>
      <object_component id="oc-12e">
         <name>.text:_ZN6Button10wasPressedEv</name>
         <load_address>0x3eee</load_address>
         <run_address>0x3eee</run_address>
         <size>0xa</size>
         <input_file_ref idref="fl-4"/>
      </object_component>
      <object_component id="oc-13a">
         <name>.text:_ZN6Button11wasReleasedEv</name>
         <load_address>0x3ef8</load_address>
         <run_address>0x3ef8</run_address>
         <size>0xa</size>
         <input_file_ref idref="fl-4"/>
      </object_component>
      <object_component id="oc-482">
         <name>.text:GrMapISO8859_1_Unicode</name>
         <load_address>0x3f02</load_address>
         <run_address>0x3f02</run_address>
         <size>0x8</size>
         <input_file_ref idref="fl-1c"/>
      </object_component>
      <object_component id="oc-45b">
         <name>.text:SSIBusy</name>
         <load_address>0x3f0a</load_address>
         <run_address>0x3f0a</run_address>
         <size>0x8</size>
         <input_file_ref idref="fl-14"/>
      </object_component>
      <object_component id="oc-513">
         <name>.text:__aeabi_errno_addr</name>
         <load_address>0x3f14</load_address>
         <run_address>0x3f14</run_address>
         <size>0x8</size>
         <input_file_ref idref="fl-e0"/>
      </object_component>
      <object_component id="oc-3b5">
         <name>.text:GPIOPinRead</name>
         <load_address>0x3f1c</load_address>
         <run_address>0x3f1c</run_address>
         <size>0x6</size>
         <input_file_ref idref="fl-12"/>
      </object_component>
      <object_component id="oc-454">
         <name>.text:GPIOPinWrite</name>
         <load_address>0x3f22</load_address>
         <run_address>0x3f22</run_address>
         <size>0x6</size>
         <input_file_ref idref="fl-12"/>
      </object_component>
      <object_component id="oc-1f6">
         <name>.text:GrContextFontSet</name>
         <load_address>0x3f28</load_address>
         <run_address>0x3f28</run_address>
         <size>0x6</size>
         <input_file_ref idref="fl-1a"/>
      </object_component>
      <object_component id="oc-29">
         <name>.text:ResetISR</name>
         <load_address>0x3f2e</load_address>
         <run_address>0x3f2e</run_address>
         <size>0x6</size>
         <input_file_ref idref="fl-3"/>
      </object_component>
      <object_component id="oc-2e6">
         <name>.text:SysCtlDelay</name>
         <load_address>0x3f34</load_address>
         <run_address>0x3f34</run_address>
         <size>0x6</size>
         <input_file_ref idref="fl-15"/>
      </object_component>
      <object_component id="oc-367">
         <name>.text:TimerClockSourceSet</name>
         <load_address>0x3f3a</load_address>
         <run_address>0x3f3a</run_address>
         <size>0x6</size>
         <input_file_ref idref="fl-16"/>
      </object_component>
      <object_component id="oc-385">
         <name>.text:TimerLoadSet64</name>
         <load_address>0x3f40</load_address>
         <run_address>0x3f40</run_address>
         <size>0x6</size>
         <input_file_ref idref="fl-16"/>
      </object_component>
      <object_component id="oc-22d">
         <name>.text:_ZN6Button13setDebounceMsEi</name>
         <load_address>0x3f46</load_address>
         <run_address>0x3f46</run_address>
         <size>0x4</size>
         <input_file_ref idref="fl-4"/>
      </object_component>
      <object_component id="oc-227">
         <name>.text:_ZN6Button17setTickIntervalMsEj</name>
         <load_address>0x3f4a</load_address>
         <run_address>0x3f4a</run_address>
         <size>0x4</size>
         <input_file_ref idref="fl-4"/>
      </object_component>
      <object_component id="oc-3bd">
         <name>.text:_ZN6Button8newStateENS_12StateMachineE</name>
         <load_address>0x3f4e</load_address>
         <run_address>0x3f4e</run_address>
         <size>0x4</size>
         <input_file_ref idref="fl-4"/>
      </object_component>
      <object_component id="oc-b2">
         <name>.text:_system_pre_init</name>
         <load_address>0x3f52</load_address>
         <run_address>0x3f52</run_address>
         <size>0x4</size>
         <input_file_ref idref="fl-ea"/>
      </object_component>
      <object_component id="oc-16c">
         <name>.text:abort:abort</name>
         <load_address>0x3f56</load_address>
         <run_address>0x3f56</run_address>
         <size>0x4</size>
         <input_file_ref idref="fl-ec"/>
      </object_component>
      <object_component id="oc-341">
         <name>.const:.string:g_pui8FontFixed6x8Data</name>
         <load_address>0x3f5c</load_address>
         <run_address>0x3f5c</run_address>
         <size>0x2f8</size>
         <input_file_ref idref="fl-1b"/>
      </object_component>
      <object_component id="oc-1d7">
         <name>.const:g_pppui32XTALtoVCO</name>
         <load_address>0x4254</load_address>
         <run_address>0x4254</run_address>
         <size>0x1b0</size>
         <input_file_ref idref="fl-15"/>
      </object_component>
      <object_component id="oc-564">
         <name>.const:.string:_ctypes_</name>
         <load_address>0x4404</load_address>
         <run_address>0x4404</run_address>
         <size>0x101</size>
         <input_file_ref idref="fl-f1"/>
      </object_component>
      <object_component id="oc-205">
         <name>.const:g_sFontFixed6x8</name>
         <load_address>0x4508</load_address>
         <run_address>0x4508</run_address>
         <size>0xc8</size>
         <input_file_ref idref="fl-1b"/>
      </object_component>
      <object_component id="oc-545">
         <name>.const:g_pui32GPIOBaseAddrs</name>
         <load_address>0x45d0</load_address>
         <run_address>0x45d0</run_address>
         <size>0x90</size>
         <input_file_ref idref="fl-12"/>
      </object_component>
      <object_component id="oc-1d4">
         <name>.const:g_pui32Xtals</name>
         <load_address>0x4660</load_address>
         <run_address>0x4660</run_address>
         <size>0x6c</size>
         <input_file_ref idref="fl-15"/>
      </object_component>
      <object_component id="oc-1b0">
         <name>.const:.string:digital_pin_to_bit_mask</name>
         <load_address>0x46cc</load_address>
         <run_address>0x46cc</run_address>
         <size>0x60</size>
         <input_file_ref idref="fl-4"/>
      </object_component>
      <object_component id="oc-1aa">
         <name>.const:.string:digital_pin_to_port</name>
         <load_address>0x472c</load_address>
         <run_address>0x472c</run_address>
         <size>0x60</size>
         <input_file_ref idref="fl-4"/>
      </object_component>
      <object_component id="oc-1ad">
         <name>.const:port_to_base</name>
         <load_address>0x478c</load_address>
         <run_address>0x478c</run_address>
         <size>0x40</size>
         <input_file_ref idref="fl-4"/>
      </object_component>
      <object_component id="oc-2b4">
         <name>.const:g_sXTALtoMEMTIM</name>
         <load_address>0x47cc</load_address>
         <run_address>0x47cc</run_address>
         <size>0x30</size>
         <input_file_ref idref="fl-15"/>
      </object_component>
      <object_component id="oc-202">
         <name>.const:g_sCrystalfontz128x128</name>
         <load_address>0x47fc</load_address>
         <run_address>0x47fc</run_address>
         <size>0x28</size>
         <input_file_ref idref="fl-5"/>
      </object_component>
      <object_component id="oc-304">
         <name>.const:g_psDefaultCodePointMapTable</name>
         <load_address>0x4824</load_address>
         <run_address>0x4824</run_address>
         <size>0x10</size>
         <input_file_ref idref="fl-18"/>
      </object_component>
      <object_component id="oc-1da">
         <name>.const:g_pui32VCOFrequencies</name>
         <load_address>0x4834</load_address>
         <run_address>0x4834</run_address>
         <size>0x8</size>
         <input_file_ref idref="fl-15"/>
      </object_component>
      <object_component id="oc-279">
         <name>.const:.string</name>
         <load_address>0x483c</load_address>
         <run_address>0x483c</run_address>
         <size>0x6</size>
         <input_file_ref idref="fl-2"/>
      </object_component>
      <object_component id="oc-654">
         <name>.cinit..data.load</name>
         <load_address>0x4848</load_address>
         <run_address>0x4848</run_address>
         <size>0x1b</size>
      </object_component>
      <object_component id="oc-652">
         <name>__TI_handler_table</name>
         <load_address>0x4864</load_address>
         <run_address>0x4864</run_address>
         <size>0xc</size>
      </object_component>
      <object_component id="oc-655">
         <name>.cinit..bss.load</name>
         <load_address>0x4870</load_address>
         <run_address>0x4870</run_address>
         <size>0x8</size>
      </object_component>
      <object_component id="oc-653">
         <name>__TI_cinit_table</name>
         <load_address>0x4878</load_address>
         <run_address>0x4878</run_address>
         <size>0x10</size>
      </object_component>
      <object_component id="oc-25">
         <name>.init_array</name>
         <load_address>0x4844</load_address>
         <run_address>0x4844</run_address>
         <size>0x4</size>
         <input_file_ref idref="fl-2"/>
      </object_component>
      <object_component id="oc-656">
         <name>SHT$$INIT_ARRAY$$Limit</name>
         <load_address>0x4848</load_address>
         <run_address>0x4848</run_address>
         <size>0x0</size>
      </object_component>
      <object_component id="oc-14c">
         <name>.data</name>
         <load_address>0x20008018</load_address>
         <run_address>0x20008018</run_address>
         <size>0x9</size>
         <input_file_ref idref="fl-2"/>
      </object_component>
      <object_component id="oc-14f">
         <name>.data:btnStart</name>
         <load_address>0x20008000</load_address>
         <run_address>0x20008000</run_address>
         <size>0x18</size>
         <input_file_ref idref="fl-2"/>
      </object_component>
      <object_component id="oc-470">
         <name>.data:Lcd_buffer</name>
         <load_address>0x20000000</load_address>
         <run_address>0x20000000</run_address>
         <size>0x8000</size>
         <input_file_ref idref="fl-5"/>
      </object_component>
      <object_component id="oc-5c6">
         <name>.data</name>
         <load_address>0x20008024</load_address>
         <run_address>0x20008024</run_address>
         <size>0x4</size>
         <input_file_ref idref="fl-e0"/>
      </object_component>
      <object_component id="oc-d0">
         <name>.bss:btnPlayPause</name>
         <uninitialized>true</uninitialized>
         <run_address>0x20008828</run_address>
         <size>0xb4</size>
         <input_file_ref idref="fl-2"/>
      </object_component>
      <object_component id="oc-d3">
         <name>.bss:btnReset</name>
         <uninitialized>true</uninitialized>
         <run_address>0x200088dc</run_address>
         <size>0xb4</size>
         <input_file_ref idref="fl-2"/>
      </object_component>
      <object_component id="oc-307">
         <name>.bss</name>
         <uninitialized>true</uninitialized>
         <run_address>0x20008990</run_address>
         <size>0x4</size>
         <input_file_ref idref="fl-18"/>
      </object_component>
      <object_component id="oc-2fc">
         <name>.common:Lcd_Orientation</name>
         <uninitialized>true</uninitialized>
         <run_address>0x2000899c</run_address>
         <size>0x1</size>
      </object_component>
      <object_component id="oc-2f3">
         <name>.common:Lcd_ScreenWidth</name>
         <uninitialized>true</uninitialized>
         <run_address>0x20008996</run_address>
         <size>0x2</size>
      </object_component>
      <object_component id="oc-2f6">
         <name>.common:Lcd_ScreenHeigth</name>
         <uninitialized>true</uninitialized>
         <run_address>0x20008994</run_address>
         <size>0x2</size>
      </object_component>
      <object_component id="oc-2f7">
         <name>.common:Lcd_PenSolid</name>
         <uninitialized>true</uninitialized>
         <run_address>0x2000899d</run_address>
         <size>0x1</size>
      </object_component>
      <object_component id="oc-2f8">
         <name>.common:Lcd_FontSolid</name>
         <uninitialized>true</uninitialized>
         <run_address>0x2000899b</run_address>
         <size>0x1</size>
      </object_component>
      <object_component id="oc-2f9">
         <name>.common:Lcd_FlagRead</name>
         <uninitialized>true</uninitialized>
         <run_address>0x2000899a</run_address>
         <size>0x1</size>
      </object_component>
      <object_component id="oc-2fa">
         <name>.common:Lcd_TouchTrim</name>
         <uninitialized>true</uninitialized>
         <run_address>0x20008998</run_address>
         <size>0x2</size>
      </object_component>
      <object_component id="oc-26">
         <name>.stack</name>
         <uninitialized>true</uninitialized>
         <run_address>0x20008028</run_address>
         <size>0x4</size>
         <input_file_ref idref="fl-df"/>
      </object_component>
      <object_component id="oc-658">
         <name>.stack</name>
         <uninitialized>true</uninitialized>
         <run_address>0x20008028</run_address>
         <size>0x0</size>
      </object_component>
      <object_component id="oc-209">
         <name>.debug_info</name>
         <load_address>0x0</load_address>
         <run_address>0x0</run_address>
         <size>0x104e</size>
         <input_file_ref idref="fl-2"/>
      </object_component>
      <object_component id="oc-14d">
         <name>.debug_info</name>
         <load_address>0x104e</load_address>
         <run_address>0x104e</run_address>
         <size>0x136</size>
         <input_file_ref idref="fl-2"/>
      </object_component>
      <object_component id="oc-150">
         <name>.debug_info</name>
         <load_address>0x1184</load_address>
         <run_address>0x1184</run_address>
         <size>0xe3</size>
         <input_file_ref idref="fl-2"/>
      </object_component>
      <object_component id="oc-d1">
         <name>.debug_info</name>
         <load_address>0x1267</load_address>
         <run_address>0x1267</run_address>
         <size>0xeb</size>
         <input_file_ref idref="fl-2"/>
      </object_component>
      <object_component id="oc-d4">
         <name>.debug_info</name>
         <load_address>0x1352</load_address>
         <run_address>0x1352</run_address>
         <size>0xe3</size>
         <input_file_ref idref="fl-2"/>
      </object_component>
      <object_component id="oc-107">
         <name>.debug_info</name>
         <load_address>0x1435</load_address>
         <run_address>0x1435</run_address>
         <size>0x21a</size>
         <input_file_ref idref="fl-2"/>
      </object_component>
      <object_component id="oc-111">
         <name>.debug_info</name>
         <load_address>0x164f</load_address>
         <run_address>0x164f</run_address>
         <size>0x16c</size>
         <input_file_ref idref="fl-2"/>
      </object_component>
      <object_component id="oc-11e">
         <name>.debug_info</name>
         <load_address>0x17bb</load_address>
         <run_address>0x17bb</run_address>
         <size>0x1a0</size>
         <input_file_ref idref="fl-2"/>
      </object_component>
      <object_component id="oc-135">
         <name>.debug_info</name>
         <load_address>0x195b</load_address>
         <run_address>0x195b</run_address>
         <size>0x147</size>
         <input_file_ref idref="fl-2"/>
      </object_component>
      <object_component id="oc-141">
         <name>.debug_info</name>
         <load_address>0x1aa2</load_address>
         <run_address>0x1aa2</run_address>
         <size>0x328</size>
         <input_file_ref idref="fl-2"/>
      </object_component>
      <object_component id="oc-148">
         <name>.debug_info</name>
         <load_address>0x1dca</load_address>
         <run_address>0x1dca</run_address>
         <size>0x264</size>
         <input_file_ref idref="fl-2"/>
      </object_component>
      <object_component id="oc-ba">
         <name>.debug_info</name>
         <load_address>0x202e</load_address>
         <run_address>0x202e</run_address>
         <size>0x5ae</size>
         <input_file_ref idref="fl-2"/>
      </object_component>
      <object_component id="oc-81">
         <name>.debug_info</name>
         <load_address>0x25dc</load_address>
         <run_address>0x25dc</run_address>
         <size>0x161</size>
         <input_file_ref idref="fl-2"/>
      </object_component>
      <object_component id="oc-1b4">
         <name>.debug_info</name>
         <load_address>0x273d</load_address>
         <run_address>0x273d</run_address>
         <size>0x83f</size>
         <input_file_ref idref="fl-2"/>
      </object_component>
      <object_component id="oc-27c">
         <name>.debug_info</name>
         <load_address>0x2f7c</load_address>
         <run_address>0x2f7c</run_address>
         <size>0xd7</size>
         <input_file_ref idref="fl-2"/>
      </object_component>
      <object_component id="oc-158">
         <name>.debug_info</name>
         <load_address>0x3053</load_address>
         <run_address>0x3053</run_address>
         <size>0x1b0</size>
         <input_file_ref idref="fl-2"/>
      </object_component>
      <object_component id="oc-153">
         <name>.debug_info</name>
         <load_address>0x3203</load_address>
         <run_address>0x3203</run_address>
         <size>0x8b</size>
         <input_file_ref idref="fl-2"/>
      </object_component>
      <object_component id="oc-162">
         <name>.debug_info</name>
         <load_address>0x328e</load_address>
         <run_address>0x328e</run_address>
         <size>0x941</size>
         <input_file_ref idref="fl-2"/>
      </object_component>
      <object_component id="oc-281">
         <name>.debug_info</name>
         <load_address>0x3bcf</load_address>
         <run_address>0x3bcf</run_address>
         <size>0x2d6</size>
         <input_file_ref idref="fl-2"/>
      </object_component>
      <object_component id="oc-167">
         <name>.debug_info</name>
         <load_address>0x3ea5</load_address>
         <run_address>0x3ea5</run_address>
         <size>0xbb</size>
         <input_file_ref idref="fl-2"/>
      </object_component>
      <object_component id="oc-2ae">
         <name>.debug_info</name>
         <load_address>0x3f60</load_address>
         <run_address>0x3f60</run_address>
         <size>0x2a1</size>
         <input_file_ref idref="fl-2"/>
      </object_component>
      <object_component id="oc-349">
         <name>.debug_info</name>
         <load_address>0x4201</load_address>
         <run_address>0x4201</run_address>
         <size>0xfe</size>
         <input_file_ref idref="fl-2"/>
      </object_component>
      <object_component id="oc-34e">
         <name>.debug_info</name>
         <load_address>0x42ff</load_address>
         <run_address>0x42ff</run_address>
         <size>0x35</size>
         <input_file_ref idref="fl-2"/>
      </object_component>
      <object_component id="oc-15d">
         <name>.debug_info</name>
         <load_address>0x4334</load_address>
         <run_address>0x4334</run_address>
         <size>0x38c</size>
         <input_file_ref idref="fl-2"/>
      </object_component>
      <object_component id="oc-43">
         <name>.debug_info</name>
         <load_address>0x46c0</load_address>
         <run_address>0x46c0</run_address>
         <size>0x2b2</size>
         <input_file_ref idref="fl-3"/>
      </object_component>
      <object_component id="oc-14">
         <name>.debug_info</name>
         <load_address>0x4972</load_address>
         <run_address>0x4972</run_address>
         <size>0xf1</size>
         <input_file_ref idref="fl-3"/>
      </object_component>
      <object_component id="oc-2a">
         <name>.debug_info</name>
         <load_address>0x4a63</load_address>
         <run_address>0x4a63</run_address>
         <size>0x121</size>
         <input_file_ref idref="fl-3"/>
      </object_component>
      <object_component id="oc-33">
         <name>.debug_info</name>
         <load_address>0x4b84</load_address>
         <run_address>0x4b84</run_address>
         <size>0x10f</size>
         <input_file_ref idref="fl-3"/>
      </object_component>
      <object_component id="oc-3f">
         <name>.debug_info</name>
         <load_address>0x4c93</load_address>
         <run_address>0x4c93</run_address>
         <size>0x12a</size>
         <input_file_ref idref="fl-3"/>
      </object_component>
      <object_component id="oc-38">
         <name>.debug_info</name>
         <load_address>0x4dbd</load_address>
         <run_address>0x4dbd</run_address>
         <size>0x115</size>
         <input_file_ref idref="fl-3"/>
      </object_component>
      <object_component id="oc-8d">
         <name>.debug_info</name>
         <load_address>0x4ed2</load_address>
         <run_address>0x4ed2</run_address>
         <size>0x26b</size>
         <input_file_ref idref="fl-3"/>
      </object_component>
      <object_component id="oc-4a">
         <name>.debug_info</name>
         <load_address>0x513d</load_address>
         <run_address>0x513d</run_address>
         <size>0x84</size>
         <input_file_ref idref="fl-3"/>
      </object_component>
      <object_component id="oc-d7">
         <name>.debug_info</name>
         <load_address>0x51c1</load_address>
         <run_address>0x51c1</run_address>
         <size>0x2a4</size>
         <input_file_ref idref="fl-3"/>
      </object_component>
      <object_component id="oc-92">
         <name>.debug_info</name>
         <load_address>0x5465</load_address>
         <run_address>0x5465</run_address>
         <size>0xbb</size>
         <input_file_ref idref="fl-3"/>
      </object_component>
      <object_component id="oc-1b9">
         <name>.debug_info</name>
         <load_address>0x5520</load_address>
         <run_address>0x5520</run_address>
         <size>0x5aa</size>
         <input_file_ref idref="fl-4"/>
      </object_component>
      <object_component id="oc-1ae">
         <name>.debug_info</name>
         <load_address>0x5aca</load_address>
         <run_address>0x5aca</run_address>
         <size>0x12b</size>
         <input_file_ref idref="fl-4"/>
      </object_component>
      <object_component id="oc-1ab">
         <name>.debug_info</name>
         <load_address>0x5bf5</load_address>
         <run_address>0x5bf5</run_address>
         <size>0x139</size>
         <input_file_ref idref="fl-4"/>
      </object_component>
      <object_component id="oc-1b1">
         <name>.debug_info</name>
         <load_address>0x5d2e</load_address>
         <run_address>0x5d2e</run_address>
         <size>0x141</size>
         <input_file_ref idref="fl-4"/>
      </object_component>
      <object_component id="oc-cb">
         <name>.debug_info</name>
         <load_address>0x5e6f</load_address>
         <run_address>0x5e6f</run_address>
         <size>0x2fc</size>
         <input_file_ref idref="fl-4"/>
      </object_component>
      <object_component id="oc-3be">
         <name>.debug_info</name>
         <load_address>0x616b</load_address>
         <run_address>0x616b</run_address>
         <size>0x230</size>
         <input_file_ref idref="fl-4"/>
      </object_component>
      <object_component id="oc-242">
         <name>.debug_info</name>
         <load_address>0x639b</load_address>
         <run_address>0x639b</run_address>
         <size>0x223</size>
         <input_file_ref idref="fl-4"/>
      </object_component>
      <object_component id="oc-3ac">
         <name>.debug_info</name>
         <load_address>0x65be</load_address>
         <run_address>0x65be</run_address>
         <size>0x24c</size>
         <input_file_ref idref="fl-4"/>
      </object_component>
      <object_component id="oc-3c4">
         <name>.debug_info</name>
         <load_address>0x680a</load_address>
         <run_address>0x680a</run_address>
         <size>0x1f8</size>
         <input_file_ref idref="fl-4"/>
      </object_component>
      <object_component id="oc-222">
         <name>.debug_info</name>
         <load_address>0x6a02</load_address>
         <run_address>0x6a02</run_address>
         <size>0x271</size>
         <input_file_ref idref="fl-4"/>
      </object_component>
      <object_component id="oc-23c">
         <name>.debug_info</name>
         <load_address>0x6c73</load_address>
         <run_address>0x6c73</run_address>
         <size>0x23e</size>
         <input_file_ref idref="fl-4"/>
      </object_component>
      <object_component id="oc-248">
         <name>.debug_info</name>
         <load_address>0x6eb1</load_address>
         <run_address>0x6eb1</run_address>
         <size>0x3e1</size>
         <input_file_ref idref="fl-4"/>
      </object_component>
      <object_component id="oc-129">
         <name>.debug_info</name>
         <load_address>0x7292</load_address>
         <run_address>0x7292</run_address>
         <size>0x29c</size>
         <input_file_ref idref="fl-4"/>
      </object_component>
      <object_component id="oc-228">
         <name>.debug_info</name>
         <load_address>0x752e</load_address>
         <run_address>0x752e</run_address>
         <size>0x22a</size>
         <input_file_ref idref="fl-4"/>
      </object_component>
      <object_component id="oc-22f">
         <name>.debug_info</name>
         <load_address>0x7758</load_address>
         <run_address>0x7758</run_address>
         <size>0x222</size>
         <input_file_ref idref="fl-4"/>
      </object_component>
      <object_component id="oc-13b">
         <name>.debug_info</name>
         <load_address>0x797a</load_address>
         <run_address>0x797a</run_address>
         <size>0x216</size>
         <input_file_ref idref="fl-4"/>
      </object_component>
      <object_component id="oc-12f">
         <name>.debug_info</name>
         <load_address>0x7b90</load_address>
         <run_address>0x7b90</run_address>
         <size>0x214</size>
         <input_file_ref idref="fl-4"/>
      </object_component>
      <object_component id="oc-2f4">
         <name>.debug_info</name>
         <load_address>0x7da4</load_address>
         <run_address>0x7da4</run_address>
         <size>0x72d</size>
         <input_file_ref idref="fl-5"/>
      </object_component>
      <object_component id="oc-471">
         <name>.debug_info</name>
         <load_address>0x84d1</load_address>
         <run_address>0x84d1</run_address>
         <size>0x133</size>
         <input_file_ref idref="fl-5"/>
      </object_component>
      <object_component id="oc-203">
         <name>.debug_info</name>
         <load_address>0x8604</load_address>
         <run_address>0x8604</run_address>
         <size>0x14c</size>
         <input_file_ref idref="fl-5"/>
      </object_component>
      <object_component id="oc-1eb">
         <name>.debug_info</name>
         <load_address>0x8750</load_address>
         <run_address>0x8750</run_address>
         <size>0x2e0</size>
         <input_file_ref idref="fl-5"/>
      </object_component>
      <object_component id="oc-46b">
         <name>.debug_info</name>
         <load_address>0x8a30</load_address>
         <run_address>0x8a30</run_address>
         <size>0x381</size>
         <input_file_ref idref="fl-5"/>
      </object_component>
      <object_component id="oc-334">
         <name>.debug_info</name>
         <load_address>0x8db1</load_address>
         <run_address>0x8db1</run_address>
         <size>0x301</size>
         <input_file_ref idref="fl-5"/>
      </object_component>
      <object_component id="oc-33a">
         <name>.debug_info</name>
         <load_address>0x90b2</load_address>
         <run_address>0x90b2</run_address>
         <size>0x27e</size>
         <input_file_ref idref="fl-5"/>
      </object_component>
      <object_component id="oc-323">
         <name>.debug_info</name>
         <load_address>0x9330</load_address>
         <run_address>0x9330</run_address>
         <size>0x414</size>
         <input_file_ref idref="fl-5"/>
      </object_component>
      <object_component id="oc-31c">
         <name>.debug_info</name>
         <load_address>0x9744</load_address>
         <run_address>0x9744</run_address>
         <size>0x2a1</size>
         <input_file_ref idref="fl-5"/>
      </object_component>
      <object_component id="oc-32f">
         <name>.debug_info</name>
         <load_address>0x99e5</load_address>
         <run_address>0x99e5</run_address>
         <size>0x2c7</size>
         <input_file_ref idref="fl-5"/>
      </object_component>
      <object_component id="oc-328">
         <name>.debug_info</name>
         <load_address>0x9cac</load_address>
         <run_address>0x9cac</run_address>
         <size>0x2ed</size>
         <input_file_ref idref="fl-5"/>
      </object_component>
      <object_component id="oc-2ee">
         <name>.debug_info</name>
         <load_address>0x9f99</load_address>
         <run_address>0x9f99</run_address>
         <size>0x2db</size>
         <input_file_ref idref="fl-5"/>
      </object_component>
      <object_component id="oc-1e6">
         <name>.debug_info</name>
         <load_address>0xa274</load_address>
         <run_address>0xa274</run_address>
         <size>0x416</size>
         <input_file_ref idref="fl-5"/>
      </object_component>
      <object_component id="oc-476">
         <name>.debug_info</name>
         <load_address>0xa68a</load_address>
         <run_address>0xa68a</run_address>
         <size>0x6bd</size>
         <input_file_ref idref="fl-5"/>
      </object_component>
      <object_component id="oc-468">
         <name>.debug_info</name>
         <load_address>0xad47</load_address>
         <run_address>0xad47</run_address>
         <size>0x6ed</size>
         <input_file_ref idref="fl-6"/>
      </object_component>
      <object_component id="oc-2ea">
         <name>.debug_info</name>
         <load_address>0xb434</load_address>
         <run_address>0xb434</run_address>
         <size>0x26b</size>
         <input_file_ref idref="fl-6"/>
      </object_component>
      <object_component id="oc-2e4">
         <name>.debug_info</name>
         <load_address>0xb69f</load_address>
         <run_address>0xb69f</run_address>
         <size>0x2c2</size>
         <input_file_ref idref="fl-6"/>
      </object_component>
      <object_component id="oc-2dd">
         <name>.debug_info</name>
         <load_address>0xb961</load_address>
         <run_address>0xb961</run_address>
         <size>0x2ed</size>
         <input_file_ref idref="fl-6"/>
      </object_component>
      <object_component id="oc-2d8">
         <name>.debug_info</name>
         <load_address>0xbc4e</load_address>
         <run_address>0xbc4e</run_address>
         <size>0x376</size>
         <input_file_ref idref="fl-6"/>
      </object_component>
      <object_component id="oc-20c">
         <name>.debug_info</name>
         <load_address>0xbfc4</load_address>
         <run_address>0xbfc4</run_address>
         <size>0x5fa</size>
         <input_file_ref idref="fl-9"/>
      </object_component>
      <object_component id="oc-216">
         <name>.debug_info</name>
         <load_address>0xc5be</load_address>
         <run_address>0xc5be</run_address>
         <size>0x245</size>
         <input_file_ref idref="fl-9"/>
      </object_component>
      <object_component id="oc-117">
         <name>.debug_info</name>
         <load_address>0xc803</load_address>
         <run_address>0xc803</run_address>
         <size>0x207</size>
         <input_file_ref idref="fl-9"/>
      </object_component>
      <object_component id="oc-10b">
         <name>.debug_info</name>
         <load_address>0xca0a</load_address>
         <run_address>0xca0a</run_address>
         <size>0x1e9</size>
         <input_file_ref idref="fl-9"/>
      </object_component>
      <object_component id="oc-356">
         <name>.debug_info</name>
         <load_address>0xcbf3</load_address>
         <run_address>0xcbf3</run_address>
         <size>0x1e7</size>
         <input_file_ref idref="fl-9"/>
      </object_component>
      <object_component id="oc-4a5">
[...]
      </symbol>
      <symbol id="sm-229">
         <name>_ZN6Button8debounceEb</name>
         <value>0x3595</value>
         <object_component_ref idref="oc-241"/>
      </symbol>
      <symbol id="sm-22a">
         <name>_ZN6Button12readPhysicalEv</name>
         <value>0x3b81</value>
         <object_component_ref idref="oc-23b"/>
      </symbol>
      <symbol id="sm-2d4">
         <name>Lcd_Orientation</name>
         <value>0x2000899c</value>
      </symbol>
      <symbol id="sm-2d5">
         <name>Lcd_ScreenWidth</name>
         <value>0x20008996</value>
      </symbol>
      <symbol id="sm-2d6">
         <name>Lcd_ScreenHeigth</name>
         <value>0x20008994</value>
      </symbol>
      <symbol id="sm-2d7">
         <name>Lcd_PenSolid</name>
         <value>0x2000899d</value>
      </symbol>
      <symbol id="sm-2d8">
         <name>Lcd_FontSolid</name>
         <value>0x2000899b</value>
      </symbol>
      <symbol id="sm-2d9">
         <name>Lcd_FlagRead</name>
         <value>0x2000899a</value>
      </symbol>
      <symbol id="sm-2da">
         <name>Lcd_TouchTrim</name>
         <value>0x20008998</value>
      </symbol>
      <symbol id="sm-2db">
         <name>Lcd_buffer</name>
         <value>0x20000000</value>
         <object_component_ref idref="oc-470"/>
      </symbol>
      <symbol id="sm-2dc">
         <name>Crystalfontz128x128_SetDrawFrame</name>
         <value>0x2af1</value>
         <object_component_ref idref="oc-46a"/>
      </symbol>
      <symbol id="sm-2dd">
         <name>Crystalfontz128x128_SetOrientation</name>
         <value>0x3735</value>
         <object_component_ref idref="oc-1ea"/>
      </symbol>
      <symbol id="sm-2de">
         <name>g_sCrystalfontz128x128</name>
         <value>0x47fc</value>
         <object_component_ref idref="oc-202"/>
      </symbol>
      <symbol id="sm-2df">
         <name>Crystalfontz128x128_Init</name>
         <value>0x27a5</value>
         <object_component_ref idref="oc-1e4"/>
      </symbol>
      <symbol id="sm-31c">
         <name>HAL_LCD_writeData</name>
         <value>0x3c8d</value>
         <object_component_ref idref="oc-2e7"/>
      </symbol>
      <symbol id="sm-31d">
         <name>HAL_LCD_SpiInit</name>
         <value>0x2d8d</value>
         <object_component_ref idref="oc-2da"/>
      </symbol>
      <symbol id="sm-31e">
         <name>HAL_LCD_PortInit</name>
         <value>0x2d11</value>
         <object_component_ref idref="oc-2d4"/>
      </symbol>
      <symbol id="sm-31f">
         <name>HAL_LCD_writeCommand</name>
         <value>0x36b1</value>
         <object_component_ref idref="oc-2e0"/>
      </symbol>
      <symbol id="sm-394">
         <name>_ZNK5Timer6microsEv</name>
         <value>0x341d</value>
         <object_component_ref idref="oc-215"/>
      </symbol>
      <symbol id="sm-395">
         <name>_ZN5Timer10isWideBaseEj</name>
         <value>0x39e1</value>
         <object_component_ref idref="oc-355"/>
      </symbol>
      <symbol id="sm-396">
         <name>_ZN5TimerC1Ev</name>
         <value>0x3d49</value>
         <object_component_ref idref="oc-10a"/>
      </symbol>
      <symbol id="sm-397">
         <name>_ZN5Timer23enablePeripheralForBaseEj</name>
         <value>0x1d15</value>
         <object_component_ref idref="oc-35b"/>
      </symbol>
      <symbol id="sm-398">
         <name>_ZN5Timer5beginEjj</name>
         <value>0x2915</value>
         <object_component_ref idref="oc-20e"/>
      </symbol>
      <symbol id="sm-399">
         <name>_ZN5TimerC2Ev</name>
         <value>0x3d49</value>
         <object_component_ref idref="oc-10a"/>
      </symbol>
      <symbol id="sm-39a">
         <name>_ZNK5Timer6millisEv</name>
         <value>0x3e37</value>
         <object_component_ref idref="oc-116"/>
      </symbol>
      <symbol id="sm-3c8">
         <name>FPULazyStackingEnable</name>
         <value>0x3e6d</value>
         <object_component_ref idref="oc-f8"/>
      </symbol>
      <symbol id="sm-3c9">
         <name>FPUEnable</name>
         <value>0x3e5d</value>
         <object_component_ref idref="oc-f2"/>
      </symbol>
      <symbol id="sm-423">
         <name>GPIOPinConfigure</name>
         <value>0x33d1</value>
         <object_component_ref idref="oc-43b"/>
      </symbol>
      <symbol id="sm-424">
         <name>GPIOPinTypeGPIOInput</name>
         <value>0x3d79</value>
         <object_component_ref idref="oc-3a5"/>
      </symbol>
      <symbol id="sm-425">
         <name>GPIOPinTypeGPIOOutput</name>
         <value>0x3cfd</value>
         <object_component_ref idref="oc-441"/>
      </symbol>
      <symbol id="sm-426">
         <name>GPIOPinRead</name>
         <value>0x3f1d</value>
         <object_component_ref idref="oc-3b5"/>
      </symbol>
      <symbol id="sm-427">
         <name>GPIODirModeSet</name>
         <value>0x3b29</value>
         <object_component_ref idref="oc-4b7"/>
      </symbol>
      <symbol id="sm-428">
         <name>GPIOPinWrite</name>
         <value>0x3f23</value>
         <object_component_ref idref="oc-454"/>
      </symbol>
      <symbol id="sm-429">
         <name>GPIOPadConfigSet</name>
         <value>0x1ba9</value>
         <object_component_ref idref="oc-4bd"/>
      </symbol>
      <symbol id="sm-42a">
         <name>GPIOPinTypeSSI</name>
         <value>0x3d8f</value>
         <object_component_ref idref="oc-435"/>
      </symbol>
      <symbol id="sm-43e">
         <name>IntMasterDisable</name>
         <value>0x3e7d</value>
         <object_component_ref idref="oc-ec"/>
      </symbol>
      <symbol id="sm-43f">
         <name>IntMasterEnable</name>
         <value>0x3e8d</value>
         <object_component_ref idref="oc-122"/>
      </symbol>
      <symbol id="sm-466">
         <name>SSIDataPut</name>
         <value>0x3ed1</value>
         <object_component_ref idref="oc-461"/>
      </symbol>
      <symbol id="sm-467">
         <name>SSIConfigSetExpClk</name>
         <value>0x382d</value>
         <object_component_ref idref="oc-448"/>
      </symbol>
      <symbol id="sm-468">
         <name>SSIEnable</name>
         <value>0x3edb</value>
         <object_component_ref idref="oc-44e"/>
      </symbol>
      <symbol id="sm-469">
         <name>SSIBusy</name>
         <value>0x3f0b</value>
         <object_component_ref idref="oc-45b"/>
      </symbol>
      <symbol id="sm-4e4">
         <name>SysCtlDelay</name>
         <value>0x3f35</value>
         <object_component_ref idref="oc-2e6"/>
      </symbol>
      <symbol id="sm-4e5">
         <name>SysCtlPeripheralEnable</name>
         <value>0x3949</value>
         <object_component_ref idref="oc-399"/>
      </symbol>
      <symbol id="sm-4e6">
         <name>SysCtlPeripheralReady</name>
         <value>0x38a1</value>
         <object_component_ref idref="oc-39f"/>
      </symbol>
      <symbol id="sm-4e7">
         <name>SysCtlClockFreqSet</name>
         <value>0x1115</value>
         <object_component_ref idref="oc-fe"/>
      </symbol>
      <symbol id="sm-536">
         <name>TimerLoadSet</name>
         <value>0x3e25</value>
         <object_component_ref idref="oc-373"/>
      </symbol>
      <symbol id="sm-537">
         <name>TimerDisable</name>
         <value>0x3d31</value>
         <object_component_ref idref="oc-361"/>
      </symbol>
      <symbol id="sm-538">
         <name>TimerEnable</name>
         <value>0x3e9d</value>
         <object_component_ref idref="oc-379"/>
      </symbol>
      <symbol id="sm-539">
         <name>TimerValueGet64</name>
         <value>0x3dbb</value>
         <object_component_ref idref="oc-38b"/>
      </symbol>
      <symbol id="sm-53a">
         <name>TimerValueGet</name>
         <value>0x3ee5</value>
         <object_component_ref idref="oc-37f"/>
      </symbol>
      <symbol id="sm-53b">
         <name>TimerClockSourceSet</name>
         <value>0x3f3b</value>
         <object_component_ref idref="oc-367"/>
      </symbol>
      <symbol id="sm-53c">
         <name>TimerLoadSet64</name>
         <value>0x3f41</value>
         <object_component_ref idref="oc-385"/>
      </symbol>
      <symbol id="sm-53d">
         <name>TimerConfigure</name>
         <value>0x3169</value>
         <object_component_ref idref="oc-36d"/>
      </symbol>
      <symbol id="sm-54f">
         <name>CPUcpsie</name>
         <value>0x3ec5</value>
         <object_component_ref idref="oc-234"/>
      </symbol>
      <symbol id="sm-550">
         <name>CPUcpsid</name>
         <value>0x3eb9</value>
         <object_component_ref idref="oc-1bf"/>
      </symbol>
      <symbol id="sm-574">
         <name>GrContextInit</name>
         <value>0x2f65</value>
         <object_component_ref idref="oc-1f0"/>
      </symbol>
      <symbol id="sm-575">
         <name>g_psDefaultCodePointMapTable</name>
         <value>0x4824</value>
         <object_component_ref idref="oc-304"/>
      </symbol>
      <symbol id="sm-58c">
         <name>GrRectFill</name>
         <value>0x2b7d</value>
         <object_component_ref idref="oc-1fc"/>
      </symbol>
      <symbol id="sm-58d">
         <name>GrRectDraw</name>
         <value>0x309d</value>
         <object_component_ref idref="oc-270"/>
      </symbol>
      <symbol id="sm-631">
         <name>GrFontInfoGet</name>
         <value>0x3bab</value>
         <object_component_ref idref="oc-3d6"/>
      </symbol>
      <symbol id="sm-632">
         <name>GrDefaultStringRenderer</name>
         <value>0x26e5</value>
         <object_component_ref idref="oc-2fe"/>
      </symbol>
      <symbol id="sm-633">
         <name>GrFontGlyphRender</name>
         <value>0xec1</value>
         <object_component_ref idref="oc-47b"/>
      </symbol>
      <symbol id="sm-634">
         <name>GrContextFontSet</name>
         <value>0x3f29</value>
         <object_component_ref idref="oc-1f6"/>
      </symbol>
      <symbol id="sm-635">
         <name>GrFontGlyphDataGet</name>
         <value>0x3bd1</value>
         <object_component_ref idref="oc-3d0"/>
      </symbol>
      <symbol id="sm-636">
         <name>GrStringDraw</name>
         <value>0x3da5</value>
         <object_component_ref idref="oc-25d"/>
      </symbol>
      <symbol id="sm-637">
         <name>GrFontCodepageGet</name>
         <value>0x3c53</value>
         <object_component_ref idref="oc-48e"/>
      </symbol>
      <symbol id="sm-638">
         <name>GrStringNextCharGet</name>
         <value>0x3a71</value>
         <object_component_ref idref="oc-3ca"/>
      </symbol>
      <symbol id="sm-639">
         <name>GrStringWidthGet</name>
         <value>0x2fcd</value>
         <object_component_ref idref="oc-251"/>
      </symbol>
      <symbol id="sm-63a">
         <name>GrFontBaselineGet</name>
         <value>0x3b55</value>
         <object_component_ref idref="oc-257"/>
      </symbol>
      <symbol id="sm-64c">
         <name>g_sFontFixed6x8</name>
         <value>0x4508</value>
         <object_component_ref idref="oc-205"/>
      </symbol>
      <symbol id="sm-659">
         <name>GrMapISO8859_1_Unicode</name>
         <value>0x3f03</value>
         <object_component_ref idref="oc-482"/>
      </symbol>
      <symbol id="sm-672">
         <name>GrLineDrawH</name>
         <value>0x3625</value>
         <object_component_ref idref="oc-404"/>
      </symbol>
      <symbol id="sm-673">
         <name>GrLineDrawV</name>
         <value>0x366b</value>
         <object_component_ref idref="oc-40a"/>
      </symbol>
      <symbol id="sm-6ba">
         <name>snprintf</name>
         <value>0x34b5</value>
         <object_component_ref idref="oc-263"/>
      </symbol>
      <symbol id="sm-6d5">
         <name>memcpy</name>
         <value>0x29bd</value>
         <object_component_ref idref="oc-4f"/>
      </symbol>
      <symbol id="sm-6d6">
         <name>__aeabi_memcpy</name>
         <value>0x29bd</value>
         <object_component_ref idref="oc-4f"/>
      </symbol>
      <symbol id="sm-6d7">
         <name>__aeabi_memcpy8</name>
         <value>0x29bd</value>
         <object_component_ref idref="oc-4f"/>
      </symbol>
      <symbol id="sm-6d8">
         <name>__aeabi_memcpy4</name>
         <value>0x29bd</value>
         <object_component_ref idref="oc-4f"/>
      </symbol>
      <symbol id="sm-6e7">
         <name>__aeabi_memset</name>
         <value>0x2e0b</value>
         <object_component_ref idref="oc-ac"/>
      </symbol>
      <symbol id="sm-6e8">
         <name>memset</name>
         <value>0x2e11</value>
         <object_component_ref idref="oc-ac"/>
      </symbol>
      <symbol id="sm-6e9">
         <name>__aeabi_memset8</name>
         <value>0x2e0b</value>
         <object_component_ref idref="oc-ac"/>
      </symbol>
      <symbol id="sm-6ea">
         <name>__aeabi_memset4</name>
         <value>0x2e0b</value>
         <object_component_ref idref="oc-ac"/>
      </symbol>
      <symbol id="sm-6eb">
         <name>__aeabi_memclr8</name>
         <value>0x2e09</value>
         <object_component_ref idref="oc-ac"/>
      </symbol>
      <symbol id="sm-6ec">
         <name>__aeabi_memclr4</name>
         <value>0x2e09</value>
         <object_component_ref idref="oc-ac"/>
      </symbol>
      <symbol id="sm-6ed">
         <name>__aeabi_memclr</name>
         <value>0x2e09</value>
         <object_component_ref idref="oc-ac"/>
      </symbol>
      <symbol id="sm-6fa">
         <name>__aeabi_uldivmod</name>
         <value>0x2a59</value>
         <object_component_ref idref="oc-21b"/>
      </symbol>
      <symbol id="sm-713">
         <name>__TI_zero_init_nomemset</name>
         <value>0x3cc5</value>
         <object_component_ref idref="oc-5b"/>
      </symbol>
      <symbol id="sm-72a">
         <name>__TI_decompress_none</name>
         <value>0x3eab</value>
         <object_component_ref idref="oc-1c"/>
      </symbol>
      <symbol id="sm-74d">
         <name>__TI_decompress_lzss</name>
         <value>0x3035</value>
         <object_component_ref idref="oc-16"/>
      </symbol>
      <symbol id="sm-75d">
         <name>strncpy</name>
         <value>0x3911</value>
         <object_component_ref idref="oc-269"/>
      </symbol>
      <symbol id="sm-770">
         <name>__stack</name>
         <value>0x20008028</value>
         <object_component_ref idref="oc-26"/>
      </symbol>
      <symbol id="sm-771">
         <name>_c_int00_noargs</name>
         <value>0x397d</value>
         <object_component_ref idref="oc-6d"/>
      </symbol>
      <symbol id="sm-787">
         <name>__aeabi_errno_addr</name>
         <value>0x3f15</value>
         <object_component_ref idref="oc-513"/>
      </symbol>
      <symbol id="sm-788">
         <name>errno</name>
         <value>0x20008024</value>
         <object_component_ref idref="oc-5c6"/>
      </symbol>
      <symbol id="sm-8ed">
         <name>__TI_printfi</name>
         <value>0x201</value>
         <object_component_ref idref="oc-3df"/>
      </symbol>
      <symbol id="sm-8f7">
         <name>__aeabi_idiv0</name>
         <value>0x1ba7</value>
         <object_component_ref idref="oc-393"/>
      </symbol>
      <symbol id="sm-8f8">
         <name>__aeabi_ldiv0</name>
         <value>0x1ba7</value>
         <object_component_ref idref="oc-393"/>
      </symbol>
      <symbol id="sm-90f">
         <name>__aeabi_dsub</name>
         <value>0x16bd</value>
         <object_component_ref idref="oc-58a"/>
      </symbol>
      <symbol id="sm-910">
         <name>__aeabi_dadd</name>
         <value>0x16c7</value>
         <object_component_ref idref="oc-58a"/>
      </symbol>
      <symbol id="sm-932">
         <name>__aeabi_cdcmpeq</name>
         <value>0x2c03</value>
         <object_component_ref idref="oc-4ea"/>
      </symbol>
      <symbol id="sm-933">
         <name>__aeabi_cdcmple</name>
         <value>0x2c03</value>
         <object_component_ref idref="oc-4ea"/>
      </symbol>
      <symbol id="sm-934">
         <name>__aeabi_cdrcmple</name>
         <value>0x2c89</value>
         <object_component_ref idref="oc-575"/>
      </symbol>
      <symbol id="sm-948">
         <name>__aeabi_ddiv</name>
         <value>0x20e9</value>
         <object_component_ref idref="oc-570"/>
      </symbol>
      <symbol id="sm-953">
         <name>__aeabi_dmul</name>
         <value>0x2455</value>
         <object_component_ref idref="oc-56b"/>
      </symbol>
      <symbol id="sm-95d">
         <name>__aeabi_d2iz</name>
         <value>0x35dd</value>
         <object_component_ref idref="oc-57a"/>
      </symbol>
      <symbol id="sm-967">
         <name>__aeabi_i2d</name>
         <value>0x3afb</value>
         <object_component_ref idref="oc-585"/>
      </symbol>
      <symbol id="sm-994">
         <name>__TI_auto_init_nobinit</name>
         <value>0x31c9</value>
         <object_component_ref idref="oc-17e"/>
      </symbol>
      <symbol id="sm-99e">
         <name>_system_pre_init</name>
         <value>0x3f53</value>
         <object_component_ref idref="oc-b2"/>
      </symbol>
      <symbol id="sm-9aa">
         <name>C$$EXIT</name>
         <value>0x3f57</value>
         <object_component_ref idref="oc-16c"/>
      </symbol>
      <symbol id="sm-9ab">
         <name>abort</name>
         <value>0x3f57</value>
         <object_component_ref idref="oc-16c"/>
      </symbol>
      <symbol id="sm-9bb">
         <name>__TI_ltoa</name>
         <value>0x32d9</value>
         <object_component_ref idref="oc-57f"/>
      </symbol>
      <symbol id="sm-9d2">
         <name>atoi</name>
         <value>0x3469</value>
         <object_component_ref idref="oc-4de"/>
      </symbol>
      <symbol id="sm-9dd">
         <name>_ctypes_</name>
         <value>0x4404</value>
         <object_component_ref idref="oc-564"/>
      </symbol>
      <symbol id="sm-9ed">
         <name>memccpy</name>
         <value>0x3ce1</value>
         <object_component_ref idref="oc-507"/>
      </symbol>
      <symbol id="sm-9fd">
         <name>strchr</name>
         <value>0x3dd1</value>
         <object_component_ref idref="oc-5b6"/>
      </symbol>
      <symbol id="sm-a0b">
         <name>strlen</name>
         <value>0x3e11</value>
         <object_component_ref idref="oc-4d8"/>
      </symbol>
      <symbol id="sm-a24">
         <name>wcslen</name>
         <value>0x3e49</value>
         <object_component_ref idref="oc-50d"/>
      </symbol>
      <symbol id="sm-a3a">
         <name>frexpl</name>
         <value>0x3105</value>
         <object_component_ref idref="oc-5aa"/>
      </symbol>
      <symbol id="sm-a3b">
         <name>frexp</name>
         <value>0x3105</value>
         <object_component_ref idref="oc-5aa"/>
      </symbol>
      <symbol id="sm-a58">
         <name>scalbn</name>
         <value>0x2345</value>
         <object_component_ref idref="oc-5b0"/>
      </symbol>
      <symbol id="sm-a59">
         <name>scalbnl</name>
         <value>0x2345</value>
         <object_component_ref idref="oc-5b0"/>
      </symbol>
      <symbol id="sm-a5a">
         <name>ldexpl</name>
         <value>0x2345</value>
         <object_component_ref idref="oc-5b0"/>
      </symbol>
      <symbol id="sm-a5b">
         <name>ldexp</name>
         <value>0x2345</value>
         <object_component_ref idref="oc-5b0"/>
      </symbol>
      <symbol id="sm-a65">
         <name>copysign</name>
         <value>0x3d17</value>
         <object_component_ref idref="oc-5f9"/>
      </symbol>
      <symbol id="sm-a66">
         <name>copysignl</name>
         <value>0x3d17</value>
         <object_component_ref idref="oc-5f9"/>
      </symbol>
      <symbol id="sm-a67">
         <name>__TI_static_base__</name>
         <value>0x0</value>
      </symbol>
      <symbol id="sm-a6a">
         <name>__mpu_init</name>
         <value>0x0</value>
      </symbol>
      <symbol id="sm-a6b">
         <name>_system_post_cinit</name>
         <value>0x0</value>
      </symbol>
   </symbol_table>
   <title>Link successful</title>
</link_info>
